Component: ARM Compiler 5.06 update 7 (build 960) Tool: armlink [4d3601]

==============================================================================

Section Cross References

    main.o(i.Task0) refers to main.o(.data) for cout1
    main.o(i.Task1) refers to main.o(.data) for cout2
    main.o(i.Task2) refers to main.o(.data) for cout3
    main.o(i.main) refers to oskernel.o(i.osKernelInit) for osKernelInit
    main.o(i.main) refers to oskernel.o(i.osKernelAddThreads) for osKernelAddThreads
    main.o(i.main) refers to oskernel.o(i.osKernelLaunch) for osKernelLaunch
    main.o(i.main) refers to main.o(i.Task2) for Task2
    main.o(i.main) refers to main.o(i.Task1) for Task1
    main.o(i.main) refers to main.o(i.Task0) for Task0
    oskernel.o(i.osKernelAddThreads) refers to oskernel.o(i.osKernelStackInit) for osKernelStackInit
    oskernel.o(i.osKernelAddThreads) refers to oskernel.o(.bss) for tcbs
    oskernel.o(i.osKernelAddThreads) refers to oskernel.o(.data) for currentPt
    oskernel.o(i.osKernelInit) refers to oskernel.o(.data) for MILLIS_PRESCALER
    oskernel.o(i.osKernelLaunch) refers to oskernel_1.o( .text) for osSchedulerLaunch
    oskernel.o(i.osKernelLaunch) refers to oskernel.o(.data) for MILLIS_PRESCALER
    oskernel.o(i.osKernelStackInit) refers to oskernel.o(.bss) for TCB_STACK
    oskernel_1.o( .text) refers to oskernel.o(.data) for currentPt
    arm_startup_nrf52840.o(STACK) refers (Special) to heapauxi.o(.text) for __use_two_region_memory
    arm_startup_nrf52840.o(HEAP) refers (Special) to heapauxi.o(.text) for __use_two_region_memory
    arm_startup_nrf52840.o(RESET) refers (Special) to heapauxi.o(.text) for __use_two_region_memory
    arm_startup_nrf52840.o(RESET) refers to arm_startup_nrf52840.o(STACK) for __initial_sp
    arm_startup_nrf52840.o(RESET) refers to arm_startup_nrf52840.o(.text) for Reset_Handler
    arm_startup_nrf52840.o(RESET) refers to oskernel_1.o( .text) for SysTick_Handler
    arm_startup_nrf52840.o(.text) refers (Special) to heapauxi.o(.text) for __use_two_region_memory
    arm_startup_nrf52840.o(.text) refers to system_nrf52.o(i.SystemInit) for SystemInit
    arm_startup_nrf52840.o(.text) refers to __main.o(!!!main) for __main
    arm_startup_nrf52840.o(.text) refers to arm_startup_nrf52840.o(HEAP) for Heap_Mem
    arm_startup_nrf52840.o(.text) refers to arm_startup_nrf52840.o(STACK) for Stack_Mem
    system_nrf52.o(i.SystemCoreClockUpdate) refers to system_nrf52.o(.data) for SystemCoreClock
    system_nrf52.o(i.SystemInit) refers to system_nrf52.o(i.nrf52_errata_36) for nrf52_errata_36
    system_nrf52.o(i.SystemInit) refers to system_nrf52.o(i.nrf52_errata_66) for nrf52_errata_66
    system_nrf52.o(i.SystemInit) refers to system_nrf52.o(i.nrf52_errata_98) for nrf52_errata_98
    system_nrf52.o(i.SystemInit) refers to system_nrf52.o(i.nrf52_errata_103) for nrf52_errata_103
    system_nrf52.o(i.SystemInit) refers to system_nrf52.o(i.nrf52_errata_115) for nrf52_errata_115
    system_nrf52.o(i.SystemInit) refers to system_nrf52.o(i.nrf52_errata_120) for nrf52_errata_120
    system_nrf52.o(i.SystemInit) refers to system_nrf52.o(i.nrf52_errata_136) for nrf52_errata_136
    system_nrf52.o(i.SystemInit) refers to system_nrf52.o(i.nrf52_configuration_249) for nrf52_configuration_249
    system_nrf52.o(i.SystemInit) refers to system_nrf52.o(i.SystemCoreClockUpdate) for SystemCoreClockUpdate
    system_nrf52.o(i.nvmc_config) refers to system_nrf52.o(i.nvmc_wait) for nvmc_wait
    __main.o(!!!main) refers to __rtentry.o(.ARM.Collect$$rtentry$$00000000) for __rt_entry
    __rtentry.o(.ARM.Collect$$rtentry$$00000000) refers (Special) to __rtentry2.o(.ARM.Collect$$rtentry$$0000000A) for __rt_entry_li
    __rtentry.o(.ARM.Collect$$rtentry$$00000000) refers (Special) to __rtentry2.o(.ARM.Collect$$rtentry$$0000000D) for __rt_entry_main
    __rtentry.o(.ARM.Collect$$rtentry$$00000000) refers (Special) to __rtentry2.o(.ARM.Collect$$rtentry$$0000000C) for __rt_entry_postli_1
    __rtentry.o(.ARM.Collect$$rtentry$$00000000) refers (Special) to __rtentry2.o(.ARM.Collect$$rtentry$$00000009) for __rt_entry_postsh_1
    __rtentry.o(.ARM.Collect$$rtentry$$00000000) refers (Special) to __rtentry2.o(.ARM.Collect$$rtentry$$00000002) for __rt_entry_presh_1
    __rtentry.o(.ARM.Collect$$rtentry$$00000000) refers (Special) to __rtentry4.o(.ARM.Collect$$rtentry$$00000004) for __rt_entry_sh
    __rtentry2.o(.ARM.Collect$$rtentry$$00000008) refers to boardinit2.o(.text) for _platform_post_stackheap_init
    __rtentry2.o(.ARM.Collect$$rtentry$$0000000A) refers to libinit.o(.ARM.Collect$$libinit$$00000000) for __rt_lib_init
    __rtentry2.o(.ARM.Collect$$rtentry$$0000000B) refers to boardinit3.o(.text) for _platform_post_lib_init
    __rtentry2.o(.ARM.Collect$$rtentry$$0000000D) refers to main.o(i.main) for main
    __rtentry2.o(.ARM.Collect$$rtentry$$0000000D) refers to exit.o(.text) for exit
    __rtentry2.o(.ARM.exidx) refers to __rtentry2.o(.ARM.Collect$$rtentry$$00000001) for .ARM.Collect$$rtentry$$00000001
    __rtentry2.o(.ARM.exidx) refers to __rtentry2.o(.ARM.Collect$$rtentry$$00000008) for .ARM.Collect$$rtentry$$00000008
    __rtentry2.o(.ARM.exidx) refers to __rtentry2.o(.ARM.Collect$$rtentry$$0000000A) for .ARM.Collect$$rtentry$$0000000A
    __rtentry2.o(.ARM.exidx) refers to __rtentry2.o(.ARM.Collect$$rtentry$$0000000B) for .ARM.Collect$$rtentry$$0000000B
    __rtentry2.o(.ARM.exidx) refers to __rtentry2.o(.ARM.Collect$$rtentry$$0000000D) for .ARM.Collect$$rtentry$$0000000D
    __rtentry4.o(.ARM.Collect$$rtentry$$00000004) refers to sys_stackheap_outer.o(.text) for __user_setup_stackheap
    __rtentry4.o(.ARM.exidx) refers to __rtentry4.o(.ARM.Collect$$rtentry$$00000004) for .ARM.Collect$$rtentry$$00000004
    sys_stackheap_outer.o(.text) refers to libspace.o(.text) for __user_perproc_libspace
    sys_stackheap_outer.o(.text) refers to arm_startup_nrf52840.o(.text) for __user_initial_stackheap
    exit.o(.text) refers to rtexit.o(.ARM.Collect$$rtexit$$00000000) for __rt_exit
    libinit.o(.ARM.Collect$$libinit$$00000000) refers (Special) to libinit2.o(.ARM.Collect$$libinit$$0000002E) for __rt_lib_init_alloca_1
    libinit.o(.ARM.Collect$$libinit$$00000000) refers (Special) to libinit2.o(.ARM.Collect$$libinit$$0000002C) for __rt_lib_init_argv_1
    libinit.o(.ARM.Collect$$libinit$$00000000) refers (Special) to libinit2.o(.ARM.Collect$$libinit$$0000001B) for __rt_lib_init_atexit_1
    libinit.o(.ARM.Collect$$libinit$$00000000) refers (Special) to libinit2.o(.ARM.Collect$$libinit$$00000021) for __rt_lib_init_clock_1
    libinit.o(.ARM.Collect$$libinit$$00000000) refers (Special) to libinit2.o(.ARM.Collect$$libinit$$00000032) for __rt_lib_init_cpp_1
    libinit.o(.ARM.Collect$$libinit$$00000000) refers (Special) to libinit2.o(.ARM.Collect$$libinit$$00000030) for __rt_lib_init_exceptions_1
    libinit.o(.ARM.Collect$$libinit$$00000000) refers (Special) to libinit2.o(.ARM.Collect$$libinit$$00000001) for __rt_lib_init_fp_1
    libinit.o(.ARM.Collect$$libinit$$00000000) refers (Special) to libinit2.o(.ARM.Collect$$libinit$$0000001F) for __rt_lib_init_fp_trap_1
    libinit.o(.ARM.Collect$$libinit$$00000000) refers (Special) to libinit2.o(.ARM.Collect$$libinit$$00000023) for __rt_lib_init_getenv_1
    libinit.o(.ARM.Collect$$libinit$$00000000) refers (Special) to libinit2.o(.ARM.Collect$$libinit$$0000000A) for __rt_lib_init_heap_1
    libinit.o(.ARM.Collect$$libinit$$00000000) refers (Special) to libinit2.o(.ARM.Collect$$libinit$$00000011) for __rt_lib_init_lc_collate_1
    libinit.o(.ARM.Collect$$libinit$$00000000) refers (Special) to libinit2.o(.ARM.Collect$$libinit$$00000013) for __rt_lib_init_lc_ctype_1
    libinit.o(.ARM.Collect$$libinit$$00000000) refers (Special) to libinit2.o(.ARM.Collect$$libinit$$00000015) for __rt_lib_init_lc_monetary_1
    libinit.o(.ARM.Collect$$libinit$$00000000) refers (Special) to libinit2.o(.ARM.Collect$$libinit$$00000017) for __rt_lib_init_lc_numeric_1
    libinit.o(.ARM.Collect$$libinit$$00000000) refers (Special) to libinit2.o(.ARM.Collect$$libinit$$00000019) for __rt_lib_init_lc_time_1
    libinit.o(.ARM.Collect$$libinit$$00000000) refers (Special) to libinit2.o(.ARM.Collect$$libinit$$00000004) for __rt_lib_init_preinit_1
    libinit.o(.ARM.Collect$$libinit$$00000000) refers (Special) to libinit2.o(.ARM.Collect$$libinit$$0000000E) for __rt_lib_init_rand_1
    libinit.o(.ARM.Collect$$libinit$$00000000) refers (Special) to libinit2.o(.ARM.Collect$$libinit$$00000033) for __rt_lib_init_return
    libinit.o(.ARM.Collect$$libinit$$00000000) refers (Special) to libinit2.o(.ARM.Collect$$libinit$$0000001D) for __rt_lib_init_signal_1
    libinit.o(.ARM.Collect$$libinit$$00000000) refers (Special) to libinit2.o(.ARM.Collect$$libinit$$00000025) for __rt_lib_init_stdio_1
    libinit.o(.ARM.Collect$$libinit$$00000000) refers (Special) to libinit2.o(.ARM.Collect$$libinit$$0000000C) for __rt_lib_init_user_alloc_1
    libspace.o(.text) refers to libspace.o(.bss) for __libspace_start
    rtexit.o(.ARM.Collect$$rtexit$$00000000) refers (Special) to rtexit2.o(.ARM.Collect$$rtexit$$00000004) for __rt_exit_exit
    rtexit.o(.ARM.Collect$$rtexit$$00000000) refers (Special) to rtexit2.o(.ARM.Collect$$rtexit$$00000003) for __rt_exit_ls
    rtexit.o(.ARM.Collect$$rtexit$$00000000) refers (Special) to rtexit2.o(.ARM.Collect$$rtexit$$00000002) for __rt_exit_prels_1
    rtexit.o(.ARM.exidx) refers (Special) to rtexit2.o(.ARM.Collect$$rtexit$$00000004) for __rt_exit_exit
    rtexit.o(.ARM.exidx) refers (Special) to rtexit2.o(.ARM.Collect$$rtexit$$00000003) for __rt_exit_ls
    rtexit.o(.ARM.exidx) refers (Special) to rtexit2.o(.ARM.Collect$$rtexit$$00000002) for __rt_exit_prels_1
    rtexit.o(.ARM.exidx) refers to rtexit.o(.ARM.Collect$$rtexit$$00000000) for .ARM.Collect$$rtexit$$00000000
    libinit2.o(.ARM.Collect$$libinit$$00000001) refers to fpinit.o(x$fpl$fpinit) for _fp_init
    libinit2.o(.ARM.Collect$$libinit$$00000010) refers to libinit2.o(.ARM.Collect$$libinit$$0000000F) for .ARM.Collect$$libinit$$0000000F
    libinit2.o(.ARM.Collect$$libinit$$00000012) refers to libinit2.o(.ARM.Collect$$libinit$$0000000F) for .ARM.Collect$$libinit$$0000000F
    libinit2.o(.ARM.Collect$$libinit$$00000014) refers to libinit2.o(.ARM.Collect$$libinit$$0000000F) for .ARM.Collect$$libinit$$0000000F
    libinit2.o(.ARM.Collect$$libinit$$00000016) refers to libinit2.o(.ARM.Collect$$libinit$$0000000F) for .ARM.Collect$$libinit$$0000000F
    libinit2.o(.ARM.Collect$$libinit$$00000018) refers to libinit2.o(.ARM.Collect$$libinit$$0000000F) for .ARM.Collect$$libinit$$0000000F
    libinit2.o(.ARM.Collect$$libinit$$00000026) refers to argv_veneer.o(.emb_text) for __ARM_argv_veneer
    libinit2.o(.ARM.Collect$$libinit$$00000027) refers to argv_veneer.o(.emb_text) for __ARM_argv_veneer
    rtexit2.o(.ARM.Collect$$rtexit$$00000003) refers to libshutdown.o(.ARM.Collect$$libshutdown$$00000000) for __rt_lib_shutdown
    rtexit2.o(.ARM.Collect$$rtexit$$00000004) refers to sys_exit.o(.text) for _sys_exit
    rtexit2.o(.ARM.exidx) refers to rtexit2.o(.ARM.Collect$$rtexit$$00000001) for .ARM.Collect$$rtexit$$00000001
    rtexit2.o(.ARM.exidx) refers to rtexit2.o(.ARM.Collect$$rtexit$$00000003) for .ARM.Collect$$rtexit$$00000003
    rtexit2.o(.ARM.exidx) refers to rtexit2.o(.ARM.Collect$$rtexit$$00000004) for .ARM.Collect$$rtexit$$00000004
    argv_veneer.o(.emb_text) refers to no_argv.o(.text) for __ARM_get_argv
    sys_exit.o(.text) refers (Special) to use_no_semi.o(.text) for __I$use$semihosting
    sys_exit.o(.text) refers (Special) to indicate_semi.o(.text) for __semihosting_library_function
    _get_argv_nomalloc.o(.text) refers (Special) to hrguard.o(.text) for __heap_region$guard
    _get_argv_nomalloc.o(.text) refers to defsig_rtmem_outer.o(.text) for __rt_SIGRTMEM
    _get_argv_nomalloc.o(.text) refers to sys_command.o(.text) for _sys_command_string
    libshutdown.o(.ARM.Collect$$libshutdown$$00000000) refers (Special) to libshutdown2.o(.ARM.Collect$$libshutdown$$00000004) for __rt_lib_shutdown_cpp_1
    libshutdown.o(.ARM.Collect$$libshutdown$$00000000) refers (Special) to libshutdown2.o(.ARM.Collect$$libshutdown$$00000002) for __rt_lib_shutdown_fini_1
    libshutdown.o(.ARM.Collect$$libshutdown$$00000000) refers (Special) to libshutdown2.o(.ARM.Collect$$libshutdown$$00000009) for __rt_lib_shutdown_fp_trap_1
    libshutdown.o(.ARM.Collect$$libshutdown$$00000000) refers (Special) to libshutdown2.o(.ARM.Collect$$libshutdown$$00000011) for __rt_lib_shutdown_heap_1
    libshutdown.o(.ARM.Collect$$libshutdown$$00000000) refers (Special) to libshutdown2.o(.ARM.Collect$$libshutdown$$00000012) for __rt_lib_shutdown_return
    libshutdown.o(.ARM.Collect$$libshutdown$$00000000) refers (Special) to libshutdown2.o(.ARM.Collect$$libshutdown$$0000000C) for __rt_lib_shutdown_signal_1
    libshutdown.o(.ARM.Collect$$libshutdown$$00000000) refers (Special) to libshutdown2.o(.ARM.Collect$$libshutdown$$00000006) for __rt_lib_shutdown_stdio_1
    libshutdown.o(.ARM.Collect$$libshutdown$$00000000) refers (Special) to libshutdown2.o(.ARM.Collect$$libshutdown$$0000000E) for __rt_lib_shutdown_user_alloc_1
    sys_command.o(.text) refers (Special) to use_no_semi.o(.text) for __I$use$semihosting
    sys_command.o(.text) refers (Special) to indicate_semi.o(.text) for __semihosting_library_function
    defsig_rtmem_outer.o(.text) refers to defsig_rtmem_inner.o(.text) for __rt_SIGRTMEM_inner
    defsig_rtmem_outer.o(.text) refers to defsig_exit.o(.text) for __sig_exit
    defsig_rtmem_formal.o(.text) refers to rt_raise.o(.text) for __rt_raise
    rt_raise.o(.text) refers to __raise.o(.text) for __raise
    rt_raise.o(.text) refers to sys_exit.o(.text) for _sys_exit
    defsig_exit.o(.text) refers to sys_exit.o(.text) for _sys_exit
    defsig_rtmem_inner.o(.text) refers to defsig_general.o(.text) for __default_signal_display
    __raise.o(.text) refers to defsig.o(CL$$defsig) for __default_signal_handler
    defsig_general.o(.text) refers to sys_wrch.o(.text) for _ttywrch
    sys_wrch.o(.text) refers (Special) to use_no_semi.o(.text) for __I$use$semihosting
    sys_wrch.o(.text) refers (Special) to indicate_semi.o(.text) for __semihosting_library_function
    defsig.o(CL$$defsig) refers to defsig_rtmem_inner.o(.text) for __rt_SIGRTMEM_inner
    defsig_abrt_inner.o(.text) refers to defsig_general.o(.text) for __default_signal_display
    defsig_fpe_inner.o(.text) refers to defsig_general.o(.text) for __default_signal_display
    defsig_rtred_inner.o(.text) refers to defsig_general.o(.text) for __default_signal_display
    defsig_stak_inner.o(.text) refers to defsig_general.o(.text) for __default_signal_display
    defsig_pvfn_inner.o(.text) refers to defsig_general.o(.text) for __default_signal_display
    defsig_cppl_inner.o(.text) refers to defsig_general.o(.text) for __default_signal_display
    defsig_segv_inner.o(.text) refers to defsig_general.o(.text) for __default_signal_display
    defsig_other.o(.text) refers to defsig_general.o(.text) for __default_signal_display


==============================================================================

Removing Unused input sections from the image.

    Removing main.o(.rev16_text), (4 bytes).
    Removing main.o(.revsh_text), (4 bytes).
    Removing main.o(.rrx_text), (6 bytes).
    Removing oskernel.o(.rev16_text), (4 bytes).
    Removing oskernel.o(.revsh_text), (4 bytes).
    Removing oskernel.o(.rrx_text), (6 bytes).
    Removing system_nrf52.o(.rev16_text), (4 bytes).
    Removing system_nrf52.o(.revsh_text), (4 bytes).
    Removing system_nrf52.o(.rrx_text), (6 bytes).
    Removing system_nrf52.o(i.nrf52_configuration_254), (68 bytes).
    Removing system_nrf52.o(i.nrf52_configuration_255), (4 bytes).
    Removing system_nrf52.o(i.nrf52_configuration_256), (4 bytes).
    Removing system_nrf52.o(i.nrf52_configuration_257), (4 bytes).
    Removing system_nrf52.o(i.nrf52_errata_1), (4 bytes).
    Removing system_nrf52.o(i.nrf52_errata_10), (4 bytes).
    Removing system_nrf52.o(i.nrf52_errata_101), (4 bytes).
    Removing system_nrf52.o(i.nrf52_errata_102), (4 bytes).
    Removing system_nrf52.o(i.nrf52_errata_104), (68 bytes).
    Removing system_nrf52.o(i.nrf52_errata_106), (4 bytes).
    Removing system_nrf52.o(i.nrf52_errata_107), (4 bytes).
    Removing system_nrf52.o(i.nrf52_errata_108), (4 bytes).
    Removing system_nrf52.o(i.nrf52_errata_109), (4 bytes).
    Removing system_nrf52.o(i.nrf52_errata_11), (4 bytes).
    Removing system_nrf52.o(i.nrf52_errata_110), (68 bytes).
    Removing system_nrf52.o(i.nrf52_errata_111), (68 bytes).
    Removing system_nrf52.o(i.nrf52_errata_112), (68 bytes).
    Removing system_nrf52.o(i.nrf52_errata_113), (68 bytes).
    Removing system_nrf52.o(i.nrf52_errata_116), (68 bytes).
    Removing system_nrf52.o(i.nrf52_errata_117), (68 bytes).
    Removing system_nrf52.o(i.nrf52_errata_118), (68 bytes).
    Removing system_nrf52.o(i.nrf52_errata_119), (68 bytes).
    Removing system_nrf52.o(i.nrf52_errata_12), (4 bytes).
    Removing system_nrf52.o(i.nrf52_errata_121), (68 bytes).
    Removing system_nrf52.o(i.nrf52_errata_122), (68 bytes).
    Removing system_nrf52.o(i.nrf52_errata_127), (68 bytes).
    Removing system_nrf52.o(i.nrf52_errata_128), (68 bytes).
    Removing system_nrf52.o(i.nrf52_errata_131), (68 bytes).
    Removing system_nrf52.o(i.nrf52_errata_132), (4 bytes).
    Removing system_nrf52.o(i.nrf52_errata_133), (68 bytes).
    Removing system_nrf52.o(i.nrf52_errata_134), (68 bytes).
    Removing system_nrf52.o(i.nrf52_errata_135), (68 bytes).
    Removing system_nrf52.o(i.nrf52_errata_138), (4 bytes).
    Removing system_nrf52.o(i.nrf52_errata_140), (68 bytes).
    Removing system_nrf52.o(i.nrf52_errata_141), (4 bytes).
    Removing system_nrf52.o(i.nrf52_errata_142), (68 bytes).
    Removing system_nrf52.o(i.nrf52_errata_143), (68 bytes).
    Removing system_nrf52.o(i.nrf52_errata_144), (68 bytes).
    Removing system_nrf52.o(i.nrf52_errata_145), (68 bytes).
    Removing system_nrf52.o(i.nrf52_errata_146), (4 bytes).
    Removing system_nrf52.o(i.nrf52_errata_147), (68 bytes).
    Removing system_nrf52.o(i.nrf52_errata_149), (4 bytes).
    Removing system_nrf52.o(i.nrf52_errata_15), (68 bytes).
    Removing system_nrf52.o(i.nrf52_errata_150), (68 bytes).
    Removing system_nrf52.o(i.nrf52_errata_151), (68 bytes).
    Removing system_nrf52.o(i.nrf52_errata_153), (68 bytes).
    Removing system_nrf52.o(i.nrf52_errata_154), (68 bytes).
    Removing system_nrf52.o(i.nrf52_errata_155), (68 bytes).
    Removing system_nrf52.o(i.nrf52_errata_156), (68 bytes).
    Removing system_nrf52.o(i.nrf52_errata_158), (68 bytes).
    Removing system_nrf52.o(i.nrf52_errata_16), (4 bytes).
    Removing system_nrf52.o(i.nrf52_errata_160), (68 bytes).
    Removing system_nrf52.o(i.nrf52_errata_162), (68 bytes).
    Removing system_nrf52.o(i.nrf52_errata_163), (4 bytes).
    Removing system_nrf52.o(i.nrf52_errata_164), (68 bytes).
    Removing system_nrf52.o(i.nrf52_errata_166), (68 bytes).
    Removing system_nrf52.o(i.nrf52_errata_17), (4 bytes).
    Removing system_nrf52.o(i.nrf52_errata_170), (68 bytes).
    Removing system_nrf52.o(i.nrf52_errata_171), (68 bytes).
    Removing system_nrf52.o(i.nrf52_errata_172), (68 bytes).
    Removing system_nrf52.o(i.nrf52_errata_173), (68 bytes).
    Removing system_nrf52.o(i.nrf52_errata_174), (68 bytes).
    Removing system_nrf52.o(i.nrf52_errata_176), (68 bytes).
    Removing system_nrf52.o(i.nrf52_errata_178), (4 bytes).
    Removing system_nrf52.o(i.nrf52_errata_179), (68 bytes).
    Removing system_nrf52.o(i.nrf52_errata_180), (68 bytes).
    Removing system_nrf52.o(i.nrf52_errata_181), (68 bytes).
    Removing system_nrf52.o(i.nrf52_errata_182), (4 bytes).
    Removing system_nrf52.o(i.nrf52_errata_183), (68 bytes).
    Removing system_nrf52.o(i.nrf52_errata_184), (68 bytes).
    Removing system_nrf52.o(i.nrf52_errata_186), (68 bytes).
    Removing system_nrf52.o(i.nrf52_errata_187), (68 bytes).
    Removing system_nrf52.o(i.nrf52_errata_189), (68 bytes).
    Removing system_nrf52.o(i.nrf52_errata_190), (68 bytes).
    Removing system_nrf52.o(i.nrf52_errata_191), (68 bytes).
    Removing system_nrf52.o(i.nrf52_errata_192), (68 bytes).
    Removing system_nrf52.o(i.nrf52_errata_193), (68 bytes).
    Removing system_nrf52.o(i.nrf52_errata_194), (68 bytes).
    Removing system_nrf52.o(i.nrf52_errata_195), (68 bytes).
    Removing system_nrf52.o(i.nrf52_errata_196), (68 bytes).
    Removing system_nrf52.o(i.nrf52_errata_197), (68 bytes).
    Removing system_nrf52.o(i.nrf52_errata_198), (68 bytes).
    Removing system_nrf52.o(i.nrf52_errata_199), (68 bytes).
    Removing system_nrf52.o(i.nrf52_errata_2), (4 bytes).
    Removing system_nrf52.o(i.nrf52_errata_20), (68 bytes).
    Removing system_nrf52.o(i.nrf52_errata_200), (68 bytes).
    Removing system_nrf52.o(i.nrf52_errata_201), (68 bytes).
    Removing system_nrf52.o(i.nrf52_errata_202), (68 bytes).
    Removing system_nrf52.o(i.nrf52_errata_204), (68 bytes).
    Removing system_nrf52.o(i.nrf52_errata_208), (68 bytes).
    Removing system_nrf52.o(i.nrf52_errata_209), (68 bytes).
    Removing system_nrf52.o(i.nrf52_errata_210), (68 bytes).
    Removing system_nrf52.o(i.nrf52_errata_211), (68 bytes).
    Removing system_nrf52.o(i.nrf52_errata_212), (68 bytes).
    Removing system_nrf52.o(i.nrf52_errata_213), (68 bytes).
    Removing system_nrf52.o(i.nrf52_errata_214), (68 bytes).
    Removing system_nrf52.o(i.nrf52_errata_215), (68 bytes).
    Removing system_nrf52.o(i.nrf52_errata_216), (68 bytes).
    Removing system_nrf52.o(i.nrf52_errata_217), (4 bytes).
    Removing system_nrf52.o(i.nrf52_errata_218), (68 bytes).
    Removing system_nrf52.o(i.nrf52_errata_219), (68 bytes).
    Removing system_nrf52.o(i.nrf52_errata_220), (4 bytes).
    Removing system_nrf52.o(i.nrf52_errata_223), (4 bytes).
    Removing system_nrf52.o(i.nrf52_errata_225), (4 bytes).
    Removing system_nrf52.o(i.nrf52_errata_228), (68 bytes).
    Removing system_nrf52.o(i.nrf52_errata_23), (4 bytes).
    Removing system_nrf52.o(i.nrf52_errata_230), (4 bytes).
    Removing system_nrf52.o(i.nrf52_errata_231), (4 bytes).
    Removing system_nrf52.o(i.nrf52_errata_232), (4 bytes).
    Removing system_nrf52.o(i.nrf52_errata_233), (68 bytes).
    Removing system_nrf52.o(i.nrf52_errata_236), (68 bytes).
    Removing system_nrf52.o(i.nrf52_errata_237), (68 bytes).
    Removing system_nrf52.o(i.nrf52_errata_24), (4 bytes).
    Removing system_nrf52.o(i.nrf52_errata_242), (68 bytes).
    Removing system_nrf52.o(i.nrf52_errata_243), (68 bytes).
    Removing system_nrf52.o(i.nrf52_errata_244), (68 bytes).
    Removing system_nrf52.o(i.nrf52_errata_245), (68 bytes).
    Removing system_nrf52.o(i.nrf52_errata_246), (68 bytes).
    Removing system_nrf52.o(i.nrf52_errata_248), (68 bytes).
    Removing system_nrf52.o(i.nrf52_errata_25), (4 bytes).
    Removing system_nrf52.o(i.nrf52_errata_250), (4 bytes).
    Removing system_nrf52.o(i.nrf52_errata_26), (4 bytes).
    Removing system_nrf52.o(i.nrf52_errata_27), (4 bytes).
    Removing system_nrf52.o(i.nrf52_errata_28), (4 bytes).
    Removing system_nrf52.o(i.nrf52_errata_29), (4 bytes).
    Removing system_nrf52.o(i.nrf52_errata_3), (4 bytes).
    Removing system_nrf52.o(i.nrf52_errata_30), (4 bytes).
    Removing system_nrf52.o(i.nrf52_errata_31), (4 bytes).
    Removing system_nrf52.o(i.nrf52_errata_32), (4 bytes).
    Removing system_nrf52.o(i.nrf52_errata_33), (4 bytes).
    Removing system_nrf52.o(i.nrf52_errata_34), (4 bytes).
    Removing system_nrf52.o(i.nrf52_errata_35), (4 bytes).
    Removing system_nrf52.o(i.nrf52_errata_37), (4 bytes).
    Removing system_nrf52.o(i.nrf52_errata_38), (4 bytes).
    Removing system_nrf52.o(i.nrf52_errata_39), (4 bytes).
    Removing system_nrf52.o(i.nrf52_errata_4), (4 bytes).
    Removing system_nrf52.o(i.nrf52_errata_40), (4 bytes).
    Removing system_nrf52.o(i.nrf52_errata_41), (4 bytes).
    Removing system_nrf52.o(i.nrf52_errata_42), (4 bytes).
    Removing system_nrf52.o(i.nrf52_errata_43), (4 bytes).
    Removing system_nrf52.o(i.nrf52_errata_44), (4 bytes).
    Removing system_nrf52.o(i.nrf52_errata_46), (4 bytes).
    Removing system_nrf52.o(i.nrf52_errata_47), (4 bytes).
    Removing system_nrf52.o(i.nrf52_errata_48), (4 bytes).
    Removing system_nrf52.o(i.nrf52_errata_49), (4 bytes).
    Removing system_nrf52.o(i.nrf52_errata_51), (4 bytes).
    Removing system_nrf52.o(i.nrf52_errata_54), (68 bytes).
    Removing system_nrf52.o(i.nrf52_errata_55), (68 bytes).
    Removing system_nrf52.o(i.nrf52_errata_57), (4 bytes).
    Removing system_nrf52.o(i.nrf52_errata_58), (68 bytes).
    Removing system_nrf52.o(i.nrf52_errata_62), (4 bytes).
    Removing system_nrf52.o(i.nrf52_errata_63), (4 bytes).
    Removing system_nrf52.o(i.nrf52_errata_64), (4 bytes).
    Removing system_nrf52.o(i.nrf52_errata_65), (4 bytes).
    Removing system_nrf52.o(i.nrf52_errata_67), (4 bytes).
    Removing system_nrf52.o(i.nrf52_errata_68), (68 bytes).
    Removing system_nrf52.o(i.nrf52_errata_7), (4 bytes).
    Removing system_nrf52.o(i.nrf52_errata_70), (4 bytes).
    Removing system_nrf52.o(i.nrf52_errata_71), (4 bytes).
    Removing system_nrf52.o(i.nrf52_errata_72), (4 bytes).
    Removing system_nrf52.o(i.nrf52_errata_73), (4 bytes).
    Removing system_nrf52.o(i.nrf52_errata_74), (4 bytes).
    Removing system_nrf52.o(i.nrf52_errata_75), (4 bytes).
    Removing system_nrf52.o(i.nrf52_errata_76), (4 bytes).
    Removing system_nrf52.o(i.nrf52_errata_77), (4 bytes).
    Removing system_nrf52.o(i.nrf52_errata_78), (68 bytes).
    Removing system_nrf52.o(i.nrf52_errata_79), (4 bytes).
    Removing system_nrf52.o(i.nrf52_errata_8), (4 bytes).
    Removing system_nrf52.o(i.nrf52_errata_81), (68 bytes).
    Removing system_nrf52.o(i.nrf52_errata_83), (68 bytes).
    Removing system_nrf52.o(i.nrf52_errata_84), (4 bytes).
    Removing system_nrf52.o(i.nrf52_errata_86), (4 bytes).
    Removing system_nrf52.o(i.nrf52_errata_87), (68 bytes).
    Removing system_nrf52.o(i.nrf52_errata_88), (4 bytes).
    Removing system_nrf52.o(i.nrf52_errata_89), (68 bytes).
    Removing system_nrf52.o(i.nrf52_errata_9), (4 bytes).
    Removing system_nrf52.o(i.nrf52_errata_91), (4 bytes).
    Removing system_nrf52.o(i.nrf52_errata_94), (68 bytes).
    Removing system_nrf52.o(i.nrf52_errata_96), (68 bytes).
    Removing system_nrf52.o(i.nrf52_errata_97), (68 bytes).
    Removing system_nrf52.o(i.nvmc_config), (20 bytes).
    Removing system_nrf52.o(i.nvmc_wait), (16 bytes).

191 unused section(s) (total 7070 bytes) removed from the image.

==============================================================================

Adding Veneers to the image

    Adding TT veneer (10 bytes, Long) for call to '__rt_entry' from __main.o(!!!main).

1 Veneer(s) (total 10 bytes) added to the image.

==============================================================================

Image Symbol Table

    Local Symbols

    Symbol Name                              Value     Ov Type        Size  Object(Section)

    RESET                                    0x00000000   Section      512  arm_startup_nrf52840.o(RESET)
    ../clib/angel/boardlib.s                 0x00000000   Number         0  boardinit1.o ABSOLUTE
    ../clib/angel/boardlib.s                 0x00000000   Number         0  boardinit2.o ABSOLUTE
    ../clib/angel/boardlib.s                 0x00000000   Number         0  boardshut.o ABSOLUTE
    ../clib/angel/boardlib.s                 0x00000000   Number         0  boardinit3.o ABSOLUTE
    ../clib/angel/handlers.s                 0x00000000   Number         0  __scatter_zi.o ABSOLUTE
    ../clib/angel/handlers.s                 0x00000000   Number         0  __scatter_copy.o ABSOLUTE
    ../clib/angel/kernel.s                   0x00000000   Number         0  rtexit.o ABSOLUTE
    ../clib/angel/kernel.s                   0x00000000   Number         0  __rtentry4.o ABSOLUTE
    ../clib/angel/kernel.s                   0x00000000   Number         0  rtexit2.o ABSOLUTE
    ../clib/angel/kernel.s                   0x00000000   Number         0  __rtentry2.o ABSOLUTE
    ../clib/angel/kernel.s                   0x00000000   Number         0  __rtentry.o ABSOLUTE
    ../clib/angel/rt.s                       0x00000000   Number         0  rt_raise.o ABSOLUTE
    ../clib/angel/scatter.s                  0x00000000   Number         0  __scatter.o ABSOLUTE
    ../clib/angel/startup.s                  0x00000000   Number         0  __main.o ABSOLUTE
    ../clib/angel/sys.s                      0x00000000   Number         0  libspace.o ABSOLUTE
    ../clib/angel/sys.s                      0x00000000   Number         0  use_no_semi.o ABSOLUTE
    ../clib/angel/sys.s                      0x00000000   Number         0  indicate_semi.o ABSOLUTE
    ../clib/angel/sys.s                      0x00000000   Number         0  sys_stackheap_outer.o ABSOLUTE
    ../clib/angel/sysapp.c                   0x00000000   Number         0  sys_exit.o ABSOLUTE
    ../clib/angel/sysapp.c                   0x00000000   Number         0  sys_command.o ABSOLUTE
    ../clib/angel/sysapp.c                   0x00000000   Number         0  sys_wrch.o ABSOLUTE
    ../clib/armsys.c                         0x00000000   Number         0  _get_argv_nomalloc.o ABSOLUTE
    ../clib/armsys.c                         0x00000000   Number         0  argv_veneer.o ABSOLUTE
    ../clib/armsys.c                         0x00000000   Number         0  no_argv.o ABSOLUTE
    ../clib/armsys.c                         0x00000000   Number         0  argv_veneer.o ABSOLUTE
    ../clib/heapalloc.c                      0x00000000   Number         0  hrguard.o ABSOLUTE
    ../clib/heapaux.c                        0x00000000   Number         0  heapauxi.o ABSOLUTE
    ../clib/libinit.s                        0x00000000   Number         0  libshutdown.o ABSOLUTE
    ../clib/libinit.s                        0x00000000   Number         0  libinit.o ABSOLUTE
    ../clib/libinit.s                        0x00000000   Number         0  libinit2.o ABSOLUTE
    ../clib/libinit.s                        0x00000000   Number         0  libshutdown2.o ABSOLUTE
    ../clib/signal.c                         0x00000000   Number         0  defsig_pvfn_inner.o ABSOLUTE
    ../clib/signal.c                         0x00000000   Number         0  defsig_stak_inner.o ABSOLUTE
    ../clib/signal.c                         0x00000000   Number         0  defsig_other.o ABSOLUTE
    ../clib/signal.c                         0x00000000   Number         0  defsig_fpe_inner.o ABSOLUTE
    ../clib/signal.c                         0x00000000   Number         0  defsig_abrt_inner.o ABSOLUTE
    ../clib/signal.c                         0x00000000   Number         0  defsig_general.o ABSOLUTE
    ../clib/signal.c                         0x00000000   Number         0  __raise.o ABSOLUTE
    ../clib/signal.c                         0x00000000   Number         0  defsig_rtmem_inner.o ABSOLUTE
    ../clib/signal.c                         0x00000000   Number         0  defsig_rtred_inner.o ABSOLUTE
    ../clib/signal.c                         0x00000000   Number         0  defsig_rtmem_formal.o ABSOLUTE
    ../clib/signal.c                         0x00000000   Number         0  defsig_rtmem_outer.o ABSOLUTE
    ../clib/signal.c                         0x00000000   Number         0  defsig_exit.o ABSOLUTE
    ../clib/signal.c                         0x00000000   Number         0  defsig_segv_inner.o ABSOLUTE
    ../clib/signal.c                         0x00000000   Number         0  defsig_cppl_inner.o ABSOLUTE
    ../clib/signal.s                         0x00000000   Number         0  defsig.o ABSOLUTE
    ../clib/stdlib.c                         0x00000000   Number         0  exit.o ABSOLUTE
    ../fplib/fpinit.s                        0x00000000   Number         0  fpinit.o ABSOLUTE
    RTE\Device\nRF52840_xxAA\arm_startup_nrf52840.s 0x00000000   Number         0  arm_startup_nrf52840.o ABSOLUTE
    RTE\Device\nRF52840_xxAA\system_nrf52.c  0x00000000   Number         0  system_nrf52.o ABSOLUTE
    RTE\\Device\\nRF52840_xxAA\\system_nrf52.c 0x00000000   Number         0  system_nrf52.o ABSOLUTE
    dc.s                                     0x00000000   Number         0  dc.o ABSOLUTE
    main.c                                   0x00000000   Number         0  main.o ABSOLUTE
    main.c                                   0x00000000   Number         0  main.o ABSOLUTE
    osKernel.c                               0x00000000   Number         0  oskernel.o ABSOLUTE
    osKernel.c                               0x00000000   Number         0  oskernel.o ABSOLUTE
    osKernel.s                               0x00000000   Number         0  oskernel_1.o ABSOLUTE
    !!!main                                  0x00000200   Section        8  __main.o(!!!main)
    !!!scatter                               0x00000208   Section       52  __scatter.o(!!!scatter)
    !!handler_copy                           0x0000023c   Section       26  __scatter_copy.o(!!handler_copy)
    !!handler_zi                             0x00000258   Section       28  __scatter_zi.o(!!handler_zi)
    .data                                    0x00800000   Section       12  main.o(.data)
    cout1                                    0x00800000   Data           4  main.o(.data)
    cout2                                    0x00800004   Data           4  main.o(.data)
    cout3                                    0x00800008   Data           4  main.o(.data)
    .data                                    0x0080000c   Section        8  oskernel.o(.data)
    .data                                    0x00800014   Section        4  system_nrf52.o(.data)
    __tagsym$$used                           0x00800014   Number         0  system_nrf52.o(.data)
    .bss                                     0x00800018   Section       96  libspace.o(.bss)
    HEAP                                     0x00800078   Section    16384  arm_startup_nrf52840.o(HEAP)
    Heap_Mem                                 0x00800078   Data       16384  arm_startup_nrf52840.o(HEAP)
     .text                                   0x12000000   Section       64  oskernel_1.o( .text)
    $v0                                      0x12000000   Number         0  oskernel_1.o( .text)
    .ARM.Collect$$libinit$$00000000          0x12000040   Section        2  libinit.o(.ARM.Collect$$libinit$$00000000)
    .ARM.Collect$$libinit$$00000001          0x12000042   Section        4  libinit2.o(.ARM.Collect$$libinit$$00000001)
    .ARM.Collect$$libinit$$00000004          0x12000046   Section        0  libinit2.o(.ARM.Collect$$libinit$$00000004)
    .ARM.Collect$$libinit$$0000000A          0x12000046   Section        0  libinit2.o(.ARM.Collect$$libinit$$0000000A)
    .ARM.Collect$$libinit$$0000000C          0x12000046   Section        0  libinit2.o(.ARM.Collect$$libinit$$0000000C)
    .ARM.Collect$$libinit$$0000000E          0x12000046   Section        0  libinit2.o(.ARM.Collect$$libinit$$0000000E)
    .ARM.Collect$$libinit$$00000011          0x12000046   Section        0  libinit2.o(.ARM.Collect$$libinit$$00000011)
    .ARM.Collect$$libinit$$00000013          0x12000046   Section        0  libinit2.o(.ARM.Collect$$libinit$$00000013)
    .ARM.Collect$$libinit$$00000015          0x12000046   Section        0  libinit2.o(.ARM.Collect$$libinit$$00000015)
    .ARM.Collect$$libinit$$00000017          0x12000046   Section        0  libinit2.o(.ARM.Collect$$libinit$$00000017)
    .ARM.Collect$$libinit$$00000019          0x12000046   Section        0  libinit2.o(.ARM.Collect$$libinit$$00000019)
    .ARM.Collect$$libinit$$0000001B          0x12000046   Section        0  libinit2.o(.ARM.Collect$$libinit$$0000001B)
    .ARM.Collect$$libinit$$0000001D          0x12000046   Section        0  libinit2.o(.ARM.Collect$$libinit$$0000001D)
    .ARM.Collect$$libinit$$0000001F          0x12000046   Section        0  libinit2.o(.ARM.Collect$$libinit$$0000001F)
    .ARM.Collect$$libinit$$00000021          0x12000046   Section        0  libinit2.o(.ARM.Collect$$libinit$$00000021)
    .ARM.Collect$$libinit$$00000023          0x12000046   Section        0  libinit2.o(.ARM.Collect$$libinit$$00000023)
    .ARM.Collect$$libinit$$00000025          0x12000046   Section        0  libinit2.o(.ARM.Collect$$libinit$$00000025)
    .ARM.Collect$$libinit$$0000002C          0x12000046   Section        0  libinit2.o(.ARM.Collect$$libinit$$0000002C)
    .ARM.Collect$$libinit$$0000002E          0x12000046   Section        0  libinit2.o(.ARM.Collect$$libinit$$0000002E)
    .ARM.Collect$$libinit$$00000030          0x12000046   Section        0  libinit2.o(.ARM.Collect$$libinit$$00000030)
    .ARM.Collect$$libinit$$00000032          0x12000046   Section        0  libinit2.o(.ARM.Collect$$libinit$$00000032)
    .ARM.Collect$$libinit$$00000033          0x12000046   Section        2  libinit2.o(.ARM.Collect$$libinit$$00000033)
    .ARM.Collect$$libshutdown$$00000000      0x12000048   Section        2  libshutdown.o(.ARM.Collect$$libshutdown$$00000000)
    .ARM.Collect$$libshutdown$$00000002      0x1200004a   Section        0  libshutdown2.o(.ARM.Collect$$libshutdown$$00000002)
    .ARM.Collect$$libshutdown$$00000004      0x1200004a   Section        0  libshutdown2.o(.ARM.Collect$$libshutdown$$00000004)
    .ARM.Collect$$libshutdown$$00000006      0x1200004a   Section        0  libshutdown2.o(.ARM.Collect$$libshutdown$$00000006)
    .ARM.Collect$$libshutdown$$00000009      0x1200004a   Section        0  libshutdown2.o(.ARM.Collect$$libshutdown$$00000009)
    .ARM.Collect$$libshutdown$$0000000C      0x1200004a   Section        0  libshutdown2.o(.ARM.Collect$$libshutdown$$0000000C)
    .ARM.Collect$$libshutdown$$0000000E      0x1200004a   Section        0  libshutdown2.o(.ARM.Collect$$libshutdown$$0000000E)
    .ARM.Collect$$libshutdown$$00000011      0x1200004a   Section        0  libshutdown2.o(.ARM.Collect$$libshutdown$$00000011)
    .ARM.Collect$$libshutdown$$00000012      0x1200004a   Section        2  libshutdown2.o(.ARM.Collect$$libshutdown$$00000012)
    .ARM.Collect$$rtentry$$00000000          0x1200004c   Section        0  __rtentry.o(.ARM.Collect$$rtentry$$00000000)
    .ARM.Collect$$rtentry$$00000002          0x1200004c   Section        0  __rtentry2.o(.ARM.Collect$$rtentry$$00000002)
    .ARM.Collect$$rtentry$$00000004          0x1200004c   Section        6  __rtentry4.o(.ARM.Collect$$rtentry$$00000004)
    .ARM.Collect$$rtentry$$00000009          0x12000052   Section        0  __rtentry2.o(.ARM.Collect$$rtentry$$00000009)
    .ARM.Collect$$rtentry$$0000000A          0x12000052   Section        4  __rtentry2.o(.ARM.Collect$$rtentry$$0000000A)
    .ARM.Collect$$rtentry$$0000000C          0x12000056   Section        0  __rtentry2.o(.ARM.Collect$$rtentry$$0000000C)
    .ARM.Collect$$rtentry$$0000000D          0x12000056   Section        8  __rtentry2.o(.ARM.Collect$$rtentry$$0000000D)
    .ARM.Collect$$rtexit$$00000000           0x1200005e   Section        2  rtexit.o(.ARM.Collect$$rtexit$$00000000)
    .ARM.Collect$$rtexit$$00000002           0x12000060   Section        0  rtexit2.o(.ARM.Collect$$rtexit$$00000002)
    .ARM.Collect$$rtexit$$00000003           0x12000060   Section        4  rtexit2.o(.ARM.Collect$$rtexit$$00000003)
    .ARM.Collect$$rtexit$$00000004           0x12000064   Section        6  rtexit2.o(.ARM.Collect$$rtexit$$00000004)
    .text                                    0x1200006c   Section       64  arm_startup_nrf52840.o(.text)
    $v0                                      0x1200006c   Number         0  arm_startup_nrf52840.o(.text)
    .text                                    0x120000ac   Section        0  heapauxi.o(.text)
    .text                                    0x120000b2   Section       74  sys_stackheap_outer.o(.text)
    .text                                    0x120000fc   Section        0  exit.o(.text)
    .text                                    0x12000110   Section        8  libspace.o(.text)
    .text                                    0x12000118   Section        0  sys_exit.o(.text)
    .text                                    0x12000124   Section        2  use_no_semi.o(.text)
    .text                                    0x12000126   Section        0  indicate_semi.o(.text)
    i.SystemCoreClockUpdate                  0x12000128   Section        0  system_nrf52.o(i.SystemCoreClockUpdate)
    i.SystemInit                             0x12000138   Section        0  system_nrf52.o(i.SystemInit)
    i.Task0                                  0x120002bc   Section        0  main.o(i.Task0)
    i.Task1                                  0x120002d0   Section        0  main.o(i.Task1)
    i.Task2                                  0x120002e4   Section        0  main.o(i.Task2)
    i.main                                   0x120002f8   Section        0  main.o(i.main)
    i.nrf52_configuration_249                0x1200031c   Section        0  system_nrf52.o(i.nrf52_configuration_249)
    nrf52_configuration_249                  0x1200031d   Thumb Code    62  system_nrf52.o(i.nrf52_configuration_249)
    i.nrf52_errata_103                       0x12000360   Section        0  system_nrf52.o(i.nrf52_errata_103)
    nrf52_errata_103                         0x12000361   Thumb Code    62  system_nrf52.o(i.nrf52_errata_103)
    i.nrf52_errata_115                       0x120003a4   Section        0  system_nrf52.o(i.nrf52_errata_115)
    nrf52_errata_115                         0x120003a5   Thumb Code    62  system_nrf52.o(i.nrf52_errata_115)
    i.nrf52_errata_120                       0x120003e8   Section        0  system_nrf52.o(i.nrf52_errata_120)
    nrf52_errata_120                         0x120003e9   Thumb Code    62  system_nrf52.o(i.nrf52_errata_120)
    i.nrf52_errata_136                       0x1200042c   Section        0  system_nrf52.o(i.nrf52_errata_136)
    nrf52_errata_136                         0x1200042d   Thumb Code    62  system_nrf52.o(i.nrf52_errata_136)
    i.nrf52_errata_36                        0x12000470   Section        0  system_nrf52.o(i.nrf52_errata_36)
    nrf52_errata_36                          0x12000471   Thumb Code    62  system_nrf52.o(i.nrf52_errata_36)
    i.nrf52_errata_66                        0x120004b4   Section        0  system_nrf52.o(i.nrf52_errata_66)
    nrf52_errata_66                          0x120004b5   Thumb Code    62  system_nrf52.o(i.nrf52_errata_66)
    i.nrf52_errata_98                        0x120004f8   Section        0  system_nrf52.o(i.nrf52_errata_98)
    nrf52_errata_98                          0x120004f9   Thumb Code    62  system_nrf52.o(i.nrf52_errata_98)
    i.osKernelAddThreads                     0x1200053c   Section        0  oskernel.o(i.osKernelAddThreads)
    i.osKernelInit                           0x12000594   Section        0  oskernel.o(i.osKernelInit)
    i.osKernelLaunch                         0x120005a4   Section        0  oskernel.o(i.osKernelLaunch)
    i.osKernelStackInit                      0x120005e8   Section        0  oskernel.o(i.osKernelStackInit)
    x$fpl$fpinit                             0x12000620   Section       10  fpinit.o(x$fpl$fpinit)
    $v0                                      0x12000620   Number         0  fpinit.o(x$fpl$fpinit)
    .bss                                     0x20000000   Section     1224  oskernel.o(.bss)
    STACK                                    0x200004c8   Section    16384  arm_startup_nrf52840.o(STACK)
    Stack_Mem                                0x200004c8   Data       16384  arm_startup_nrf52840.o(STACK)
    __initial_sp                             0x200044c8   Data           0  arm_startup_nrf52840.o(STACK)

    Global Symbols

    Symbol Name                              Value     Ov Type        Size  Object(Section)

    BuildAttributes$$THM_ISAv4$E$P$D$K$B$S$7EM$VFPi3$EXTD16$VFPS$VFMA$PE$A:L22UL41UL21$X:L11$S22US41US21$IEEE1$IW$USESV6$~STKCKD$USESV7$~SHL$OSPACE$ROPI$EBA8$UX$STANDARDLIB$REQ8$EABIv2 0x00000000   Number         0  anon$$obj.o ABSOLUTE
    __ARM_use_no_argv                        0x00000000   Number         0  main.o ABSOLUTE
    __Vectors                                0x00000000   Data           4  arm_startup_nrf52840.o(RESET)
    __ARM_exceptions_init                     - Undefined Weak Reference
    __alloca_initialize                       - Undefined Weak Reference
    __arm_fini_                               - Undefined Weak Reference
    __arm_preinit_                            - Undefined Weak Reference
    __cpp_initialize__aeabi_                  - Undefined Weak Reference
    __cxa_finalize                            - Undefined Weak Reference
    __rt_locale                               - Undefined Weak Reference
    __sigvec_lookup                           - Undefined Weak Reference
    _atexit_init                              - Undefined Weak Reference
    _call_atexit_fns                          - Undefined Weak Reference
    _clock_init                               - Undefined Weak Reference
    _fp_trap_init                             - Undefined Weak Reference
    _fp_trap_shutdown                         - Undefined Weak Reference
    _get_lc_collate                           - Undefined Weak Reference
    _get_lc_ctype                             - Undefined Weak Reference
    _get_lc_monetary                          - Undefined Weak Reference
    _get_lc_numeric                           - Undefined Weak Reference
    _get_lc_time                              - Undefined Weak Reference
    _getenv_init                              - Undefined Weak Reference
    _handle_redirection                       - Undefined Weak Reference
    _init_alloc                               - Undefined Weak Reference
    _init_user_alloc                          - Undefined Weak Reference
    _initio                                   - Undefined Weak Reference
    _rand_init                                - Undefined Weak Reference
    _signal_finish                            - Undefined Weak Reference
    _signal_init                              - Undefined Weak Reference
    _terminate_alloc                          - Undefined Weak Reference
    _terminate_user_alloc                     - Undefined Weak Reference
    _terminateio                              - Undefined Weak Reference
    __Vectors_End                            0x00000200   Data           0  arm_startup_nrf52840.o(RESET)
    __Vectors_Size                           0x00000200   Number         0  arm_startup_nrf52840.o ABSOLUTE
    __main                                   0x00000201   Thumb Code     8  __main.o(!!!main)
    __scatterload                            0x00000209   Thumb Code     0  __scatter.o(!!!scatter)
    __scatterload_rt2                        0x00000209   Thumb Code    44  __scatter.o(!!!scatter)
    __scatterload_rt2_thumb_only             0x00000209   Thumb Code     0  __scatter.o(!!!scatter)
    __scatterload_null                       0x00000217   Thumb Code     0  __scatter.o(!!!scatter)
    __scatterload_copy                       0x0000023d   Thumb Code    26  __scatter_copy.o(!!handler_copy)
    __scatterload_zeroinit                   0x00000259   Thumb Code    28  __scatter_zi.o(!!handler_zi)
    Long Thumb to Thumb Veneer to __rt_entry 0x00000275   Thumb Code    10  anon$$obj.o(Veneer$$Code)
    Region$$Table$$Base                      0x00000280   Number         0  anon$$obj.o(Region$$Table)
    Region$$Table$$Limit                     0x000002b0   Number         0  anon$$obj.o(Region$$Table)
    MILLIS_PRESCALER                         0x0080000c   Data           4  oskernel.o(.data)
    currentPt                                0x00800010   Data           4  oskernel.o(.data)
    SystemCoreClock                          0x00800014   Data           4  system_nrf52.o(.data)
    __libspace_start                         0x00800018   Data          96  libspace.o(.bss)
    __temporary_stack_top$libspace           0x00800078   Data           0  libspace.o(.bss)
    SysTick_Handler                          0x12000001   Thumb Code     0  oskernel_1.o( .text)
    osSchedulerLaunch                        0x1200001f   Thumb Code     0  oskernel_1.o( .text)
    __rt_lib_init                            0x12000041   Thumb Code     0  libinit.o(.ARM.Collect$$libinit$$00000000)
    __rt_lib_init_fp_1                       0x12000043   Thumb Code     0  libinit2.o(.ARM.Collect$$libinit$$00000001)
    __rt_lib_init_alloca_1                   0x12000047   Thumb Code     0  libinit2.o(.ARM.Collect$$libinit$$0000002E)
    __rt_lib_init_argv_1                     0x12000047   Thumb Code     0  libinit2.o(.ARM.Collect$$libinit$$0000002C)
    __rt_lib_init_atexit_1                   0x12000047   Thumb Code     0  libinit2.o(.ARM.Collect$$libinit$$0000001B)
    __rt_lib_init_clock_1                    0x12000047   Thumb Code     0  libinit2.o(.ARM.Collect$$libinit$$00000021)
    __rt_lib_init_cpp_1                      0x12000047   Thumb Code     0  libinit2.o(.ARM.Collect$$libinit$$00000032)
    __rt_lib_init_exceptions_1               0x12000047   Thumb Code     0  libinit2.o(.ARM.Collect$$libinit$$00000030)
    __rt_lib_init_fp_trap_1                  0x12000047   Thumb Code     0  libinit2.o(.ARM.Collect$$libinit$$0000001F)
    __rt_lib_init_getenv_1                   0x12000047   Thumb Code     0  libinit2.o(.ARM.Collect$$libinit$$00000023)
    __rt_lib_init_heap_1                     0x12000047   Thumb Code     0  libinit2.o(.ARM.Collect$$libinit$$0000000A)
    __rt_lib_init_lc_collate_1               0x12000047   Thumb Code     0  libinit2.o(.ARM.Collect$$libinit$$00000011)
    __rt_lib_init_lc_ctype_1                 0x12000047   Thumb Code     0  libinit2.o(.ARM.Collect$$libinit$$00000013)
    __rt_lib_init_lc_monetary_1              0x12000047   Thumb Code     0  libinit2.o(.ARM.Collect$$libinit$$00000015)
    __rt_lib_init_lc_numeric_1               0x12000047   Thumb Code     0  libinit2.o(.ARM.Collect$$libinit$$00000017)
    __rt_lib_init_lc_time_1                  0x12000047   Thumb Code     0  libinit2.o(.ARM.Collect$$libinit$$00000019)
    __rt_lib_init_preinit_1                  0x12000047   Thumb Code     0  libinit2.o(.ARM.Collect$$libinit$$00000004)
    __rt_lib_init_rand_1                     0x12000047   Thumb Code     0  libinit2.o(.ARM.Collect$$libinit$$0000000E)
    __rt_lib_init_return                     0x12000047   Thumb Code     0  libinit2.o(.ARM.Collect$$libinit$$00000033)
    __rt_lib_init_signal_1                   0x12000047   Thumb Code     0  libinit2.o(.ARM.Collect$$libinit$$0000001D)
    __rt_lib_init_stdio_1                    0x12000047   Thumb Code     0  libinit2.o(.ARM.Collect$$libinit$$00000025)
    __rt_lib_init_user_alloc_1               0x12000047   Thumb Code     0  libinit2.o(.ARM.Collect$$libinit$$0000000C)
    __rt_lib_shutdown                        0x12000049   Thumb Code     0  libshutdown.o(.ARM.Collect$$libshutdown$$00000000)
    __rt_lib_shutdown_cpp_1                  0x1200004b   Thumb Code     0  libshutdown2.o(.ARM.Collect$$libshutdown$$00000004)
    __rt_lib_shutdown_fini_1                 0x1200004b   Thumb Code     0  libshutdown2.o(.ARM.Collect$$libshutdown$$00000002)
    __rt_lib_shutdown_fp_trap_1              0x1200004b   Thumb Code     0  libshutdown2.o(.ARM.Collect$$libshutdown$$00000009)
    __rt_lib_shutdown_heap_1                 0x1200004b   Thumb Code     0  libshutdown2.o(.ARM.Collect$$libshutdown$$00000011)
    __rt_lib_shutdown_return                 0x1200004b   Thumb Code     0  libshutdown2.o(.ARM.Collect$$libshutdown$$00000012)
    __rt_lib_shutdown_signal_1               0x1200004b   Thumb Code     0  libshutdown2.o(.ARM.Collect$$libshutdown$$0000000C)
    __rt_lib_shutdown_stdio_1                0x1200004b   Thumb Code     0  libshutdown2.o(.ARM.Collect$$libshutdown$$00000006)
    __rt_lib_shutdown_user_alloc_1           0x1200004b   Thumb Code     0  libshutdown2.o(.ARM.Collect$$libshutdown$$0000000E)
    __rt_entry                               0x1200004d   Thumb Code     0  __rtentry.o(.ARM.Collect$$rtentry$$00000000)
    __rt_entry_presh_1                       0x1200004d   Thumb Code     0  __rtentry2.o(.ARM.Collect$$rtentry$$00000002)
    __rt_entry_sh                            0x1200004d   Thumb Code     0  __rtentry4.o(.ARM.Collect$$rtentry$$00000004)
    __rt_entry_li                            0x12000053   Thumb Code     0  __rtentry2.o(.ARM.Collect$$rtentry$$0000000A)
    __rt_entry_postsh_1                      0x12000053   Thumb Code     0  __rtentry2.o(.ARM.Collect$$rtentry$$00000009)
    __rt_entry_main                          0x12000057   Thumb Code     0  __rtentry2.o(.ARM.Collect$$rtentry$$0000000D)
    __rt_entry_postli_1                      0x12000057   Thumb Code     0  __rtentry2.o(.ARM.Collect$$rtentry$$0000000C)
    __rt_exit                                0x1200005f   Thumb Code     0  rtexit.o(.ARM.Collect$$rtexit$$00000000)
    __rt_exit_ls                             0x12000061   Thumb Code     0  rtexit2.o(.ARM.Collect$$rtexit$$00000003)
    __rt_exit_prels_1                        0x12000061   Thumb Code     0  rtexit2.o(.ARM.Collect$$rtexit$$00000002)
    __rt_exit_exit                           0x12000065   Thumb Code     0  rtexit2.o(.ARM.Collect$$rtexit$$00000004)
    Reset_Handler                            0x1200006d   Thumb Code     8  arm_startup_nrf52840.o(.text)
    NMI_Handler                              0x12000075   Thumb Code     2  arm_startup_nrf52840.o(.text)
    HardFault_Handler                        0x12000077   Thumb Code     2  arm_startup_nrf52840.o(.text)
    MemoryManagement_Handler                 0x12000079   Thumb Code     2  arm_startup_nrf52840.o(.text)
    BusFault_Handler                         0x1200007b   Thumb Code     2  arm_startup_nrf52840.o(.text)
    UsageFault_Handler                       0x1200007d   Thumb Code     2  arm_startup_nrf52840.o(.text)
    SVC_Handler                              0x1200007f   Thumb Code     2  arm_startup_nrf52840.o(.text)
    DebugMon_Handler                         0x12000081   Thumb Code     2  arm_startup_nrf52840.o(.text)
    PendSV_Handler                           0x12000083   Thumb Code     2  arm_startup_nrf52840.o(.text)
    CCM_AAR_IRQHandler                       0x12000087   Thumb Code     0  arm_startup_nrf52840.o(.text)
    COMP_LPCOMP_IRQHandler                   0x12000087   Thumb Code     0  arm_startup_nrf52840.o(.text)
    CRYPTOCELL_IRQHandler                    0x12000087   Thumb Code     0  arm_startup_nrf52840.o(.text)
    ECB_IRQHandler                           0x12000087   Thumb Code     0  arm_startup_nrf52840.o(.text)
    FPU_IRQHandler                           0x12000087   Thumb Code     0  arm_startup_nrf52840.o(.text)
    GPIOTE_IRQHandler                        0x12000087   Thumb Code     0  arm_startup_nrf52840.o(.text)
    I2S_IRQHandler                           0x12000087   Thumb Code     0  arm_startup_nrf52840.o(.text)
    MWU_IRQHandler                           0x12000087   Thumb Code     0  arm_startup_nrf52840.o(.text)
    NFCT_IRQHandler                          0x12000087   Thumb Code     0  arm_startup_nrf52840.o(.text)
    PDM_IRQHandler                           0x12000087   Thumb Code     0  arm_startup_nrf52840.o(.text)
    POWER_CLOCK_IRQHandler                   0x12000087   Thumb Code     0  arm_startup_nrf52840.o(.text)
    PWM0_IRQHandler                          0x12000087   Thumb Code     0  arm_startup_nrf52840.o(.text)
    PWM1_IRQHandler                          0x12000087   Thumb Code     0  arm_startup_nrf52840.o(.text)
    PWM2_IRQHandler                          0x12000087   Thumb Code     0  arm_startup_nrf52840.o(.text)
    PWM3_IRQHandler                          0x12000087   Thumb Code     0  arm_startup_nrf52840.o(.text)
    QDEC_IRQHandler                          0x12000087   Thumb Code     0  arm_startup_nrf52840.o(.text)
    QSPI_IRQHandler                          0x12000087   Thumb Code     0  arm_startup_nrf52840.o(.text)
    RADIO_IRQHandler                         0x12000087   Thumb Code     0  arm_startup_nrf52840.o(.text)
    RNG_IRQHandler                           0x12000087   Thumb Code     0  arm_startup_nrf52840.o(.text)
    RTC0_IRQHandler                          0x12000087   Thumb Code     0  arm_startup_nrf52840.o(.text)
    RTC1_IRQHandler                          0x12000087   Thumb Code     0  arm_startup_nrf52840.o(.text)
    RTC2_IRQHandler                          0x12000087   Thumb Code     0  arm_startup_nrf52840.o(.text)
    SAADC_IRQHandler                         0x12000087   Thumb Code     0  arm_startup_nrf52840.o(.text)
    SPIM0_SPIS0_TWIM0_TWIS0_SPI0_TWI0_IRQHandler 0x12000087   Thumb Code     0  arm_startup_nrf52840.o(.text)
    SPIM1_SPIS1_TWIM1_TWIS1_SPI1_TWI1_IRQHandler 0x12000087   Thumb Code     0  arm_startup_nrf52840.o(.text)
    SPIM2_SPIS2_SPI2_IRQHandler              0x12000087   Thumb Code     0  arm_startup_nrf52840.o(.text)
    SPIM3_IRQHandler                         0x12000087   Thumb Code     0  arm_startup_nrf52840.o(.text)
    SWI0_EGU0_IRQHandler                     0x12000087   Thumb Code     0  arm_startup_nrf52840.o(.text)
    SWI1_EGU1_IRQHandler                     0x12000087   Thumb Code     0  arm_startup_nrf52840.o(.text)
    SWI2_EGU2_IRQHandler                     0x12000087   Thumb Code     0  arm_startup_nrf52840.o(.text)
    SWI3_EGU3_IRQHandler                     0x12000087   Thumb Code     0  arm_startup_nrf52840.o(.text)
    SWI4_EGU4_IRQHandler                     0x12000087   Thumb Code     0  arm_startup_nrf52840.o(.text)
    SWI5_EGU5_IRQHandler                     0x12000087   Thumb Code     0  arm_startup_nrf52840.o(.text)
    TEMP_IRQHandler                          0x12000087   Thumb Code     0  arm_startup_nrf52840.o(.text)
    TIMER0_IRQHandler                        0x12000087   Thumb Code     0  arm_startup_nrf52840.o(.text)
    TIMER1_IRQHandler                        0x12000087   Thumb Code     0  arm_startup_nrf52840.o(.text)
    TIMER2_IRQHandler                        0x12000087   Thumb Code     0  arm_startup_nrf52840.o(.text)
    TIMER3_IRQHandler                        0x12000087   Thumb Code     0  arm_startup_nrf52840.o(.text)
    TIMER4_IRQHandler                        0x12000087   Thumb Code     0  arm_startup_nrf52840.o(.text)
    UARTE0_UART0_IRQHandler                  0x12000087   Thumb Code     0  arm_startup_nrf52840.o(.text)
    UARTE1_IRQHandler                        0x12000087   Thumb Code     0  arm_startup_nrf52840.o(.text)
    USBD_IRQHandler                          0x12000087   Thumb Code     0  arm_startup_nrf52840.o(.text)
    WDT_IRQHandler                           0x12000087   Thumb Code     0  arm_startup_nrf52840.o(.text)
    __user_initial_stackheap                 0x12000089   Thumb Code    10  arm_startup_nrf52840.o(.text)
    __use_two_region_memory                  0x120000ad   Thumb Code     2  heapauxi.o(.text)
    __rt_heap_escrow$2region                 0x120000af   Thumb Code     2  heapauxi.o(.text)
    __rt_heap_expand$2region                 0x120000b1   Thumb Code     2  heapauxi.o(.text)
    __user_setup_stackheap                   0x120000b3   Thumb Code    74  sys_stackheap_outer.o(.text)
    exit                                     0x120000fd   Thumb Code    18  exit.o(.text)
    __user_libspace                          0x12000111   Thumb Code     8  libspace.o(.text)
    __user_perproc_libspace                  0x12000111   Thumb Code     0  libspace.o(.text)
    __user_perthread_libspace                0x12000111   Thumb Code     0  libspace.o(.text)
    _sys_exit                                0x12000119   Thumb Code     8  sys_exit.o(.text)
    __I$use$semihosting                      0x12000125   Thumb Code     0  use_no_semi.o(.text)
    __use_no_semihosting_swi                 0x12000125   Thumb Code     2  use_no_semi.o(.text)
    __semihosting_library_function           0x12000127   Thumb Code     0  indicate_semi.o(.text)
    SystemCoreClockUpdate                    0x12000129   Thumb Code     8  system_nrf52.o(i.SystemCoreClockUpdate)
    SystemInit                               0x12000139   Thumb Code   336  system_nrf52.o(i.SystemInit)
    Task0                                    0x120002bd   Thumb Code    14  main.o(i.Task0)
    Task1                                    0x120002d1   Thumb Code    14  main.o(i.Task1)
    Task2                                    0x120002e5   Thumb Code    14  main.o(i.Task2)
    main                                     0x120002f9   Thumb Code    24  main.o(i.main)
    osKernelAddThreads                       0x1200053d   Thumb Code    76  oskernel.o(i.osKernelAddThreads)
    osKernelInit                             0x12000595   Thumb Code    12  oskernel.o(i.osKernelInit)
    osKernelLaunch                           0x120005a5   Thumb Code    60  oskernel.o(i.osKernelLaunch)
    osKernelStackInit                        0x120005e9   Thumb Code    48  oskernel.o(i.osKernelStackInit)
    _fp_init                                 0x12000621   Thumb Code    10  fpinit.o(x$fpl$fpinit)
    __fplib_config_fpu_vfp                   0x12000629   Thumb Code     0  fpinit.o(x$fpl$fpinit)
    __fplib_config_pureend_doubles           0x12000629   Thumb Code     0  fpinit.o(x$fpl$fpinit)
    tcbs                                     0x20000000   Data          24  oskernel.o(.bss)
    TCB_STACK                                0x20000018   Data        1200  oskernel.o(.bss)



==============================================================================

Memory Map of the image

  Image Entry point : 0x00000201

  Load Region LR_IROM1 (Base: 0x00000000, Size: 0x000002c8, Max: 0x00100000, ABSOLUTE)

    Execution Region ER_IROM1 (Exec base: 0x00000000, Load base: 0x00000000, Size: 0x000002b0, Max: 0x00100000, ABSOLUTE)

    Exec Addr    Load Addr    Size         Type   Attr      Idx    E Section Name        Object

    0x00000000   0x00000000   0x00000200   Data   RO          143    RESET               arm_startup_nrf52840.o
    0x00000200   0x00000200   0x00000008   Code   RO         1158  * !!!main             c_w.l(__main.o)
    0x00000208   0x00000208   0x00000034   Code   RO         1317    !!!scatter          c_w.l(__scatter.o)
    0x0000023c   0x0000023c   0x0000001a   Code   RO         1319    !!handler_copy      c_w.l(__scatter_copy.o)
    0x00000256   0x00000256   0x00000002   PAD
    0x00000258   0x00000258   0x0000001c   Code   RO         1321    !!handler_zi        c_w.l(__scatter_zi.o)
    0x00000274   0x00000274   0x0000000a   Ven    RO         1323    Veneer$$Code        anon$$obj.o
    0x0000027e   0x0000027e   0x00000002   PAD
    0x00000280   0x00000280   0x00000030   Data   RO         1315    Region$$Table       anon$$obj.o


    Execution Region RW_IRAM2 (Exec base: 0x00800000, Load base: 0x000002b0, Size: 0x00004078, Max: 0x00040000, ABSOLUTE)

    Exec Addr    Load Addr    Size         Type   Attr      Idx    E Section Name        Object

    0x00800000   0x000002b0   0x0000000c   Data   RW            8    .data               main.o
    0x0080000c   0x000002bc   0x00000008   Data   RW          100    .data               oskernel.o
    0x00800014   0x000002c4   0x00000004   Data   RW          343    .data               system_nrf52.o
    0x00800018        -       0x00000060   Zero   RW         1187    .bss                c_w.l(libspace.o)
    0x00800078        -       0x00004000   Zero   RW          142    HEAP                arm_startup_nrf52840.o


    Execution Region RW_IRAM1 (Exec base: 0x20000000, Load base: 0x000002b0, Size: 0x000044c8, Max: 0x00040000, ABSOLUTE)

    Exec Addr    Load Addr    Size         Type   Attr      Idx    E Section Name        Object

    0x20000000        -       0x000004c8   Zero   RW           99    .bss                oskernel.o
    0x200004c8        -       0x00004000   Zero   RW          141    STACK               arm_startup_nrf52840.o



  Load Region LR_IROM2 (Base: 0x12000000, Size: 0x0000062c, Max: 0x08000000, ABSOLUTE)

    Execution Region ER_IROM2 (Exec base: 0x12000000, Load base: 0x12000000, Size: 0x0000062c, Max: 0x08000000, ABSOLUTE)

    Exec Addr    Load Addr    Size         Type   Attr      Idx    E Section Name        Object

    0x12000000   0x12000000   0x00000040   Code   RO          138     .text              oskernel_1.o
    0x12000040   0x12000040   0x00000002   Code   RO         1185    .ARM.Collect$$libinit$$00000000  c_w.l(libinit.o)
    0x12000042   0x12000042   0x00000004   Code   RO         1191    .ARM.Collect$$libinit$$00000001  c_w.l(libinit2.o)
    0x12000046   0x12000046   0x00000000   Code   RO         1194    .ARM.Collect$$libinit$$00000004  c_w.l(libinit2.o)
    0x12000046   0x12000046   0x00000000   Code   RO         1197    .ARM.Collect$$libinit$$0000000A  c_w.l(libinit2.o)
    0x12000046   0x12000046   0x00000000   Code   RO         1199    .ARM.Collect$$libinit$$0000000C  c_w.l(libinit2.o)
    0x12000046   0x12000046   0x00000000   Code   RO         1201    .ARM.Collect$$libinit$$0000000E  c_w.l(libinit2.o)
    0x12000046   0x12000046   0x00000000   Code   RO         1204    .ARM.Collect$$libinit$$00000011  c_w.l(libinit2.o)
    0x12000046   0x12000046   0x00000000   Code   RO         1206    .ARM.Collect$$libinit$$00000013  c_w.l(libinit2.o)
    0x12000046   0x12000046   0x00000000   Code   RO         1208    .ARM.Collect$$libinit$$00000015  c_w.l(libinit2.o)
    0x12000046   0x12000046   0x00000000   Code   RO         1210    .ARM.Collect$$libinit$$00000017  c_w.l(libinit2.o)
    0x12000046   0x12000046   0x00000000   Code   RO         1212    .ARM.Collect$$libinit$$00000019  c_w.l(libinit2.o)
    0x12000046   0x12000046   0x00000000   Code   RO         1214    .ARM.Collect$$libinit$$0000001B  c_w.l(libinit2.o)
    0x12000046   0x12000046   0x00000000   Code   RO         1216    .ARM.Collect$$libinit$$0000001D  c_w.l(libinit2.o)
    0x12000046   0x12000046   0x00000000   Code   RO         1218    .ARM.Collect$$libinit$$0000001F  c_w.l(libinit2.o)
    0x12000046   0x12000046   0x00000000   Code   RO         1220    .ARM.Collect$$libinit$$00000021  c_w.l(libinit2.o)
    0x12000046   0x12000046   0x00000000   Code   RO         1222    .ARM.Collect$$libinit$$00000023  c_w.l(libinit2.o)
    0x12000046   0x12000046   0x00000000   Code   RO         1224    .ARM.Collect$$libinit$$00000025  c_w.l(libinit2.o)
    0x12000046   0x12000046   0x00000000   Code   RO         1228    .ARM.Collect$$libinit$$0000002C  c_w.l(libinit2.o)
    0x12000046   0x12000046   0x00000000   Code   RO         1230    .ARM.Collect$$libinit$$0000002E  c_w.l(libinit2.o)
    0x12000046   0x12000046   0x00000000   Code   RO         1232    .ARM.Collect$$libinit$$00000030  c_w.l(libinit2.o)
    0x12000046   0x12000046   0x00000000   Code   RO         1234    .ARM.Collect$$libinit$$00000032  c_w.l(libinit2.o)
    0x12000046   0x12000046   0x00000002   Code   RO         1235    .ARM.Collect$$libinit$$00000033  c_w.l(libinit2.o)
    0x12000048   0x12000048   0x00000002   Code   RO         1255    .ARM.Collect$$libshutdown$$00000000  c_w.l(libshutdown.o)
    0x1200004a   0x1200004a   0x00000000   Code   RO         1268    .ARM.Collect$$libshutdown$$00000002  c_w.l(libshutdown2.o)
    0x1200004a   0x1200004a   0x00000000   Code   RO         1270    .ARM.Collect$$libshutdown$$00000004  c_w.l(libshutdown2.o)
    0x1200004a   0x1200004a   0x00000000   Code   RO         1272    .ARM.Collect$$libshutdown$$00000006  c_w.l(libshutdown2.o)
    0x1200004a   0x1200004a   0x00000000   Code   RO         1275    .ARM.Collect$$libshutdown$$00000009  c_w.l(libshutdown2.o)
    0x1200004a   0x1200004a   0x00000000   Code   RO         1278    .ARM.Collect$$libshutdown$$0000000C  c_w.l(libshutdown2.o)
    0x1200004a   0x1200004a   0x00000000   Code   RO         1280    .ARM.Collect$$libshutdown$$0000000E  c_w.l(libshutdown2.o)
    0x1200004a   0x1200004a   0x00000000   Code   RO         1283    .ARM.Collect$$libshutdown$$00000011  c_w.l(libshutdown2.o)
    0x1200004a   0x1200004a   0x00000002   Code   RO         1284    .ARM.Collect$$libshutdown$$00000012  c_w.l(libshutdown2.o)
    0x1200004c   0x1200004c   0x00000000   Code   RO         1160    .ARM.Collect$$rtentry$$00000000  c_w.l(__rtentry.o)
    0x1200004c   0x1200004c   0x00000000   Code   RO         1162    .ARM.Collect$$rtentry$$00000002  c_w.l(__rtentry2.o)
    0x1200004c   0x1200004c   0x00000006   Code   RO         1174    .ARM.Collect$$rtentry$$00000004  c_w.l(__rtentry4.o)
    0x12000052   0x12000052   0x00000000   Code   RO         1164    .ARM.Collect$$rtentry$$00000009  c_w.l(__rtentry2.o)
    0x12000052   0x12000052   0x00000004   Code   RO         1165    .ARM.Collect$$rtentry$$0000000A  c_w.l(__rtentry2.o)
    0x12000056   0x12000056   0x00000000   Code   RO         1167    .ARM.Collect$$rtentry$$0000000C  c_w.l(__rtentry2.o)
    0x12000056   0x12000056   0x00000008   Code   RO         1168    .ARM.Collect$$rtentry$$0000000D  c_w.l(__rtentry2.o)
    0x1200005e   0x1200005e   0x00000002   Code   RO         1189    .ARM.Collect$$rtexit$$00000000  c_w.l(rtexit.o)
    0x12000060   0x12000060   0x00000000   Code   RO         1237    .ARM.Collect$$rtexit$$00000002  c_w.l(rtexit2.o)
    0x12000060   0x12000060   0x00000004   Code   RO         1238    .ARM.Collect$$rtexit$$00000003  c_w.l(rtexit2.o)
    0x12000064   0x12000064   0x00000006   Code   RO         1239    .ARM.Collect$$rtexit$$00000004  c_w.l(rtexit2.o)
    0x1200006a   0x1200006a   0x00000002   PAD
    0x1200006c   0x1200006c   0x00000040   Code   RO          144    .text               arm_startup_nrf52840.o
    0x120000ac   0x120000ac   0x00000006   Code   RO         1156    .text               c_w.l(heapauxi.o)
    0x120000b2   0x120000b2   0x0000004a   Code   RO         1176    .text               c_w.l(sys_stackheap_outer.o)
    0x120000fc   0x120000fc   0x00000012   Code   RO         1178    .text               c_w.l(exit.o)
    0x1200010e   0x1200010e   0x00000002   PAD
    0x12000110   0x12000110   0x00000008   Code   RO         1186    .text               c_w.l(libspace.o)
    0x12000118   0x12000118   0x0000000c   Code   RO         1247    .text               c_w.l(sys_exit.o)
    0x12000124   0x12000124   0x00000002   Code   RO         1258    .text               c_w.l(use_no_semi.o)
    0x12000126   0x12000126   0x00000000   Code   RO         1260    .text               c_w.l(indicate_semi.o)
    0x12000126   0x12000126   0x00000002   PAD
    0x12000128   0x12000128   0x00000010   Code   RO          151    i.SystemCoreClockUpdate  system_nrf52.o
    0x12000138   0x12000138   0x00000184   Code   RO          152    i.SystemInit        system_nrf52.o
    0x120002bc   0x120002bc   0x00000014   Code   RO            4    i.Task0             main.o
    0x120002d0   0x120002d0   0x00000014   Code   RO            5    i.Task1             main.o
    0x120002e4   0x120002e4   0x00000014   Code   RO            6    i.Task2             main.o
    0x120002f8   0x120002f8   0x00000024   Code   RO            7    i.main              main.o
    0x1200031c   0x1200031c   0x00000044   Code   RO          153    i.nrf52_configuration_249  system_nrf52.o
    0x12000360   0x12000360   0x00000044   Code   RO          162    i.nrf52_errata_103  system_nrf52.o
    0x120003a4   0x120003a4   0x00000044   Code   RO          173    i.nrf52_errata_115  system_nrf52.o
    0x120003e8   0x120003e8   0x00000044   Code   RO          179    i.nrf52_errata_120  system_nrf52.o
    0x1200042c   0x1200042c   0x00000044   Code   RO          189    i.nrf52_errata_136  system_nrf52.o
    0x12000470   0x12000470   0x00000044   Code   RO          290    i.nrf52_errata_36   system_nrf52.o
    0x120004b4   0x120004b4   0x00000044   Code   RO          313    i.nrf52_errata_66   system_nrf52.o
    0x120004f8   0x120004f8   0x00000044   Code   RO          340    i.nrf52_errata_98   system_nrf52.o
    0x1200053c   0x1200053c   0x00000058   Code   RO           95    i.osKernelAddThreads  oskernel.o
    0x12000594   0x12000594   0x00000010   Code   RO           96    i.osKernelInit      oskernel.o
    0x120005a4   0x120005a4   0x00000044   Code   RO           97    i.osKernelLaunch    oskernel.o
    0x120005e8   0x120005e8   0x00000038   Code   RO           98    i.osKernelStackInit  oskernel.o
    0x12000620   0x12000620   0x0000000a   Code   RO         1245    x$fpl$fpinit        fz_wm.l(fpinit.o)


==============================================================================

Image component sizes


      Code (inc. data)   RO Data    RW Data    ZI Data      Debug   Object Name

        64         26        512          0      32768        928   arm_startup_nrf52840.o
        96         30          0         12          0       6443   main.o
       228         32          0          8       1224       3021   oskernel.o
        64          4          0          0          0        240   oskernel_1.o
       948        156          0          4          0       7679   system_nrf52.o

    ----------------------------------------------------------------------
      1412        248        560         24      33992      18311   Object Totals
        10          0         48          0          0          0   (incl. Generated)
         2          0          0          0          0          0   (incl. Padding)

    ----------------------------------------------------------------------

      Code (inc. data)   RO Data    RW Data    ZI Data      Debug   Library Member Name

         8          0          0          0          0         68   __main.o
         0          0          0          0          0          0   __rtentry.o
        12          0          0          0          0          0   __rtentry2.o
         6          0          0          0          0          0   __rtentry4.o
        52          8          0          0          0          0   __scatter.o
        26          0          0          0          0          0   __scatter_copy.o
        28          0          0          0          0          0   __scatter_zi.o
        18          0          0          0          0         80   exit.o
         6          0          0          0          0        152   heapauxi.o
         0          0          0          0          0          0   indicate_semi.o
         2          0          0          0          0          0   libinit.o
         6          0          0          0          0          0   libinit2.o
         2          0          0          0          0          0   libshutdown.o
         2          0          0          0          0          0   libshutdown2.o
         8          4          0          0         96         68   libspace.o
         2          0          0          0          0          0   rtexit.o
        10          0          0          0          0          0   rtexit2.o
        12          4          0          0          0         68   sys_exit.o
        74          0          0          0          0         80   sys_stackheap_outer.o
         2          0          0          0          0         68   use_no_semi.o
        10          0          0          0          0        116   fpinit.o

    ----------------------------------------------------------------------
       296         16          0          0         96        700   Library Totals
        10          0          0          0          0          0   (incl. Padding)

    ----------------------------------------------------------------------

      Code (inc. data)   RO Data    RW Data    ZI Data      Debug   Library Name

       276         16          0          0         96        584   c_w.l
        10          0          0          0          0        116   fz_wm.l

    ----------------------------------------------------------------------
       296         16          0          0         96        700   Library Totals

    ----------------------------------------------------------------------

==============================================================================


      Code (inc. data)   RO Data    RW Data    ZI Data      Debug   

      1708        264        560         24      34088      17355   Grand Totals
      1708        264        560         24      34088      17355   ELF Image Totals
      1708        264        560         24          0          0   ROM Totals

==============================================================================

    Total RO  Size (Code + RO Data)                 2268 (   2.21kB)
    Total RW  Size (RW Data + ZI Data)             34112 (  33.31kB)
    Total ROM Size (Code + RO Data + RW Data)       2292 (   2.24kB)

==============================================================================

