Component: Arm Compiler for Embedded 6.18 Tool: armlink [5e4cc100]

==============================================================================

Section Cross References

    main.o(.ARM.exidx.text.systick) refers to main.o(.text.systick) for [Anonymous Symbol]
    main.o(.ARM.exidx.text.timer_init) refers to main.o(.text.timer_init) for [Anonymous Symbol]
    main.o(.text.gpio_on) refers to main.o(.data.gpio) for gpio
    main.o(.ARM.exidx.text.gpio_on) refers to main.o(.text.gpio_on) for [Anonymous Symbol]
    main.o(.text.gpio_off) refers to main.o(.data.gpio) for gpio
    main.o(.ARM.exidx.text.gpio_off) refers to main.o(.text.gpio_off) for [Anonymous Symbol]
    main.o(.text.gpio_init) refers to main.o(.data.gpio) for gpio
    main.o(.ARM.exidx.text.gpio_init) refers to main.o(.text.gpio_init) for [Anonymous Symbol]
    main.o(.text.TIMER0_IRQHandler) refers to main.o(.data.TIMER0_IRQHandler.count) for TIMER0_IRQHandler.count
    main.o(.text.TIMER0_IRQHandler) refers to main.o(.bss.TIMER0_IRQHandler.onof) for TIMER0_IRQHandler.onof
    main.o(.text.TIMER0_IRQHandler) refers to main.o(.data.gpio) for gpio
    main.o(.ARM.exidx.text.TIMER0_IRQHandler) refers to main.o(.text.TIMER0_IRQHandler) for [Anonymous Symbol]
    main.o(.ARM.exidx.text._func1) refers to main.o(.text._func1) for [Anonymous Symbol]
    main.o(.ARM.exidx.text._func2) refers to main.o(.text._func2) for [Anonymous Symbol]
    main.o(.text.SysTick_Handler) refers to main.o(.bss.cnt) for cnt
    main.o(.ARM.exidx.text.SysTick_Handler) refers to main.o(.text.SysTick_Handler) for [Anonymous Symbol]
    main.o(.text.GetSysTick) refers to main.o(.bss.cnt) for cnt
    main.o(.ARM.exidx.text.GetSysTick) refers to main.o(.text.GetSysTick) for [Anonymous Symbol]
    main.o(.text.main) refers to main.o(.data.gpio) for gpio
    main.o(.text.main) refers to main.o(.data.sp_func1) for sp_func1
    main.o(.text.main) refers to main.o(.data.sp_func2) for sp_func2
    main.o(.text.main) refers to main.o(.text._func1) for _func1
    main.o(.text.main) refers to main.o(.text._func2) for _func2
    main.o(.ARM.exidx.text.main) refers to main.o(.text.main) for [Anonymous Symbol]
    main.o(.data.sp_func1) refers to main.o(.bss.func1) for func1
    main.o(.data.sp_func2) refers to main.o(.bss.func2) for func2
    arm_startup_nrf52840.o(STACK) refers (Special) to heapauxi.o(.text) for __use_two_region_memory
    arm_startup_nrf52840.o(HEAP) refers (Special) to heapauxi.o(.text) for __use_two_region_memory
    arm_startup_nrf52840.o(RESET) refers (Special) to heapauxi.o(.text) for __use_two_region_memory
    arm_startup_nrf52840.o(RESET) refers to arm_startup_nrf52840.o(STACK) for __initial_sp
    arm_startup_nrf52840.o(RESET) refers to arm_startup_nrf52840.o(.text) for Reset_Handler
    arm_startup_nrf52840.o(RESET) refers to main.o(.text.SysTick_Handler) for SysTick_Handler
    arm_startup_nrf52840.o(RESET) refers to main.o(.text.TIMER0_IRQHandler) for TIMER0_IRQHandler
    arm_startup_nrf52840.o(.text) refers (Special) to heapauxi.o(.text) for __use_two_region_memory
    arm_startup_nrf52840.o(.text) refers to system_nrf52.o(.text.SystemInit) for SystemInit
    arm_startup_nrf52840.o(.text) refers to __main.o(!!!main) for __main
    arm_startup_nrf52840.o(.text) refers to arm_startup_nrf52840.o(HEAP) for Heap_Mem
    arm_startup_nrf52840.o(.text) refers to arm_startup_nrf52840.o(STACK) for Stack_Mem
    system_nrf52.o(.ARM.exidx.text.nvmc_wait) refers to system_nrf52.o(.text.nvmc_wait) for [Anonymous Symbol]
    system_nrf52.o(.ARM.exidx.text.nvmc_config) refers to system_nrf52.o(.text.nvmc_config) for [Anonymous Symbol]
    system_nrf52.o(.text.SystemCoreClockUpdate) refers to system_nrf52.o(.data.SystemCoreClock) for SystemCoreClock
    system_nrf52.o(.ARM.exidx.text.SystemCoreClockUpdate) refers to system_nrf52.o(.text.SystemCoreClockUpdate) for [Anonymous Symbol]
    system_nrf52.o(.text.SystemInit) refers to system_nrf52.o(.data.SystemCoreClock) for SystemCoreClock
    system_nrf52.o(.ARM.exidx.text.SystemInit) refers to system_nrf52.o(.text.SystemInit) for [Anonymous Symbol]
    __main.o(!!!main) refers to __rtentry.o(.ARM.Collect$$rtentry$$00000000) for __rt_entry
    __rtentry.o(.ARM.Collect$$rtentry$$00000000) refers (Special) to __rtentry2.o(.ARM.Collect$$rtentry$$0000000A) for __rt_entry_li
    __rtentry.o(.ARM.Collect$$rtentry$$00000000) refers (Special) to __rtentry2.o(.ARM.Collect$$rtentry$$0000000D) for __rt_entry_main
    __rtentry.o(.ARM.Collect$$rtentry$$00000000) refers (Special) to __rtentry2.o(.ARM.Collect$$rtentry$$0000000C) for __rt_entry_postli_1
    __rtentry.o(.ARM.Collect$$rtentry$$00000000) refers (Special) to __rtentry2.o(.ARM.Collect$$rtentry$$00000009) for __rt_entry_postsh_1
    __rtentry.o(.ARM.Collect$$rtentry$$00000000) refers (Special) to __rtentry2.o(.ARM.Collect$$rtentry$$00000002) for __rt_entry_presh_1
    __rtentry.o(.ARM.Collect$$rtentry$$00000000) refers (Special) to __rtentry4.o(.ARM.Collect$$rtentry$$00000004) for __rt_entry_sh
    __rtentry2.o(.ARM.Collect$$rtentry$$00000008) refers to boardinit2.o(.text) for _platform_post_stackheap_init
    __rtentry2.o(.ARM.Collect$$rtentry$$0000000A) refers to libinit.o(.ARM.Collect$$libinit$$00000000) for __rt_lib_init
    __rtentry2.o(.ARM.Collect$$rtentry$$0000000B) refers to boardinit3.o(.text) for _platform_post_lib_init
    __rtentry2.o(.ARM.Collect$$rtentry$$0000000D) refers to main.o(.text.main) for main
    __rtentry2.o(.ARM.Collect$$rtentry$$0000000D) refers to exit.o(.text) for exit
    __rtentry2.o(.ARM.exidx) refers to __rtentry2.o(.ARM.Collect$$rtentry$$00000001) for .ARM.Collect$$rtentry$$00000001
    __rtentry2.o(.ARM.exidx) refers to __rtentry2.o(.ARM.Collect$$rtentry$$00000008) for .ARM.Collect$$rtentry$$00000008
    __rtentry2.o(.ARM.exidx) refers to __rtentry2.o(.ARM.Collect$$rtentry$$0000000A) for .ARM.Collect$$rtentry$$0000000A
    __rtentry2.o(.ARM.exidx) refers to __rtentry2.o(.ARM.Collect$$rtentry$$0000000B) for .ARM.Collect$$rtentry$$0000000B
    __rtentry2.o(.ARM.exidx) refers to __rtentry2.o(.ARM.Collect$$rtentry$$0000000D) for .ARM.Collect$$rtentry$$0000000D
    __rtentry4.o(.ARM.Collect$$rtentry$$00000004) refers to sys_stackheap_outer.o(.text) for __user_setup_stackheap
    __rtentry4.o(.ARM.exidx) refers to __rtentry4.o(.ARM.Collect$$rtentry$$00000004) for .ARM.Collect$$rtentry$$00000004
    sys_stackheap_outer.o(.text) refers to libspace.o(.text) for __user_perproc_libspace
    sys_stackheap_outer.o(.text) refers to arm_startup_nrf52840.o(.text) for __user_initial_stackheap
    exit.o(.text) refers to rtexit.o(.ARM.Collect$$rtexit$$00000000) for __rt_exit
    libinit.o(.ARM.Collect$$libinit$$00000000) refers (Special) to libinit2.o(.ARM.Collect$$libinit$$00000030) for __rt_lib_init_alloca_1
    libinit.o(.ARM.Collect$$libinit$$00000000) refers (Special) to libinit2.o(.ARM.Collect$$libinit$$0000002E) for __rt_lib_init_argv_1
    libinit.o(.ARM.Collect$$libinit$$00000000) refers (Special) to libinit2.o(.ARM.Collect$$libinit$$0000001D) for __rt_lib_init_atexit_1
    libinit.o(.ARM.Collect$$libinit$$00000000) refers (Special) to libinit2.o(.ARM.Collect$$libinit$$00000023) for __rt_lib_init_clock_1
    libinit.o(.ARM.Collect$$libinit$$00000000) refers (Special) to libinit2.o(.ARM.Collect$$libinit$$00000034) for __rt_lib_init_cpp_1
    libinit.o(.ARM.Collect$$libinit$$00000000) refers (Special) to libinit2.o(.ARM.Collect$$libinit$$00000032) for __rt_lib_init_exceptions_1
    libinit.o(.ARM.Collect$$libinit$$00000000) refers (Special) to libinit2.o(.ARM.Collect$$libinit$$00000001) for __rt_lib_init_fp_1
    libinit.o(.ARM.Collect$$libinit$$00000000) refers (Special) to libinit2.o(.ARM.Collect$$libinit$$00000021) for __rt_lib_init_fp_trap_1
    libinit.o(.ARM.Collect$$libinit$$00000000) refers (Special) to libinit2.o(.ARM.Collect$$libinit$$00000025) for __rt_lib_init_getenv_1
    libinit.o(.ARM.Collect$$libinit$$00000000) refers (Special) to libinit2.o(.ARM.Collect$$libinit$$0000000C) for __rt_lib_init_heap_1
    libinit.o(.ARM.Collect$$libinit$$00000000) refers (Special) to libinit2.o(.ARM.Collect$$libinit$$00000013) for __rt_lib_init_lc_collate_1
    libinit.o(.ARM.Collect$$libinit$$00000000) refers (Special) to libinit2.o(.ARM.Collect$$libinit$$00000015) for __rt_lib_init_lc_ctype_1
    libinit.o(.ARM.Collect$$libinit$$00000000) refers (Special) to libinit2.o(.ARM.Collect$$libinit$$00000017) for __rt_lib_init_lc_monetary_1
    libinit.o(.ARM.Collect$$libinit$$00000000) refers (Special) to libinit2.o(.ARM.Collect$$libinit$$00000019) for __rt_lib_init_lc_numeric_1
    libinit.o(.ARM.Collect$$libinit$$00000000) refers (Special) to libinit2.o(.ARM.Collect$$libinit$$0000001B) for __rt_lib_init_lc_time_1
    libinit.o(.ARM.Collect$$libinit$$00000000) refers (Special) to libinit2.o(.ARM.Collect$$libinit$$00000006) for __rt_lib_init_preinit_1
    libinit.o(.ARM.Collect$$libinit$$00000000) refers (Special) to libinit2.o(.ARM.Collect$$libinit$$00000010) for __rt_lib_init_rand_1
    libinit.o(.ARM.Collect$$libinit$$00000000) refers (Special) to libinit2.o(.ARM.Collect$$libinit$$00000004) for __rt_lib_init_relocate_pie_1
    libinit.o(.ARM.Collect$$libinit$$00000000) refers (Special) to libinit2.o(.ARM.Collect$$libinit$$00000035) for __rt_lib_init_return
    libinit.o(.ARM.Collect$$libinit$$00000000) refers (Special) to libinit2.o(.ARM.Collect$$libinit$$0000001F) for __rt_lib_init_signal_1
    libinit.o(.ARM.Collect$$libinit$$00000000) refers (Special) to libinit2.o(.ARM.Collect$$libinit$$00000027) for __rt_lib_init_stdio_1
    libinit.o(.ARM.Collect$$libinit$$00000000) refers (Special) to libinit2.o(.ARM.Collect$$libinit$$0000000E) for __rt_lib_init_user_alloc_1
    libspace.o(.text) refers to libspace.o(.bss) for __libspace_start
    rtexit.o(.ARM.Collect$$rtexit$$00000000) refers (Special) to rtexit2.o(.ARM.Collect$$rtexit$$00000004) for __rt_exit_exit
    rtexit.o(.ARM.Collect$$rtexit$$00000000) refers (Special) to rtexit2.o(.ARM.Collect$$rtexit$$00000003) for __rt_exit_ls
    rtexit.o(.ARM.Collect$$rtexit$$00000000) refers (Special) to rtexit2.o(.ARM.Collect$$rtexit$$00000002) for __rt_exit_prels_1
    rtexit.o(.ARM.exidx) refers (Special) to rtexit2.o(.ARM.Collect$$rtexit$$00000004) for __rt_exit_exit
    rtexit.o(.ARM.exidx) refers (Special) to rtexit2.o(.ARM.Collect$$rtexit$$00000003) for __rt_exit_ls
    rtexit.o(.ARM.exidx) refers (Special) to rtexit2.o(.ARM.Collect$$rtexit$$00000002) for __rt_exit_prels_1
    rtexit.o(.ARM.exidx) refers to rtexit.o(.ARM.Collect$$rtexit$$00000000) for .ARM.Collect$$rtexit$$00000000
    libinit2.o(.ARM.Collect$$libinit$$00000001) refers to fpinit.o(x$fpl$fpinit) for _fp_init
    libinit2.o(.ARM.Collect$$libinit$$00000012) refers to libinit2.o(.ARM.Collect$$libinit$$00000011) for .ARM.Collect$$libinit$$00000011
    libinit2.o(.ARM.Collect$$libinit$$00000014) refers to libinit2.o(.ARM.Collect$$libinit$$00000011) for .ARM.Collect$$libinit$$00000011
    libinit2.o(.ARM.Collect$$libinit$$00000016) refers to libinit2.o(.ARM.Collect$$libinit$$00000011) for .ARM.Collect$$libinit$$00000011
    libinit2.o(.ARM.Collect$$libinit$$00000018) refers to libinit2.o(.ARM.Collect$$libinit$$00000011) for .ARM.Collect$$libinit$$00000011
    libinit2.o(.ARM.Collect$$libinit$$0000001A) refers to libinit2.o(.ARM.Collect$$libinit$$00000011) for .ARM.Collect$$libinit$$00000011
    libinit2.o(.ARM.Collect$$libinit$$00000028) refers to argv_veneer.o(.emb_text) for __ARM_argv_veneer
    libinit2.o(.ARM.Collect$$libinit$$00000029) refers to argv_veneer.o(.emb_text) for __ARM_argv_veneer
    rtexit2.o(.ARM.Collect$$rtexit$$00000003) refers to libshutdown.o(.ARM.Collect$$libshutdown$$00000000) for __rt_lib_shutdown
    rtexit2.o(.ARM.Collect$$rtexit$$00000004) refers to sys_exit.o(.text) for _sys_exit
    rtexit2.o(.ARM.exidx) refers to rtexit2.o(.ARM.Collect$$rtexit$$00000001) for .ARM.Collect$$rtexit$$00000001
    rtexit2.o(.ARM.exidx) refers to rtexit2.o(.ARM.Collect$$rtexit$$00000003) for .ARM.Collect$$rtexit$$00000003
    rtexit2.o(.ARM.exidx) refers to rtexit2.o(.ARM.Collect$$rtexit$$00000004) for .ARM.Collect$$rtexit$$00000004
    argv_veneer.o(.emb_text) refers to no_argv.o(.text) for __ARM_get_argv
    sys_exit.o(.text) refers (Special) to use_no_semi.o(.text) for __I$use$semihosting
    sys_exit.o(.text) refers (Special) to indicate_semi.o(.text) for __semihosting_library_function
    sys_exit_hlt.o(.text) refers (Special) to use_no_semi.o(.text) for __I$use$semihosting
    sys_exit_hlt.o(.text) refers (Special) to indicate_semi.o(.text) for __semihosting_library_function
    _get_argv_nomalloc.o(.text) refers (Special) to hrguard.o(.text) for __heap_region$guard
    _get_argv_nomalloc.o(.text) refers to defsig_rtmem_outer.o(.text) for __rt_SIGRTMEM
    _get_argv_nomalloc.o(.text) refers to sys_command.o(.text) for _sys_command_string
    libshutdown.o(.ARM.Collect$$libshutdown$$00000000) refers (Special) to libshutdown2.o(.ARM.Collect$$libshutdown$$00000002) for __rt_lib_shutdown_cpp_1
    libshutdown.o(.ARM.Collect$$libshutdown$$00000000) refers (Special) to libshutdown2.o(.ARM.Collect$$libshutdown$$00000007) for __rt_lib_shutdown_fp_trap_1
    libshutdown.o(.ARM.Collect$$libshutdown$$00000000) refers (Special) to libshutdown2.o(.ARM.Collect$$libshutdown$$0000000F) for __rt_lib_shutdown_heap_1
    libshutdown.o(.ARM.Collect$$libshutdown$$00000000) refers (Special) to libshutdown2.o(.ARM.Collect$$libshutdown$$00000010) for __rt_lib_shutdown_return
    libshutdown.o(.ARM.Collect$$libshutdown$$00000000) refers (Special) to libshutdown2.o(.ARM.Collect$$libshutdown$$0000000A) for __rt_lib_shutdown_signal_1
    libshutdown.o(.ARM.Collect$$libshutdown$$00000000) refers (Special) to libshutdown2.o(.ARM.Collect$$libshutdown$$00000004) for __rt_lib_shutdown_stdio_1
    libshutdown.o(.ARM.Collect$$libshutdown$$00000000) refers (Special) to libshutdown2.o(.ARM.Collect$$libshutdown$$0000000C) for __rt_lib_shutdown_user_alloc_1
    sys_command.o(.text) refers (Special) to use_no_semi.o(.text) for __I$use$semihosting
    sys_command.o(.text) refers (Special) to indicate_semi.o(.text) for __semihosting_library_function
    sys_command_hlt.o(.text) refers (Special) to use_no_semi.o(.text) for __I$use$semihosting
    sys_command_hlt.o(.text) refers (Special) to indicate_semi.o(.text) for __semihosting_library_function
    defsig_rtmem_outer.o(.text) refers to defsig_rtmem_inner.o(.text) for __rt_SIGRTMEM_inner
    defsig_rtmem_outer.o(.text) refers to defsig_exit.o(.text) for __sig_exit
    defsig_rtmem_formal.o(.text) refers to rt_raise.o(.text) for __rt_raise
    rt_raise.o(.text) refers to __raise.o(.text) for __raise
    rt_raise.o(.text) refers to sys_exit.o(.text) for _sys_exit
    defsig_exit.o(.text) refers to sys_exit.o(.text) for _sys_exit
    defsig_rtmem_inner.o(.text) refers to defsig_general.o(.text) for __default_signal_display
    __raise.o(.text) refers to defsig.o(CL$$defsig) for __default_signal_handler
    defsig_general.o(.text) refers to sys_wrch.o(.text) for _ttywrch
    sys_wrch.o(.text) refers (Special) to use_no_semi.o(.text) for __I$use$semihosting
    sys_wrch.o(.text) refers (Special) to indicate_semi.o(.text) for __semihosting_library_function
    sys_wrch_hlt.o(.text) refers (Special) to use_no_semi.o(.text) for __I$use$semihosting
    sys_wrch_hlt.o(.text) refers (Special) to indicate_semi.o(.text) for __semihosting_library_function
    defsig.o(CL$$defsig) refers to defsig_rtmem_inner.o(.text) for __rt_SIGRTMEM_inner
    defsig_abrt_inner.o(.text) refers to defsig_general.o(.text) for __default_signal_display
    defsig_fpe_inner.o(.text) refers to defsig_general.o(.text) for __default_signal_display
    defsig_rtred_inner.o(.text) refers to defsig_general.o(.text) for __default_signal_display
    defsig_stak_inner.o(.text) refers to defsig_general.o(.text) for __default_signal_display
    defsig_pvfn_inner.o(.text) refers to defsig_general.o(.text) for __default_signal_display
    defsig_cppl_inner.o(.text) refers to defsig_general.o(.text) for __default_signal_display
    defsig_segv_inner.o(.text) refers to defsig_general.o(.text) for __default_signal_display
    defsig_other.o(.text) refers to defsig_general.o(.text) for __default_signal_display


==============================================================================

Removing Unused input sections from the image.

    Removing main.o(.text), (0 bytes).
    Removing main.o(.text.systick), (22 bytes).
    Removing main.o(.ARM.exidx.text.systick), (8 bytes).
    Removing main.o(.text.timer_init), (66 bytes).
    Removing main.o(.ARM.exidx.text.timer_init), (8 bytes).
    Removing main.o(.text.gpio_on), (24 bytes).
    Removing main.o(.ARM.exidx.text.gpio_on), (8 bytes).
    Removing main.o(.text.gpio_off), (24 bytes).
    Removing main.o(.ARM.exidx.text.gpio_off), (8 bytes).
    Removing main.o(.text.gpio_init), (18 bytes).
    Removing main.o(.ARM.exidx.text.gpio_init), (8 bytes).
    Removing main.o(.ARM.exidx.text.TIMER0_IRQHandler), (8 bytes).
    Removing main.o(.ARM.exidx.text._func1), (8 bytes).
    Removing main.o(.ARM.exidx.text._func2), (8 bytes).
    Removing main.o(.ARM.exidx.text.SysTick_Handler), (8 bytes).
    Removing main.o(.text.GetSysTick), (16 bytes).
    Removing main.o(.ARM.exidx.text.GetSysTick), (8 bytes).
    Removing main.o(.ARM.exidx.text.main), (8 bytes).
    Removing main.o(.ARM.use_no_argv), (4 bytes).
    Removing system_nrf52.o(.text), (0 bytes).
    Removing system_nrf52.o(.text.nvmc_wait), (16 bytes).
    Removing system_nrf52.o(.ARM.exidx.text.nvmc_wait), (8 bytes).
    Removing system_nrf52.o(.text.nvmc_config), (20 bytes).
    Removing system_nrf52.o(.ARM.exidx.text.nvmc_config), (8 bytes).
    Removing system_nrf52.o(.text.SystemCoreClockUpdate), (20 bytes).
    Removing system_nrf52.o(.ARM.exidx.text.SystemCoreClockUpdate), (8 bytes).
    Removing system_nrf52.o(.ARM.exidx.text.SystemInit), (8 bytes).

27 unused section(s) (total 350 bytes) removed from the image.

==============================================================================

Image Symbol Table

    Local Symbols

    Symbol Name                              Value     Ov Type        Size  Object(Section)

    ../clib/angel/boardlib.s                 0x00000000   Number         0  boardinit1.o ABSOLUTE
    ../clib/angel/boardlib.s                 0x00000000   Number         0  boardinit2.o ABSOLUTE
    ../clib/angel/boardlib.s                 0x00000000   Number         0  boardinit3.o ABSOLUTE
    ../clib/angel/boardlib.s                 0x00000000   Number         0  boardshut.o ABSOLUTE
    ../clib/angel/handlers.s                 0x00000000   Number         0  __scatter_copy.o ABSOLUTE
    ../clib/angel/handlers.s                 0x00000000   Number         0  __scatter_zi.o ABSOLUTE
    ../clib/angel/kernel.s                   0x00000000   Number         0  __rtentry.o ABSOLUTE
    ../clib/angel/kernel.s                   0x00000000   Number         0  __rtentry2.o ABSOLUTE
    ../clib/angel/kernel.s                   0x00000000   Number         0  __rtentry4.o ABSOLUTE
    ../clib/angel/kernel.s                   0x00000000   Number         0  rtexit.o ABSOLUTE
    ../clib/angel/kernel.s                   0x00000000   Number         0  rtexit2.o ABSOLUTE
    ../clib/angel/rt.s                       0x00000000   Number         0  rt_raise.o ABSOLUTE
    ../clib/angel/scatter.s                  0x00000000   Number         0  __scatter.o ABSOLUTE
    ../clib/angel/startup.s                  0x00000000   Number         0  __main.o ABSOLUTE
    ../clib/angel/sys.s                      0x00000000   Number         0  sys_stackheap_outer.o ABSOLUTE
    ../clib/angel/sys.s                      0x00000000   Number         0  libspace.o ABSOLUTE
    ../clib/angel/sys.s                      0x00000000   Number         0  use_no_semi.o ABSOLUTE
    ../clib/angel/sys.s                      0x00000000   Number         0  indicate_semi.o ABSOLUTE
    ../clib/angel/sysapp.c                   0x00000000   Number         0  sys_exit.o ABSOLUTE
    ../clib/angel/sysapp.c                   0x00000000   Number         0  sys_exit_hlt.o ABSOLUTE
    ../clib/angel/sysapp.c                   0x00000000   Number         0  sys_command.o ABSOLUTE
    ../clib/angel/sysapp.c                   0x00000000   Number         0  sys_command_hlt.o ABSOLUTE
    ../clib/angel/sysapp.c                   0x00000000   Number         0  sys_wrch.o ABSOLUTE
    ../clib/angel/sysapp.c                   0x00000000   Number         0  sys_wrch_hlt.o ABSOLUTE
    ../clib/armsys.c                         0x00000000   Number         0  argv_veneer.o ABSOLUTE
    ../clib/armsys.c                         0x00000000   Number         0  argv_veneer.o ABSOLUTE
    ../clib/armsys.c                         0x00000000   Number         0  _get_argv_nomalloc.o ABSOLUTE
    ../clib/armsys.c                         0x00000000   Number         0  no_argv.o ABSOLUTE
    ../clib/heapalloc.c                      0x00000000   Number         0  hrguard.o ABSOLUTE
    ../clib/heapaux.c                        0x00000000   Number         0  heapauxi.o ABSOLUTE
    ../clib/libinit.s                        0x00000000   Number         0  libinit.o ABSOLUTE
    ../clib/libinit.s                        0x00000000   Number         0  libinit2.o ABSOLUTE
    ../clib/libinit.s                        0x00000000   Number         0  libshutdown.o ABSOLUTE
    ../clib/libinit.s                        0x00000000   Number         0  libshutdown2.o ABSOLUTE
    ../clib/signal.c                         0x00000000   Number         0  defsig_rtmem_outer.o ABSOLUTE
    ../clib/signal.c                         0x00000000   Number         0  defsig_rtmem_formal.o ABSOLUTE
    ../clib/signal.c                         0x00000000   Number         0  defsig_exit.o ABSOLUTE
    ../clib/signal.c                         0x00000000   Number         0  defsig_rtmem_inner.o ABSOLUTE
    ../clib/signal.c                         0x00000000   Number         0  __raise.o ABSOLUTE
    ../clib/signal.c                         0x00000000   Number         0  defsig_general.o ABSOLUTE
    ../clib/signal.c                         0x00000000   Number         0  defsig_abrt_inner.o ABSOLUTE
    ../clib/signal.c                         0x00000000   Number         0  defsig_fpe_inner.o ABSOLUTE
    ../clib/signal.c                         0x00000000   Number         0  defsig_rtred_inner.o ABSOLUTE
    ../clib/signal.c                         0x00000000   Number         0  defsig_stak_inner.o ABSOLUTE
    ../clib/signal.c                         0x00000000   Number         0  defsig_pvfn_inner.o ABSOLUTE
    ../clib/signal.c                         0x00000000   Number         0  defsig_cppl_inner.o ABSOLUTE
    ../clib/signal.c                         0x00000000   Number         0  defsig_segv_inner.o ABSOLUTE
    ../clib/signal.c                         0x00000000   Number         0  defsig_other.o ABSOLUTE
    ../clib/signal.s                         0x00000000   Number         0  defsig.o ABSOLUTE
    ../clib/stdlib.c                         0x00000000   Number         0  exit.o ABSOLUTE
    ../fplib/fpinit.s                        0x00000000   Number         0  fpinit.o ABSOLUTE
    RTE/Device/nRF52840_xxAA/arm_startup_nrf52840.s 0x00000000   Number         0  arm_startup_nrf52840.o ABSOLUTE
    dc.s                                     0x00000000   Number         0  dc.o ABSOLUTE
    main.c                                   0x00000000   Number         0  main.o ABSOLUTE
    system_nrf52.c                           0x00000000   Number         0  system_nrf52.o ABSOLUTE
    RESET                                    0x00000000   Section      512  arm_startup_nrf52840.o(RESET)
    !!!main                                  0x00000200   Section        8  __main.o(!!!main)
    !!!scatter                               0x00000208   Section       52  __scatter.o(!!!scatter)
    !!handler_copy                           0x0000023c   Section       26  __scatter_copy.o(!!handler_copy)
    !!handler_zi                             0x00000258   Section       28  __scatter_zi.o(!!handler_zi)
    .ARM.Collect$$libinit$$00000000          0x00000274   Section        2  libinit.o(.ARM.Collect$$libinit$$00000000)
    .ARM.Collect$$libinit$$00000001          0x00000276   Section        4  libinit2.o(.ARM.Collect$$libinit$$00000001)
    .ARM.Collect$$libinit$$00000004          0x0000027a   Section        0  libinit2.o(.ARM.Collect$$libinit$$00000004)
    .ARM.Collect$$libinit$$00000006          0x0000027a   Section        0  libinit2.o(.ARM.Collect$$libinit$$00000006)
    .ARM.Collect$$libinit$$0000000C          0x0000027a   Section        0  libinit2.o(.ARM.Collect$$libinit$$0000000C)
    .ARM.Collect$$libinit$$0000000E          0x0000027a   Section        0  libinit2.o(.ARM.Collect$$libinit$$0000000E)
    .ARM.Collect$$libinit$$00000010          0x0000027a   Section        0  libinit2.o(.ARM.Collect$$libinit$$00000010)
    .ARM.Collect$$libinit$$00000013          0x0000027a   Section        0  libinit2.o(.ARM.Collect$$libinit$$00000013)
    .ARM.Collect$$libinit$$00000015          0x0000027a   Section        0  libinit2.o(.ARM.Collect$$libinit$$00000015)
    .ARM.Collect$$libinit$$00000017          0x0000027a   Section        0  libinit2.o(.ARM.Collect$$libinit$$00000017)
    .ARM.Collect$$libinit$$00000019          0x0000027a   Section        0  libinit2.o(.ARM.Collect$$libinit$$00000019)
    .ARM.Collect$$libinit$$0000001B          0x0000027a   Section        0  libinit2.o(.ARM.Collect$$libinit$$0000001B)
    .ARM.Collect$$libinit$$0000001D          0x0000027a   Section        0  libinit2.o(.ARM.Collect$$libinit$$0000001D)
    .ARM.Collect$$libinit$$0000001F          0x0000027a   Section        0  libinit2.o(.ARM.Collect$$libinit$$0000001F)
    .ARM.Collect$$libinit$$00000021          0x0000027a   Section        0  libinit2.o(.ARM.Collect$$libinit$$00000021)
    .ARM.Collect$$libinit$$00000023          0x0000027a   Section        0  libinit2.o(.ARM.Collect$$libinit$$00000023)
    .ARM.Collect$$libinit$$00000025          0x0000027a   Section        0  libinit2.o(.ARM.Collect$$libinit$$00000025)
    .ARM.Collect$$libinit$$00000027          0x0000027a   Section        0  libinit2.o(.ARM.Collect$$libinit$$00000027)
    .ARM.Collect$$libinit$$0000002E          0x0000027a   Section        0  libinit2.o(.ARM.Collect$$libinit$$0000002E)
    .ARM.Collect$$libinit$$00000030          0x0000027a   Section        0  libinit2.o(.ARM.Collect$$libinit$$00000030)
    .ARM.Collect$$libinit$$00000032          0x0000027a   Section        0  libinit2.o(.ARM.Collect$$libinit$$00000032)
    .ARM.Collect$$libinit$$00000034          0x0000027a   Section        0  libinit2.o(.ARM.Collect$$libinit$$00000034)
    .ARM.Collect$$libinit$$00000035          0x0000027a   Section        2  libinit2.o(.ARM.Collect$$libinit$$00000035)
    .ARM.Collect$$libshutdown$$00000000      0x0000027c   Section        2  libshutdown.o(.ARM.Collect$$libshutdown$$00000000)
    .ARM.Collect$$libshutdown$$00000002      0x0000027e   Section        0  libshutdown2.o(.ARM.Collect$$libshutdown$$00000002)
    .ARM.Collect$$libshutdown$$00000004      0x0000027e   Section        0  libshutdown2.o(.ARM.Collect$$libshutdown$$00000004)
    .ARM.Collect$$libshutdown$$00000007      0x0000027e   Section        0  libshutdown2.o(.ARM.Collect$$libshutdown$$00000007)
    .ARM.Collect$$libshutdown$$0000000A      0x0000027e   Section        0  libshutdown2.o(.ARM.Collect$$libshutdown$$0000000A)
    .ARM.Collect$$libshutdown$$0000000C      0x0000027e   Section        0  libshutdown2.o(.ARM.Collect$$libshutdown$$0000000C)
    .ARM.Collect$$libshutdown$$0000000F      0x0000027e   Section        0  libshutdown2.o(.ARM.Collect$$libshutdown$$0000000F)
    .ARM.Collect$$libshutdown$$00000010      0x0000027e   Section        2  libshutdown2.o(.ARM.Collect$$libshutdown$$00000010)
    .ARM.Collect$$rtentry$$00000000          0x00000280   Section        0  __rtentry.o(.ARM.Collect$$rtentry$$00000000)
    .ARM.Collect$$rtentry$$00000002          0x00000280   Section        0  __rtentry2.o(.ARM.Collect$$rtentry$$00000002)
    .ARM.Collect$$rtentry$$00000004          0x00000280   Section        6  __rtentry4.o(.ARM.Collect$$rtentry$$00000004)
    .ARM.Collect$$rtentry$$00000009          0x00000286   Section        0  __rtentry2.o(.ARM.Collect$$rtentry$$00000009)
    .ARM.Collect$$rtentry$$0000000A          0x00000286   Section        4  __rtentry2.o(.ARM.Collect$$rtentry$$0000000A)
    .ARM.Collect$$rtentry$$0000000C          0x0000028a   Section        0  __rtentry2.o(.ARM.Collect$$rtentry$$0000000C)
    .ARM.Collect$$rtentry$$0000000D          0x0000028a   Section        8  __rtentry2.o(.ARM.Collect$$rtentry$$0000000D)
    .ARM.Collect$$rtexit$$00000000           0x00000292   Section        2  rtexit.o(.ARM.Collect$$rtexit$$00000000)
    .ARM.Collect$$rtexit$$00000002           0x00000294   Section        0  rtexit2.o(.ARM.Collect$$rtexit$$00000002)
    .ARM.Collect$$rtexit$$00000003           0x00000294   Section        4  rtexit2.o(.ARM.Collect$$rtexit$$00000003)
    .ARM.Collect$$rtexit$$00000004           0x00000298   Section        6  rtexit2.o(.ARM.Collect$$rtexit$$00000004)
    $v0                                      0x000002a0   Number         0  arm_startup_nrf52840.o(.text)
    .text                                    0x000002a0   Section       64  arm_startup_nrf52840.o(.text)
    .text                                    0x000002e0   Section        0  heapauxi.o(.text)
    .text                                    0x000002e6   Section       74  sys_stackheap_outer.o(.text)
    .text                                    0x00000330   Section        0  exit.o(.text)
    .text                                    0x00000344   Section        8  libspace.o(.text)
    .text                                    0x0000034c   Section        0  sys_exit.o(.text)
    .text                                    0x00000358   Section        2  use_no_semi.o(.text)
    .text                                    0x0000035a   Section        0  indicate_semi.o(.text)
    [Anonymous Symbol]                       0x0000035c   Section        0  main.o(.text.SysTick_Handler)
    [Anonymous Symbol]                       0x0000036c   Section        0  system_nrf52.o(.text.SystemInit)
    [Anonymous Symbol]                       0x000004e4   Section        0  main.o(.text.TIMER0_IRQHandler)
    [Anonymous Symbol]                       0x00000570   Section        0  main.o(.text._func1)
    [Anonymous Symbol]                       0x00000574   Section        0  main.o(.text._func2)
    [Anonymous Symbol]                       0x00000578   Section        0  main.o(.text.main)
    $v0                                      0x00000640   Number         0  fpinit.o(x$fpl$fpinit)
    x$fpl$fpinit                             0x00000640   Section       26  fpinit.o(x$fpl$fpinit)
    __tagsym$$used.0                         0x20000000   Number         0  system_nrf52.o(.data.SystemCoreClock)
    TIMER0_IRQHandler.count                  0x20000004   Data           4  main.o(.data.TIMER0_IRQHandler.count)
    [Anonymous Symbol]                       0x20000004   Section        0  main.o(.data.TIMER0_IRQHandler.count)
    .bss                                     0x20000018   Section       96  libspace.o(.bss)
    TIMER0_IRQHandler.onof                   0x20000078   Data           1  main.o(.bss.TIMER0_IRQHandler.onof)
    [Anonymous Symbol]                       0x20000078   Section        0  main.o(.bss.TIMER0_IRQHandler.onof)
    cnt                                      0x2000007c   Data           4  main.o(.bss.cnt)
    [Anonymous Symbol]                       0x2000007c   Section        0  main.o(.bss.cnt)
    Heap_Mem                                 0x200001c0   Data       16384  arm_startup_nrf52840.o(HEAP)
    HEAP                                     0x200001c0   Section    16384  arm_startup_nrf52840.o(HEAP)
    Stack_Mem                                0x200041c0   Data       16384  arm_startup_nrf52840.o(STACK)
    STACK                                    0x200041c0   Section    16384  arm_startup_nrf52840.o(STACK)
    __initial_sp                             0x200081c0   Data           0  arm_startup_nrf52840.o(STACK)

    Global Symbols

    Symbol Name                              Value     Ov Type        Size  Object(Section)

    BuildAttributes$$THM_ISAv4$E$P$D$K$B$S$7EM$VFPi3$EXTD16$VFPS$VFMA$PE$A:L22UL41UL21$X:L11$S22US41US21$IEEE1$IW$~IW$USESV6$~STKCKD$USESV7$~SHL$OTIME$ROPI$EBA8$UX$STANDARDLIB$REQ8$PRES8$EABIv2 0x00000000   Number         0  anon$$obj.o ABSOLUTE
    __Vectors                                0x00000000   Data           4  arm_startup_nrf52840.o(RESET)
    __ARM_exceptions_init                     - Undefined Weak Reference
    __alloca_initialize                       - Undefined Weak Reference
    __arm_preinit_                            - Undefined Weak Reference
    __arm_relocate_pie_                       - Undefined Weak Reference
    __cpp_initialize__aeabi_                  - Undefined Weak Reference
    __cxa_finalize                            - Undefined Weak Reference
    __rt_locale                               - Undefined Weak Reference
    __sigvec_lookup                           - Undefined Weak Reference
    _atexit_init                              - Undefined Weak Reference
    _call_atexit_fns                          - Undefined Weak Reference
    _clock_init                               - Undefined Weak Reference
    _fp_trap_init                             - Undefined Weak Reference
    _fp_trap_shutdown                         - Undefined Weak Reference
    _get_lc_collate                           - Undefined Weak Reference
    _get_lc_ctype                             - Undefined Weak Reference
    _get_lc_monetary                          - Undefined Weak Reference
    _get_lc_numeric                           - Undefined Weak Reference
    _get_lc_time                              - Undefined Weak Reference
    _getenv_init                              - Undefined Weak Reference
    _handle_redirection                       - Undefined Weak Reference
    _init_alloc                               - Undefined Weak Reference
    _init_user_alloc                          - Undefined Weak Reference
    _initio                                   - Undefined Weak Reference
    _rand_init                                - Undefined Weak Reference
    _signal_finish                            - Undefined Weak Reference
    _signal_init                              - Undefined Weak Reference
    _terminate_alloc                          - Undefined Weak Reference
    _terminate_user_alloc                     - Undefined Weak Reference
    _terminateio                              - Undefined Weak Reference
    __Vectors_End                            0x00000200   Data           0  arm_startup_nrf52840.o(RESET)
    __Vectors_Size                           0x00000200   Number         0  arm_startup_nrf52840.o ABSOLUTE
    __main                                   0x00000201   Thumb Code     8  __main.o(!!!main)
    __scatterload                            0x00000209   Thumb Code     0  __scatter.o(!!!scatter)
    __scatterload_rt2                        0x00000209   Thumb Code    44  __scatter.o(!!!scatter)
    __scatterload_rt2_thumb_only             0x00000209   Thumb Code     0  __scatter.o(!!!scatter)
    __scatterload_null                       0x00000217   Thumb Code     0  __scatter.o(!!!scatter)
    __scatterload_copy                       0x0000023d   Thumb Code    26  __scatter_copy.o(!!handler_copy)
    __scatterload_zeroinit                   0x00000259   Thumb Code    28  __scatter_zi.o(!!handler_zi)
    __rt_lib_init                            0x00000275   Thumb Code     0  libinit.o(.ARM.Collect$$libinit$$00000000)
    __rt_lib_init_fp_1                       0x00000277   Thumb Code     0  libinit2.o(.ARM.Collect$$libinit$$00000001)
    __rt_lib_init_alloca_1                   0x0000027b   Thumb Code     0  libinit2.o(.ARM.Collect$$libinit$$00000030)
    __rt_lib_init_argv_1                     0x0000027b   Thumb Code     0  libinit2.o(.ARM.Collect$$libinit$$0000002E)
    __rt_lib_init_atexit_1                   0x0000027b   Thumb Code     0  libinit2.o(.ARM.Collect$$libinit$$0000001D)
    __rt_lib_init_clock_1                    0x0000027b   Thumb Code     0  libinit2.o(.ARM.Collect$$libinit$$00000023)
    __rt_lib_init_cpp_1                      0x0000027b   Thumb Code     0  libinit2.o(.ARM.Collect$$libinit$$00000034)
    __rt_lib_init_exceptions_1               0x0000027b   Thumb Code     0  libinit2.o(.ARM.Collect$$libinit$$00000032)
    __rt_lib_init_fp_trap_1                  0x0000027b   Thumb Code     0  libinit2.o(.ARM.Collect$$libinit$$00000021)
    __rt_lib_init_getenv_1                   0x0000027b   Thumb Code     0  libinit2.o(.ARM.Collect$$libinit$$00000025)
    __rt_lib_init_heap_1                     0x0000027b   Thumb Code     0  libinit2.o(.ARM.Collect$$libinit$$0000000C)
    __rt_lib_init_lc_collate_1               0x0000027b   Thumb Code     0  libinit2.o(.ARM.Collect$$libinit$$00000013)
    __rt_lib_init_lc_ctype_1                 0x0000027b   Thumb Code     0  libinit2.o(.ARM.Collect$$libinit$$00000015)
    __rt_lib_init_lc_monetary_1              0x0000027b   Thumb Code     0  libinit2.o(.ARM.Collect$$libinit$$00000017)
    __rt_lib_init_lc_numeric_1               0x0000027b   Thumb Code     0  libinit2.o(.ARM.Collect$$libinit$$00000019)
    __rt_lib_init_lc_time_1                  0x0000027b   Thumb Code     0  libinit2.o(.ARM.Collect$$libinit$$0000001B)
    __rt_lib_init_preinit_1                  0x0000027b   Thumb Code     0  libinit2.o(.ARM.Collect$$libinit$$00000006)
    __rt_lib_init_rand_1                     0x0000027b   Thumb Code     0  libinit2.o(.ARM.Collect$$libinit$$00000010)
    __rt_lib_init_relocate_pie_1             0x0000027b   Thumb Code     0  libinit2.o(.ARM.Collect$$libinit$$00000004)
    __rt_lib_init_return                     0x0000027b   Thumb Code     0  libinit2.o(.ARM.Collect$$libinit$$00000035)
    __rt_lib_init_signal_1                   0x0000027b   Thumb Code     0  libinit2.o(.ARM.Collect$$libinit$$0000001F)
    __rt_lib_init_stdio_1                    0x0000027b   Thumb Code     0  libinit2.o(.ARM.Collect$$libinit$$00000027)
    __rt_lib_init_user_alloc_1               0x0000027b   Thumb Code     0  libinit2.o(.ARM.Collect$$libinit$$0000000E)
    __rt_lib_shutdown                        0x0000027d   Thumb Code     0  libshutdown.o(.ARM.Collect$$libshutdown$$00000000)
    __rt_lib_shutdown_cpp_1                  0x0000027f   Thumb Code     0  libshutdown2.o(.ARM.Collect$$libshutdown$$00000002)
    __rt_lib_shutdown_fp_trap_1              0x0000027f   Thumb Code     0  libshutdown2.o(.ARM.Collect$$libshutdown$$00000007)
    __rt_lib_shutdown_heap_1                 0x0000027f   Thumb Code     0  libshutdown2.o(.ARM.Collect$$libshutdown$$0000000F)
    __rt_lib_shutdown_return                 0x0000027f   Thumb Code     0  libshutdown2.o(.ARM.Collect$$libshutdown$$00000010)
    __rt_lib_shutdown_signal_1               0x0000027f   Thumb Code     0  libshutdown2.o(.ARM.Collect$$libshutdown$$0000000A)
    __rt_lib_shutdown_stdio_1                0x0000027f   Thumb Code     0  libshutdown2.o(.ARM.Collect$$libshutdown$$00000004)
    __rt_lib_shutdown_user_alloc_1           0x0000027f   Thumb Code     0  libshutdown2.o(.ARM.Collect$$libshutdown$$0000000C)
    __rt_entry                               0x00000281   Thumb Code     0  __rtentry.o(.ARM.Collect$$rtentry$$00000000)
    __rt_entry_presh_1                       0x00000281   Thumb Code     0  __rtentry2.o(.ARM.Collect$$rtentry$$00000002)
    __rt_entry_sh                            0x00000281   Thumb Code     0  __rtentry4.o(.ARM.Collect$$rtentry$$00000004)
    __rt_entry_li                            0x00000287   Thumb Code     0  __rtentry2.o(.ARM.Collect$$rtentry$$0000000A)
    __rt_entry_postsh_1                      0x00000287   Thumb Code     0  __rtentry2.o(.ARM.Collect$$rtentry$$00000009)
    __rt_entry_main                          0x0000028b   Thumb Code     0  __rtentry2.o(.ARM.Collect$$rtentry$$0000000D)
    __rt_entry_postli_1                      0x0000028b   Thumb Code     0  __rtentry2.o(.ARM.Collect$$rtentry$$0000000C)
    __rt_exit                                0x00000293   Thumb Code     0  rtexit.o(.ARM.Collect$$rtexit$$00000000)
    __rt_exit_ls                             0x00000295   Thumb Code     0  rtexit2.o(.ARM.Collect$$rtexit$$00000003)
    __rt_exit_prels_1                        0x00000295   Thumb Code     0  rtexit2.o(.ARM.Collect$$rtexit$$00000002)
    __rt_exit_exit                           0x00000299   Thumb Code     0  rtexit2.o(.ARM.Collect$$rtexit$$00000004)
    Reset_Handler                            0x000002a1   Thumb Code     8  arm_startup_nrf52840.o(.text)
    NMI_Handler                              0x000002a9   Thumb Code     2  arm_startup_nrf52840.o(.text)
    HardFault_Handler                        0x000002ab   Thumb Code     2  arm_startup_nrf52840.o(.text)
    MemoryManagement_Handler                 0x000002ad   Thumb Code     2  arm_startup_nrf52840.o(.text)
    BusFault_Handler                         0x000002af   Thumb Code     2  arm_startup_nrf52840.o(.text)
    UsageFault_Handler                       0x000002b1   Thumb Code     2  arm_startup_nrf52840.o(.text)
    SVC_Handler                              0x000002b3   Thumb Code     2  arm_startup_nrf52840.o(.text)
    DebugMon_Handler                         0x000002b5   Thumb Code     2  arm_startup_nrf52840.o(.text)
    PendSV_Handler                           0x000002b7   Thumb Code     2  arm_startup_nrf52840.o(.text)
    CCM_AAR_IRQHandler                       0x000002bb   Thumb Code     0  arm_startup_nrf52840.o(.text)
    COMP_LPCOMP_IRQHandler                   0x000002bb   Thumb Code     0  arm_startup_nrf52840.o(.text)
    CRYPTOCELL_IRQHandler                    0x000002bb   Thumb Code     0  arm_startup_nrf52840.o(.text)
    ECB_IRQHandler                           0x000002bb   Thumb Code     0  arm_startup_nrf52840.o(.text)
    FPU_IRQHandler                           0x000002bb   Thumb Code     0  arm_startup_nrf52840.o(.text)
    GPIOTE_IRQHandler                        0x000002bb   Thumb Code     0  arm_startup_nrf52840.o(.text)
    I2S_IRQHandler                           0x000002bb   Thumb Code     0  arm_startup_nrf52840.o(.text)
    MWU_IRQHandler                           0x000002bb   Thumb Code     0  arm_startup_nrf52840.o(.text)
    NFCT_IRQHandler                          0x000002bb   Thumb Code     0  arm_startup_nrf52840.o(.text)
    PDM_IRQHandler                           0x000002bb   Thumb Code     0  arm_startup_nrf52840.o(.text)
    POWER_CLOCK_IRQHandler                   0x000002bb   Thumb Code     0  arm_startup_nrf52840.o(.text)
    PWM0_IRQHandler                          0x000002bb   Thumb Code     0  arm_startup_nrf52840.o(.text)
    PWM1_IRQHandler                          0x000002bb   Thumb Code     0  arm_startup_nrf52840.o(.text)
    PWM2_IRQHandler                          0x000002bb   Thumb Code     0  arm_startup_nrf52840.o(.text)
    PWM3_IRQHandler                          0x000002bb   Thumb Code     0  arm_startup_nrf52840.o(.text)
    QDEC_IRQHandler                          0x000002bb   Thumb Code     0  arm_startup_nrf52840.o(.text)
    QSPI_IRQHandler                          0x000002bb   Thumb Code     0  arm_startup_nrf52840.o(.text)
    RADIO_IRQHandler                         0x000002bb   Thumb Code     0  arm_startup_nrf52840.o(.text)
    RNG_IRQHandler                           0x000002bb   Thumb Code     0  arm_startup_nrf52840.o(.text)
    RTC0_IRQHandler                          0x000002bb   Thumb Code     0  arm_startup_nrf52840.o(.text)
    RTC1_IRQHandler                          0x000002bb   Thumb Code     0  arm_startup_nrf52840.o(.text)
    RTC2_IRQHandler                          0x000002bb   Thumb Code     0  arm_startup_nrf52840.o(.text)
    SAADC_IRQHandler                         0x000002bb   Thumb Code     0  arm_startup_nrf52840.o(.text)
    SPIM0_SPIS0_TWIM0_TWIS0_SPI0_TWI0_IRQHandler 0x000002bb   Thumb Code     0  arm_startup_nrf52840.o(.text)
    SPIM1_SPIS1_TWIM1_TWIS1_SPI1_TWI1_IRQHandler 0x000002bb   Thumb Code     0  arm_startup_nrf52840.o(.text)
    SPIM2_SPIS2_SPI2_IRQHandler              0x000002bb   Thumb Code     0  arm_startup_nrf52840.o(.text)
    SPIM3_IRQHandler                         0x000002bb   Thumb Code     0  arm_startup_nrf52840.o(.text)
    SWI0_EGU0_IRQHandler                     0x000002bb   Thumb Code     0  arm_startup_nrf52840.o(.text)
    SWI1_EGU1_IRQHandler                     0x000002bb   Thumb Code     0  arm_startup_nrf52840.o(.text)
    SWI2_EGU2_IRQHandler                     0x000002bb   Thumb Code     0  arm_startup_nrf52840.o(.text)
    SWI3_EGU3_IRQHandler                     0x000002bb   Thumb Code     0  arm_startup_nrf52840.o(.text)
    SWI4_EGU4_IRQHandler                     0x000002bb   Thumb Code     0  arm_startup_nrf52840.o(.text)
    SWI5_EGU5_IRQHandler                     0x000002bb   Thumb Code     0  arm_startup_nrf52840.o(.text)
    TEMP_IRQHandler                          0x000002bb   Thumb Code     0  arm_startup_nrf52840.o(.text)
    TIMER1_IRQHandler                        0x000002bb   Thumb Code     0  arm_startup_nrf52840.o(.text)
    TIMER2_IRQHandler                        0x000002bb   Thumb Code     0  arm_startup_nrf52840.o(.text)
    TIMER3_IRQHandler                        0x000002bb   Thumb Code     0  arm_startup_nrf52840.o(.text)
    TIMER4_IRQHandler                        0x000002bb   Thumb Code     0  arm_startup_nrf52840.o(.text)
    UARTE0_UART0_IRQHandler                  0x000002bb   Thumb Code     0  arm_startup_nrf52840.o(.text)
    UARTE1_IRQHandler                        0x000002bb   Thumb Code     0  arm_startup_nrf52840.o(.text)
    USBD_IRQHandler                          0x000002bb   Thumb Code     0  arm_startup_nrf52840.o(.text)
    WDT_IRQHandler                           0x000002bb   Thumb Code     0  arm_startup_nrf52840.o(.text)
    __user_initial_stackheap                 0x000002bd   Thumb Code    10  arm_startup_nrf52840.o(.text)
    __use_two_region_memory                  0x000002e1   Thumb Code     2  heapauxi.o(.text)
    __rt_heap_escrow$2region                 0x000002e3   Thumb Code     2  heapauxi.o(.text)
    __rt_heap_expand$2region                 0x000002e5   Thumb Code     2  heapauxi.o(.text)
    __user_setup_stackheap                   0x000002e7   Thumb Code    74  sys_stackheap_outer.o(.text)
    exit                                     0x00000331   Thumb Code    18  exit.o(.text)
    __user_libspace                          0x00000345   Thumb Code     8  libspace.o(.text)
    __user_perproc_libspace                  0x00000345   Thumb Code     0  libspace.o(.text)
    __user_perthread_libspace                0x00000345   Thumb Code     0  libspace.o(.text)
    _sys_exit                                0x0000034d   Thumb Code     8  sys_exit.o(.text)
    __I$use$semihosting                      0x00000359   Thumb Code     0  use_no_semi.o(.text)
    __use_no_semihosting_swi                 0x00000359   Thumb Code     2  use_no_semi.o(.text)
    __semihosting_library_function           0x0000035b   Thumb Code     0  indicate_semi.o(.text)
    SysTick_Handler                          0x0000035d   Thumb Code    16  main.o(.text.SysTick_Handler)
    SystemInit                               0x0000036d   Thumb Code   374  system_nrf52.o(.text.SystemInit)
    TIMER0_IRQHandler                        0x000004e5   Thumb Code   138  main.o(.text.TIMER0_IRQHandler)
    _func1                                   0x00000571   Thumb Code     2  main.o(.text._func1)
    _func2                                   0x00000575   Thumb Code     2  main.o(.text._func2)
    main                                     0x00000579   Thumb Code   200  main.o(.text.main)
    _fp_init                                 0x00000641   Thumb Code    26  fpinit.o(x$fpl$fpinit)
    __fplib_config_fpu_vfp                   0x00000659   Thumb Code     0  fpinit.o(x$fpl$fpinit)
    __fplib_config_pureend_doubles           0x00000659   Thumb Code     0  fpinit.o(x$fpl$fpinit)
    Region$$Table$$Base                      0x0000065c   Number         0  anon$$obj.o(Region$$Table)
    Region$$Table$$Limit                     0x0000067c   Number         0  anon$$obj.o(Region$$Table)
    SystemCoreClock                          0x20000000   Data           4  system_nrf52.o(.data.SystemCoreClock)
    gpio                                     0x20000008   Data           4  main.o(.data.gpio)
    sp_func1                                 0x2000000c   Data           4  main.o(.data.sp_func1)
    sp_func2                                 0x20000010   Data           4  main.o(.data.sp_func2)
    __libspace_start                         0x20000018   Data          96  libspace.o(.bss)
    __temporary_stack_top$libspace           0x20000078   Data           0  libspace.o(.bss)
    func1                                    0x20000080   Data         160  main.o(.bss.func1)
    func2                                    0x20000120   Data         160  main.o(.bss.func2)



==============================================================================

Memory Map of the image

  Image Entry point : 0x000002a1

  Load Region LR_1 (Base: 0x00000000, Size: 0x00000690, Max: 0xffffffff, ABSOLUTE)

    Execution Region ER_RO (Exec base: 0x00000000, Load base: 0x00000000, Size: 0x0000067c, Max: 0xffffffff, ABSOLUTE)

    Exec Addr    Load Addr    Size         Type   Attr      Idx    E Section Name        Object

    0x00000000   0x00000000   0x00000200   Data   RO           42    RESET               arm_startup_nrf52840.o
    0x00000200   0x00000200   0x00000008   Code   RO           70  * !!!main             c_w.l(__main.o)
    0x00000208   0x00000208   0x00000034   Code   RO          235    !!!scatter          c_w.l(__scatter.o)
    0x0000023c   0x0000023c   0x0000001a   Code   RO          237    !!handler_copy      c_w.l(__scatter_copy.o)
    0x00000256   0x00000256   0x00000002   PAD
    0x00000258   0x00000258   0x0000001c   Code   RO          239    !!handler_zi        c_w.l(__scatter_zi.o)
    0x00000274   0x00000274   0x00000002   Code   RO           97    .ARM.Collect$$libinit$$00000000  c_w.l(libinit.o)
    0x00000276   0x00000276   0x00000004   Code   RO          103    .ARM.Collect$$libinit$$00000001  c_w.l(libinit2.o)
    0x0000027a   0x0000027a   0x00000000   Code   RO          106    .ARM.Collect$$libinit$$00000004  c_w.l(libinit2.o)
    0x0000027a   0x0000027a   0x00000000   Code   RO          108    .ARM.Collect$$libinit$$00000006  c_w.l(libinit2.o)
    0x0000027a   0x0000027a   0x00000000   Code   RO          111    .ARM.Collect$$libinit$$0000000C  c_w.l(libinit2.o)
    0x0000027a   0x0000027a   0x00000000   Code   RO          113    .ARM.Collect$$libinit$$0000000E  c_w.l(libinit2.o)
    0x0000027a   0x0000027a   0x00000000   Code   RO          115    .ARM.Collect$$libinit$$00000010  c_w.l(libinit2.o)
    0x0000027a   0x0000027a   0x00000000   Code   RO          118    .ARM.Collect$$libinit$$00000013  c_w.l(libinit2.o)
    0x0000027a   0x0000027a   0x00000000   Code   RO          120    .ARM.Collect$$libinit$$00000015  c_w.l(libinit2.o)
    0x0000027a   0x0000027a   0x00000000   Code   RO          122    .ARM.Collect$$libinit$$00000017  c_w.l(libinit2.o)
    0x0000027a   0x0000027a   0x00000000   Code   RO          124    .ARM.Collect$$libinit$$00000019  c_w.l(libinit2.o)
    0x0000027a   0x0000027a   0x00000000   Code   RO          126    .ARM.Collect$$libinit$$0000001B  c_w.l(libinit2.o)
    0x0000027a   0x0000027a   0x00000000   Code   RO          128    .ARM.Collect$$libinit$$0000001D  c_w.l(libinit2.o)
    0x0000027a   0x0000027a   0x00000000   Code   RO          130    .ARM.Collect$$libinit$$0000001F  c_w.l(libinit2.o)
    0x0000027a   0x0000027a   0x00000000   Code   RO          132    .ARM.Collect$$libinit$$00000021  c_w.l(libinit2.o)
    0x0000027a   0x0000027a   0x00000000   Code   RO          134    .ARM.Collect$$libinit$$00000023  c_w.l(libinit2.o)
    0x0000027a   0x0000027a   0x00000000   Code   RO          136    .ARM.Collect$$libinit$$00000025  c_w.l(libinit2.o)
    0x0000027a   0x0000027a   0x00000000   Code   RO          138    .ARM.Collect$$libinit$$00000027  c_w.l(libinit2.o)
    0x0000027a   0x0000027a   0x00000000   Code   RO          142    .ARM.Collect$$libinit$$0000002E  c_w.l(libinit2.o)
    0x0000027a   0x0000027a   0x00000000   Code   RO          144    .ARM.Collect$$libinit$$00000030  c_w.l(libinit2.o)
    0x0000027a   0x0000027a   0x00000000   Code   RO          146    .ARM.Collect$$libinit$$00000032  c_w.l(libinit2.o)
    0x0000027a   0x0000027a   0x00000000   Code   RO          148    .ARM.Collect$$libinit$$00000034  c_w.l(libinit2.o)
    0x0000027a   0x0000027a   0x00000002   Code   RO          149    .ARM.Collect$$libinit$$00000035  c_w.l(libinit2.o)
    0x0000027c   0x0000027c   0x00000002   Code   RO          171    .ARM.Collect$$libshutdown$$00000000  c_w.l(libshutdown.o)
    0x0000027e   0x0000027e   0x00000000   Code   RO          186    .ARM.Collect$$libshutdown$$00000002  c_w.l(libshutdown2.o)
    0x0000027e   0x0000027e   0x00000000   Code   RO          188    .ARM.Collect$$libshutdown$$00000004  c_w.l(libshutdown2.o)
    0x0000027e   0x0000027e   0x00000000   Code   RO          191    .ARM.Collect$$libshutdown$$00000007  c_w.l(libshutdown2.o)
    0x0000027e   0x0000027e   0x00000000   Code   RO          194    .ARM.Collect$$libshutdown$$0000000A  c_w.l(libshutdown2.o)
    0x0000027e   0x0000027e   0x00000000   Code   RO          196    .ARM.Collect$$libshutdown$$0000000C  c_w.l(libshutdown2.o)
    0x0000027e   0x0000027e   0x00000000   Code   RO          199    .ARM.Collect$$libshutdown$$0000000F  c_w.l(libshutdown2.o)
    0x0000027e   0x0000027e   0x00000002   Code   RO          200    .ARM.Collect$$libshutdown$$00000010  c_w.l(libshutdown2.o)
    0x00000280   0x00000280   0x00000000   Code   RO           72    .ARM.Collect$$rtentry$$00000000  c_w.l(__rtentry.o)
    0x00000280   0x00000280   0x00000000   Code   RO           74    .ARM.Collect$$rtentry$$00000002  c_w.l(__rtentry2.o)
    0x00000280   0x00000280   0x00000006   Code   RO           86    .ARM.Collect$$rtentry$$00000004  c_w.l(__rtentry4.o)
    0x00000286   0x00000286   0x00000000   Code   RO           76    .ARM.Collect$$rtentry$$00000009  c_w.l(__rtentry2.o)
    0x00000286   0x00000286   0x00000004   Code   RO           77    .ARM.Collect$$rtentry$$0000000A  c_w.l(__rtentry2.o)
    0x0000028a   0x0000028a   0x00000000   Code   RO           79    .ARM.Collect$$rtentry$$0000000C  c_w.l(__rtentry2.o)
    0x0000028a   0x0000028a   0x00000008   Code   RO           80    .ARM.Collect$$rtentry$$0000000D  c_w.l(__rtentry2.o)
    0x00000292   0x00000292   0x00000002   Code   RO          101    .ARM.Collect$$rtexit$$00000000  c_w.l(rtexit.o)
    0x00000294   0x00000294   0x00000000   Code   RO          151    .ARM.Collect$$rtexit$$00000002  c_w.l(rtexit2.o)
    0x00000294   0x00000294   0x00000004   Code   RO          152    .ARM.Collect$$rtexit$$00000003  c_w.l(rtexit2.o)
    0x00000298   0x00000298   0x00000006   Code   RO          153    .ARM.Collect$$rtexit$$00000004  c_w.l(rtexit2.o)
    0x0000029e   0x0000029e   0x00000002   PAD
    0x000002a0   0x000002a0   0x00000040   Code   RO           43  * .text               arm_startup_nrf52840.o
    0x000002e0   0x000002e0   0x00000006   Code   RO           68    .text               c_w.l(heapauxi.o)
    0x000002e6   0x000002e6   0x0000004a   Code   RO           88    .text               c_w.l(sys_stackheap_outer.o)
    0x00000330   0x00000330   0x00000012   Code   RO           90    .text               c_w.l(exit.o)
    0x00000342   0x00000342   0x00000002   PAD
    0x00000344   0x00000344   0x00000008   Code   RO           98    .text               c_w.l(libspace.o)
    0x0000034c   0x0000034c   0x0000000c   Code   RO          161    .text               c_w.l(sys_exit.o)
    0x00000358   0x00000358   0x00000002   Code   RO          176    .text               c_w.l(use_no_semi.o)
    0x0000035a   0x0000035a   0x00000000   Code   RO          178    .text               c_w.l(indicate_semi.o)
    0x0000035a   0x0000035a   0x00000002   PAD
    0x0000035c   0x0000035c   0x00000010   Code   RO           18    .text.SysTick_Handler  main.o
    0x0000036c   0x0000036c   0x00000176   Code   RO           56    .text.SystemInit    system_nrf52.o
    0x000004e2   0x000004e2   0x00000002   PAD
    0x000004e4   0x000004e4   0x0000008a   Code   RO           12    .text.TIMER0_IRQHandler  main.o
    0x0000056e   0x0000056e   0x00000002   PAD
    0x00000570   0x00000570   0x00000002   Code   RO           14    .text._func1        main.o
    0x00000572   0x00000572   0x00000002   PAD
    0x00000574   0x00000574   0x00000002   Code   RO           16    .text._func2        main.o
    0x00000576   0x00000576   0x00000002   PAD
    0x00000578   0x00000578   0x000000c8   Code   RO           22    .text.main          main.o
    0x00000640   0x00000640   0x0000001a   Code   RO          159    x$fpl$fpinit        fz_wm.l(fpinit.o)
    0x0000065a   0x0000065a   0x00000002   PAD
    0x0000065c   0x0000065c   0x00000020   Data   RO          234    Region$$Table       anon$$obj.o


    Execution Region ER_RW (Exec base: 0x20000000, Load base: 0x0000067c, Size: 0x00000014, Max: 0xffffffff, ABSOLUTE)

    Exec Addr    Load Addr    Size         Type   Attr      Idx    E Section Name        Object

    0x20000000   0x0000067c   0x00000004   Data   RW           58    .data.SystemCoreClock  system_nrf52.o
    0x20000004   0x00000680   0x00000004   Data   RW           29    .data.TIMER0_IRQHandler.count  main.o
    0x20000008   0x00000684   0x00000004   Data   RW           24    .data.gpio          main.o
    0x2000000c   0x00000688   0x00000004   Data   RW           26    .data.sp_func1      main.o
    0x20000010   0x0000068c   0x00000004   Data   RW           28    .data.sp_func2      main.o


    Execution Region ER_ZI (Exec base: 0x20000018, Load base: 0x00000690, Size: 0x000081a8, Max: 0xffffffff, ABSOLUTE)

    Exec Addr    Load Addr    Size         Type   Attr      Idx    E Section Name        Object

    0x20000018        -       0x00000060   Zero   RW           99    .bss                c_w.l(libspace.o)
    0x20000078        -       0x00000001   Zero   RW           30    .bss.TIMER0_IRQHandler.onof  main.o
    0x20000079   0x00000690   0x00000003   PAD
    0x2000007c        -       0x00000004   Zero   RW           31    .bss.cnt            main.o
    0x20000080        -       0x000000a0   Zero   RW           25    .bss.func1          main.o
    0x20000120        -       0x000000a0   Zero   RW           27    .bss.func2          main.o
    0x200001c0        -       0x00004000   Zero   RW           41    HEAP                arm_startup_nrf52840.o
    0x200041c0        -       0x00004000   Zero   RW           40    STACK               arm_startup_nrf52840.o


==============================================================================

Image component sizes


      Code (inc. data)   RO Data    RW Data    ZI Data      Debug   Object Name

        64         26        512          0      32768        944   arm_startup_nrf52840.o
       358          0          0         16        325       5492   main.o
       374          0          0          4          0       8824   system_nrf52.o

    ----------------------------------------------------------------------
       804         26        544         20      33096      15260   Object Totals
         0          0         32          0          0          0   (incl. Generated)
         8          0          0          0          3          0   (incl. Padding)

    ----------------------------------------------------------------------

      Code (inc. data)   RO Data    RW Data    ZI Data      Debug   Library Member Name

         8          0          0          0          0         68   __main.o
         0          0          0          0          0          0   __rtentry.o
        12          0          0          0          0          0   __rtentry2.o
         6          0          0          0          0          0   __rtentry4.o
        52          8          0          0          0          0   __scatter.o
        26          0          0          0          0          0   __scatter_copy.o
        28          0          0          0          0          0   __scatter_zi.o
        18          0          0          0          0         80   exit.o
         6          0          0          0          0        152   heapauxi.o
         0          0          0          0          0          0   indicate_semi.o
         2          0          0          0          0          0   libinit.o
         6          0          0          0          0          0   libinit2.o
         2          0          0          0          0          0   libshutdown.o
         2          0          0          0          0          0   libshutdown2.o
         8          4          0          0         96         68   libspace.o
         2          0          0          0          0          0   rtexit.o
        10          0          0          0          0          0   rtexit2.o
        12          4          0          0          0         68   sys_exit.o
        74          0          0          0          0         80   sys_stackheap_outer.o
         2          0          0          0          0         68   use_no_semi.o
        26          0          0          0          0        116   fpinit.o

    ----------------------------------------------------------------------
       312         16          0          0         96        700   Library Totals
        10          0          0          0          0          0   (incl. Padding)

    ----------------------------------------------------------------------

      Code (inc. data)   RO Data    RW Data    ZI Data      Debug   Library Name

       276         16          0          0         96        584   c_w.l
        26          0          0          0          0        116   fz_wm.l

    ----------------------------------------------------------------------
       312         16          0          0         96        700   Library Totals

    ----------------------------------------------------------------------

==============================================================================


      Code (inc. data)   RO Data    RW Data    ZI Data      Debug   

      1116         42        544         20      33192      15784   Grand Totals
      1116         42        544         20      33192      15784   ELF Image Totals
      1116         42        544         20          0          0   ROM Totals

==============================================================================

    Total RO  Size (Code + RO Data)                 1660 (   1.62kB)
    Total RW  Size (RW Data + ZI Data)             33212 (  32.43kB)
    Total ROM Size (Code + RO Data + RW Data)       1680 (   1.64kB)

==============================================================================

