Component: ARM Compiler 5.06 update 7 (build 960) Tool: armlink [4d3601]

==============================================================================

Section Cross References

    main.o(i.logPrint_debug) refers to printfa.o(i.__0vsprintf) for vsprintf
    main.o(i.logPrint_debug) refers to strlen.o(.text) for strlen
    main.o(i.logPrint_debug) refers to main.o(i.send_data) for send_data
    main.o(i.main) refers to main.o(i.uart_init) for uart_init
    main.o(i.main) refers to main.o(i.logPrint_debug) for logPrint_debug
    main.o(i.send_data) refers to nrfx_uart.o(i.nrfx_uart_tx) for nrfx_uart_tx
    main.o(i.send_data) refers to main.o(.data) for .data
    main.o(i.uart_handler) refers to main.o(.data) for .data
    main.o(i.uart_init) refers to nrf_drv_uart.o(i.nrf_drv_uart_init) for nrf_drv_uart_init
    main.o(i.uart_init) refers to main.o(i.error_handler) for error_handler
    main.o(i.uart_init) refers to main.o(i.uart_handler) for uart_handler
    main.o(i.uart_init) refers to main.o(.data) for .data
    nrf_drv_uart.o(i.nrf_drv_uart_init) refers to memcpya.o(.text) for __aeabi_memcpy4
    nrf_drv_uart.o(i.nrf_drv_uart_init) refers to nrfx_uart.o(i.nrfx_uart_init) for nrfx_uart_init
    nrf_drv_uart.o(i.nrf_drv_uart_init) refers to nrf_drv_uart.o(.data) for .data
    nrf_drv_uart.o(i.nrf_drv_uart_init) refers to nrf_drv_uart.o(i.uart_evt_handler) for uart_evt_handler
    nrf_drv_uart.o(i.uart_evt_handler) refers to nrf_drv_uart.o(.data) for .data
    nrfx_uart.o(i.UARTE0_UART0_IRQHandler) refers to nrfx_uart.o(i.uart_irq_handler) for uart_irq_handler
    nrfx_uart.o(i.UARTE0_UART0_IRQHandler) refers to nrfx_uart.o(.bss) for .bss
    nrfx_uart.o(i.apply_config) refers to nrfx_uart.o(i.nrf_gpio_pin_set) for nrf_gpio_pin_set
    nrfx_uart.o(i.apply_config) refers to nrfx_uart.o(i.nrf_gpio_cfg_output) for nrf_gpio_cfg_output
    nrfx_uart.o(i.apply_config) refers to nrfx_uart.o(i.nrf_gpio_cfg_input) for nrf_gpio_cfg_input
    nrfx_uart.o(i.interrupts_enable) refers to nrfx_uart.o(i.nrf_uart_event_clear) for nrf_uart_event_clear
    nrfx_uart.o(i.nrf_gpio_cfg) refers to nrfx_uart.o(i.nrf_gpio_pin_port_decode) for nrf_gpio_pin_port_decode
    nrfx_uart.o(i.nrf_gpio_cfg_default) refers to nrfx_uart.o(i.nrf_gpio_cfg) for nrf_gpio_cfg
    nrfx_uart.o(i.nrf_gpio_cfg_input) refers to nrfx_uart.o(i.nrf_gpio_cfg) for nrf_gpio_cfg
    nrfx_uart.o(i.nrf_gpio_cfg_output) refers to nrfx_uart.o(i.nrf_gpio_cfg) for nrf_gpio_cfg
    nrfx_uart.o(i.nrf_gpio_pin_set) refers to nrfx_uart.o(i.nrf_gpio_pin_port_decode) for nrf_gpio_pin_port_decode
    nrfx_uart.o(i.nrfx_uart_errorsrc_get) refers to nrfx_uart.o(i.nrf_uart_event_clear) for nrf_uart_event_clear
    nrfx_uart.o(i.nrfx_uart_init) refers to nrfx_uart.o(i.apply_config) for apply_config
    nrfx_uart.o(i.nrfx_uart_init) refers to nrfx_uart.o(i.interrupts_enable) for interrupts_enable
    nrfx_uart.o(i.nrfx_uart_init) refers to nrfx_uart.o(.bss) for .bss
    nrfx_uart.o(i.nrfx_uart_rx) refers to nrfx_uart.o(i.rx_enable) for rx_enable
    nrfx_uart.o(i.nrfx_uart_rx) refers to nrfx_uart.o(i.nrf_uart_event_clear) for nrf_uart_event_clear
    nrfx_uart.o(i.nrfx_uart_rx) refers to nrfx_uart.o(i.nrf_uart_event_check) for nrf_uart_event_check
    nrfx_uart.o(i.nrfx_uart_rx) refers to nrfx_uart.o(i.rx_byte) for rx_byte
    nrfx_uart.o(i.nrfx_uart_rx) refers to nrfx_uart.o(.bss) for .bss
    nrfx_uart.o(i.nrfx_uart_rx_disable) refers to nrfx_uart.o(.bss) for .bss
    nrfx_uart.o(i.nrfx_uart_rx_enable) refers to nrfx_uart.o(i.rx_enable) for rx_enable
    nrfx_uart.o(i.nrfx_uart_rx_enable) refers to nrfx_uart.o(.bss) for .bss
    nrfx_uart.o(i.nrfx_uart_rx_ready) refers to nrfx_uart.o(i.nrf_uart_event_check) for nrf_uart_event_check
    nrfx_uart.o(i.nrfx_uart_tx) refers to nrfx_uart.o(i.nrfx_uart_tx_in_progress) for nrfx_uart_tx_in_progress
    nrfx_uart.o(i.nrfx_uart_tx) refers to nrfx_uart.o(i.nrf_uart_event_clear) for nrf_uart_event_clear
    nrfx_uart.o(i.nrfx_uart_tx) refers to nrfx_uart.o(i.tx_byte) for tx_byte
    nrfx_uart.o(i.nrfx_uart_tx) refers to nrfx_uart.o(i.tx_blocking) for tx_blocking
    nrfx_uart.o(i.nrfx_uart_tx) refers to nrfx_uart.o(i.nrf_uart_event_check) for nrf_uart_event_check
    nrfx_uart.o(i.nrfx_uart_tx) refers to nrfx_uart.o(.bss) for .bss
    nrfx_uart.o(i.nrfx_uart_tx_abort) refers to nrfx_uart.o(i.tx_done_event) for tx_done_event
    nrfx_uart.o(i.nrfx_uart_tx_abort) refers to nrfx_uart.o(.bss) for .bss
    nrfx_uart.o(i.nrfx_uart_tx_in_progress) refers to nrfx_uart.o(.bss) for .bss
    nrfx_uart.o(i.nrfx_uart_uninit) refers to nrfx_uart.o(i.interrupts_disable) for interrupts_disable
    nrfx_uart.o(i.nrfx_uart_uninit) refers to nrfx_uart.o(i.pins_to_default) for pins_to_default
    nrfx_uart.o(i.nrfx_uart_uninit) refers to nrfx_uart.o(.bss) for .bss
    nrfx_uart.o(i.pins_to_default) refers to nrfx_uart.o(i.nrf_gpio_cfg_default) for nrf_gpio_cfg_default
    nrfx_uart.o(i.rx_byte) refers to nrfx_uart.o(i.nrf_uart_event_clear) for nrf_uart_event_clear
    nrfx_uart.o(i.rx_enable) refers to nrfx_uart.o(i.nrf_uart_event_clear) for nrf_uart_event_clear
    nrfx_uart.o(i.tx_blocking) refers to nrfx_uart.o(i.nrf_uart_event_check) for nrf_uart_event_check
    nrfx_uart.o(i.tx_blocking) refers to nrfx_uart.o(i.tx_byte) for tx_byte
    nrfx_uart.o(i.tx_byte) refers to nrfx_uart.o(i.nrf_uart_event_clear) for nrf_uart_event_clear
    nrfx_uart.o(i.uart_irq_handler) refers to nrfx_uart.o(i.nrf_uart_int_enable_check) for nrf_uart_int_enable_check
    nrfx_uart.o(i.uart_irq_handler) refers to nrfx_uart.o(i.nrf_uart_event_check) for nrf_uart_event_check
    nrfx_uart.o(i.uart_irq_handler) refers to nrfx_uart.o(i.nrf_uart_event_clear) for nrf_uart_event_clear
    nrfx_uart.o(i.uart_irq_handler) refers to nrfx_uart.o(i.rx_byte) for rx_byte
    nrfx_uart.o(i.uart_irq_handler) refers to nrfx_uart.o(i.rx_done_event) for rx_done_event
    nrfx_uart.o(i.uart_irq_handler) refers to nrfx_uart.o(i.tx_done_event) for tx_done_event
    nrfx_uart.o(i.uart_irq_handler) refers to nrfx_uart.o(i.tx_byte) for tx_byte
    arm_startup_nrf52840.o(RESET) refers to arm_startup_nrf52840.o(STACK) for __initial_sp
    arm_startup_nrf52840.o(RESET) refers to arm_startup_nrf52840.o(.text) for Reset_Handler
    arm_startup_nrf52840.o(RESET) refers to nrfx_uart.o(i.UARTE0_UART0_IRQHandler) for UARTE0_UART0_IRQHandler
    arm_startup_nrf52840.o(.text) refers to system_nrf52.o(i.SystemInit) for SystemInit
    arm_startup_nrf52840.o(.text) refers to entry.o(.ARM.Collect$$$$00000000) for __main
    system_nrf52.o(i.SystemCoreClockUpdate) refers to system_nrf52.o(.data) for .data
    system_nrf52.o(i.SystemInit) refers to system_nrf52.o(i.nrf52_errata_36) for nrf52_errata_36
    system_nrf52.o(i.SystemInit) refers to system_nrf52.o(i.nrf52_errata_66) for nrf52_errata_66
    system_nrf52.o(i.SystemInit) refers to system_nrf52.o(i.nrf52_errata_98) for nrf52_errata_98
    system_nrf52.o(i.SystemInit) refers to system_nrf52.o(i.nrf52_errata_103) for nrf52_errata_103
    system_nrf52.o(i.SystemInit) refers to system_nrf52.o(i.nrf52_errata_115) for nrf52_errata_115
    system_nrf52.o(i.SystemInit) refers to system_nrf52.o(i.nrf52_errata_120) for nrf52_errata_120
    system_nrf52.o(i.SystemInit) refers to system_nrf52.o(i.nrf52_errata_136) for nrf52_errata_136
    system_nrf52.o(i.SystemInit) refers to system_nrf52.o(i.nrf52_configuration_249) for nrf52_configuration_249
    system_nrf52.o(i.SystemInit) refers to system_nrf52.o(i.SystemCoreClockUpdate) for SystemCoreClockUpdate
    system_nrf52.o(i.nvmc_config) refers to system_nrf52.o(i.nvmc_wait) for nvmc_wait
    entry.o(.ARM.Collect$$$$00000000) refers (Special) to entry10a.o(.ARM.Collect$$$$0000000F) for __rt_final_cpp
    entry.o(.ARM.Collect$$$$00000000) refers (Special) to entry11a.o(.ARM.Collect$$$$00000011) for __rt_final_exit
    entry.o(.ARM.Collect$$$$00000000) refers (Special) to entry12b.o(.ARM.Collect$$$$0000000E) for __rt_lib_shutdown_fini
    entry.o(.ARM.Collect$$$$00000000) refers (Special) to entry7b.o(.ARM.Collect$$$$00000008) for _main_clock
    entry.o(.ARM.Collect$$$$00000000) refers (Special) to entry8b.o(.ARM.Collect$$$$0000000A) for _main_cpp_init
    entry.o(.ARM.Collect$$$$00000000) refers (Special) to entry9a.o(.ARM.Collect$$$$0000000B) for _main_init
    entry.o(.ARM.Collect$$$$00000000) refers (Special) to entry5.o(.ARM.Collect$$$$00000004) for _main_scatterload
    entry.o(.ARM.Collect$$$$00000000) refers (Special) to entry2.o(.ARM.Collect$$$$00000001) for _main_stk
    printfa.o(i.__0fprintf) refers (Special) to iusefp.o(.text) for __I$use$fp
    printfa.o(i.__0fprintf) refers to printfa.o(i._printf_core) for _printf_core
    printfa.o(i.__0fprintf) refers to fputc.o(i.fputc) for fputc
    printfa.o(i.__0printf) refers (Special) to iusefp.o(.text) for __I$use$fp
    printfa.o(i.__0printf) refers to printfa.o(i._printf_core) for _printf_core
    printfa.o(i.__0printf) refers to fputc.o(i.fputc) for fputc
    printfa.o(i.__0printf) refers to stdout.o(.data) for __stdout
    printfa.o(i.__0snprintf) refers (Special) to iusefp.o(.text) for __I$use$fp
    printfa.o(i.__0snprintf) refers to printfa.o(i._printf_core) for _printf_core
    printfa.o(i.__0snprintf) refers to printfa.o(i._snputc) for _snputc
    printfa.o(i.__0sprintf) refers (Special) to iusefp.o(.text) for __I$use$fp
    printfa.o(i.__0sprintf) refers to printfa.o(i._printf_core) for _printf_core
    printfa.o(i.__0sprintf) refers to printfa.o(i._sputc) for _sputc
    printfa.o(i.__0vfprintf) refers (Special) to iusefp.o(.text) for __I$use$fp
    printfa.o(i.__0vfprintf) refers to printfa.o(i._printf_core) for _printf_core
    printfa.o(i.__0vfprintf) refers to fputc.o(i.fputc) for fputc
    printfa.o(i.__0vprintf) refers (Special) to iusefp.o(.text) for __I$use$fp
    printfa.o(i.__0vprintf) refers to printfa.o(i._printf_core) for _printf_core
    printfa.o(i.__0vprintf) refers to fputc.o(i.fputc) for fputc
    printfa.o(i.__0vprintf) refers to stdout.o(.data) for __stdout
    printfa.o(i.__0vsnprintf) refers (Special) to iusefp.o(.text) for __I$use$fp
    printfa.o(i.__0vsnprintf) refers to printfa.o(i._printf_core) for _printf_core
    printfa.o(i.__0vsnprintf) refers to printfa.o(i._snputc) for _snputc
    printfa.o(i.__0vsprintf) refers (Special) to iusefp.o(.text) for __I$use$fp
    printfa.o(i.__0vsprintf) refers to printfa.o(i._printf_core) for _printf_core
    printfa.o(i.__0vsprintf) refers to printfa.o(i._sputc) for _sputc
    printfa.o(i._fp_digits) refers (Special) to iusefp.o(.text) for __I$use$fp
    printfa.o(i._fp_digits) refers to dmul.o(.text) for __aeabi_dmul
    printfa.o(i._fp_digits) refers to ddiv.o(.text) for __aeabi_ddiv
    printfa.o(i._fp_digits) refers to cdrcmple.o(.text) for __aeabi_cdrcmple
    printfa.o(i._fp_digits) refers to dadd.o(.text) for __aeabi_dadd
    printfa.o(i._fp_digits) refers to dfixul.o(.text) for __aeabi_d2ulz
    printfa.o(i._fp_digits) refers to uldiv.o(.text) for __aeabi_uldivmod
    printfa.o(i._printf_core) refers (Special) to iusefp.o(.text) for __I$use$fp
    printfa.o(i._printf_core) refers to printfa.o(i._printf_pre_padding) for _printf_pre_padding
    printfa.o(i._printf_core) refers to uldiv.o(.text) for __aeabi_uldivmod
    printfa.o(i._printf_core) refers to printfa.o(i._printf_post_padding) for _printf_post_padding
    printfa.o(i._printf_core) refers to printfa.o(i._fp_digits) for _fp_digits
    printfa.o(i._printf_core) refers to uidiv.o(.text) for __aeabi_uidivmod
    printfa.o(i._printf_post_padding) refers (Special) to iusefp.o(.text) for __I$use$fp
    printfa.o(i._printf_pre_padding) refers (Special) to iusefp.o(.text) for __I$use$fp
    printfa.o(i._snputc) refers (Special) to iusefp.o(.text) for __I$use$fp
    printfa.o(i._sputc) refers (Special) to iusefp.o(.text) for __I$use$fp
    entry2.o(.ARM.Collect$$$$00000001) refers to entry2.o(.ARM.Collect$$$$00002712) for __lit__00000000
    entry2.o(.ARM.Collect$$$$00002712) refers to arm_startup_nrf52840.o(STACK) for __initial_sp
    entry2.o(__vectab_stack_and_reset_area) refers to arm_startup_nrf52840.o(STACK) for __initial_sp
    entry2.o(__vectab_stack_and_reset_area) refers to entry.o(.ARM.Collect$$$$00000000) for __main
    entry5.o(.ARM.Collect$$$$00000004) refers to init.o(.text) for __scatterload
    entry9a.o(.ARM.Collect$$$$0000000B) refers to main.o(i.main) for main
    entry9b.o(.ARM.Collect$$$$0000000C) refers to main.o(i.main) for main
    fputc.o(i.fputc) refers (Special) to iusesemip.o(.text) for __I$use$semihosting$fputc
    fputc.o(i.fputc) refers (Special) to semi.o(.text) for __semihosting_library_function
    uldiv.o(.text) refers to llushr.o(.text) for __aeabi_llsr
    uldiv.o(.text) refers to llshl.o(.text) for __aeabi_llsl
    dadd.o(.text) refers to llshl.o(.text) for __aeabi_llsl
    dadd.o(.text) refers to llsshr.o(.text) for __aeabi_lasr
    dadd.o(.text) refers to depilogue.o(.text) for _double_epilogue
    dmul.o(.text) refers to depilogue.o(.text) for _double_epilogue
    ddiv.o(.text) refers to depilogue.o(.text) for _double_round
    dfixul.o(.text) refers to llushr.o(.text) for __aeabi_llsr
    dfixul.o(.text) refers to llshl.o(.text) for __aeabi_llsl
    init.o(.text) refers to entry5.o(.ARM.Collect$$$$00000004) for __main_after_scatterload
    depilogue.o(.text) refers to llshl.o(.text) for __aeabi_llsl
    depilogue.o(.text) refers to llushr.o(.text) for __aeabi_llsr


==============================================================================

Removing Unused input sections from the image.

    Removing main.o(.rev16_text), (4 bytes).
    Removing main.o(.revsh_text), (4 bytes).
    Removing main.o(.rrx_text), (6 bytes).
    Removing nrf_drv_uart.o(.rev16_text), (4 bytes).
    Removing nrf_drv_uart.o(.revsh_text), (4 bytes).
    Removing nrf_drv_uart.o(.rrx_text), (6 bytes).
    Removing nrf_drv_uart.o(.data), (2 bytes).
    Removing nrfx_uart.o(.rev16_text), (4 bytes).
    Removing nrfx_uart.o(.revsh_text), (4 bytes).
    Removing nrfx_uart.o(.rrx_text), (6 bytes).
    Removing nrfx_uart.o(i.interrupts_disable), (52 bytes).
    Removing nrfx_uart.o(i.nrf_gpio_cfg_default), (18 bytes).
    Removing nrfx_uart.o(i.nrfx_uart_errorsrc_get), (26 bytes).
    Removing nrfx_uart.o(i.nrfx_uart_rx), (236 bytes).
    Removing nrfx_uart.o(i.nrfx_uart_rx_abort), (18 bytes).
    Removing nrfx_uart.o(i.nrfx_uart_rx_disable), (36 bytes).
    Removing nrfx_uart.o(i.nrfx_uart_rx_enable), (60 bytes).
    Removing nrfx_uart.o(i.nrfx_uart_rx_ready), (10 bytes).
    Removing nrfx_uart.o(i.nrfx_uart_tx_abort), (48 bytes).
    Removing nrfx_uart.o(i.nrfx_uart_uninit), (60 bytes).
    Removing nrfx_uart.o(i.pins_to_default), (80 bytes).
    Removing nrfx_uart.o(i.rx_enable), (32 bytes).
    Removing nrfx_uart.o(.constdata), (15 bytes).
    Removing nrfx_uart.o(.constdata), (13 bytes).
    Removing nrfx_uart.o(.constdata), (13 bytes).
    Removing nrfx_uarte.o(.rev16_text), (4 bytes).
    Removing nrfx_uarte.o(.revsh_text), (4 bytes).
    Removing nrfx_uarte.o(.rrx_text), (6 bytes).
    Removing arm_startup_nrf52840.o(HEAP), (8192 bytes).
    Removing system_nrf52.o(.rev16_text), (4 bytes).
    Removing system_nrf52.o(.revsh_text), (4 bytes).
    Removing system_nrf52.o(.rrx_text), (6 bytes).
    Removing system_nrf52.o(i.nvmc_config), (12 bytes).
    Removing system_nrf52.o(i.nvmc_wait), (16 bytes).

34 unused section(s) (total 9009 bytes) removed from the image.

==============================================================================

Image Symbol Table

    Local Symbols

    Symbol Name                              Value     Ov Type        Size  Object(Section)

    RESET                                    0x00000000   Section      512  arm_startup_nrf52840.o(RESET)
    ../clib/microlib/division.c              0x00000000   Number         0  uldiv.o ABSOLUTE
    ../clib/microlib/division.c              0x00000000   Number         0  uidiv.o ABSOLUTE
    ../clib/microlib/init/entry.s            0x00000000   Number         0  entry7a.o ABSOLUTE
    ../clib/microlib/init/entry.s            0x00000000   Number         0  entry11a.o ABSOLUTE
    ../clib/microlib/init/entry.s            0x00000000   Number         0  entry7b.o ABSOLUTE
    ../clib/microlib/init/entry.s            0x00000000   Number         0  entry.o ABSOLUTE
    ../clib/microlib/init/entry.s            0x00000000   Number         0  entry2.o ABSOLUTE
    ../clib/microlib/init/entry.s            0x00000000   Number         0  entry10b.o ABSOLUTE
    ../clib/microlib/init/entry.s            0x00000000   Number         0  entry12b.o ABSOLUTE
    ../clib/microlib/init/entry.s            0x00000000   Number         0  entry9a.o ABSOLUTE
    ../clib/microlib/init/entry.s            0x00000000   Number         0  entry10a.o ABSOLUTE
    ../clib/microlib/init/entry.s            0x00000000   Number         0  entry5.o ABSOLUTE
    ../clib/microlib/init/entry.s            0x00000000   Number         0  entry9b.o ABSOLUTE
    ../clib/microlib/init/entry.s            0x00000000   Number         0  entry8b.o ABSOLUTE
    ../clib/microlib/init/entry.s            0x00000000   Number         0  entry8a.o ABSOLUTE
    ../clib/microlib/init/entry.s            0x00000000   Number         0  entry11b.o ABSOLUTE
    ../clib/microlib/init/entry.s            0x00000000   Number         0  entry12a.o ABSOLUTE
    ../clib/microlib/longlong.c              0x00000000   Number         0  llsshr.o ABSOLUTE
    ../clib/microlib/longlong.c              0x00000000   Number         0  llushr.o ABSOLUTE
    ../clib/microlib/longlong.c              0x00000000   Number         0  llshl.o ABSOLUTE
    ../clib/microlib/printf/printf.c         0x00000000   Number         0  printfa.o ABSOLUTE
    ../clib/microlib/stdio/fputc.c           0x00000000   Number         0  fputc.o ABSOLUTE
    ../clib/microlib/stdio/semi.s            0x00000000   Number         0  semi.o ABSOLUTE
    ../clib/microlib/stdio/streams.c         0x00000000   Number         0  stdout.o ABSOLUTE
    ../clib/microlib/string/memcpy.c         0x00000000   Number         0  memcpyb.o ABSOLUTE
    ../clib/microlib/string/memcpy.c         0x00000000   Number         0  memcpya.o ABSOLUTE
    ../clib/microlib/string/strlen.c         0x00000000   Number         0  strlen.o ABSOLUTE
    ../clib/microlib/stubs.s                 0x00000000   Number         0  iusesemip.o ABSOLUTE
    ../clib/microlib/stubs.s                 0x00000000   Number         0  iusefp.o ABSOLUTE
    ../fplib/microlib/fpadd.c                0x00000000   Number         0  dadd.o ABSOLUTE
    ../fplib/microlib/fpdiv.c                0x00000000   Number         0  ddiv.o ABSOLUTE
    ../fplib/microlib/fpepilogue.c           0x00000000   Number         0  depilogue.o ABSOLUTE
    ../fplib/microlib/fpfix.c                0x00000000   Number         0  dfixul.o ABSOLUTE
    ../fplib/microlib/fpmul.c                0x00000000   Number         0  dmul.o ABSOLUTE
    ..\\integration\\nrfx\\legacy\\nrf_drv_uart.c 0x00000000   Number         0  nrf_drv_uart.o ABSOLUTE
    ..\\modules\\nrfx\\drivers\\src\\nrfx_uart.c 0x00000000   Number         0  nrfx_uart.o ABSOLUTE
    ..\\modules\\nrfx\\drivers\\src\\nrfx_uarte.c 0x00000000   Number         0  nrfx_uarte.o ABSOLUTE
    ..\integration\nrfx\legacy\nrf_drv_uart.c 0x00000000   Number         0  nrf_drv_uart.o ABSOLUTE
    ..\modules\nrfx\drivers\src\nrfx_uart.c  0x00000000   Number         0  nrfx_uart.o ABSOLUTE
    ..\modules\nrfx\drivers\src\nrfx_uarte.c 0x00000000   Number         0  nrfx_uarte.o ABSOLUTE
    Application\\main.c                      0x00000000   Number         0  main.o ABSOLUTE
    Application\main.c                       0x00000000   Number         0  main.o ABSOLUTE
    RTE/Device/nRF52840_xxAA/arm_startup_nrf52840.s 0x00000000   Number         0  arm_startup_nrf52840.o ABSOLUTE
    RTE/Device/nRF52840_xxAA/system_nrf52.c  0x00000000   Number         0  system_nrf52.o ABSOLUTE
    RTE\Device\nRF52840_xxAA\system_nrf52.c  0x00000000   Number         0  system_nrf52.o ABSOLUTE
    cdrcmple.s                               0x00000000   Number         0  cdrcmple.o ABSOLUTE
    dc.s                                     0x00000000   Number         0  dc.o ABSOLUTE
    handlers.s                               0x00000000   Number         0  handlers.o ABSOLUTE
    init.s                                   0x00000000   Number         0  init.o ABSOLUTE
    .ARM.Collect$$$$00000000                 0x00000200   Section        0  entry.o(.ARM.Collect$$$$00000000)
    .ARM.Collect$$$$00000001                 0x00000200   Section        4  entry2.o(.ARM.Collect$$$$00000001)
    .ARM.Collect$$$$00000004                 0x00000204   Section        4  entry5.o(.ARM.Collect$$$$00000004)
    .ARM.Collect$$$$00000008                 0x00000208   Section        0  entry7b.o(.ARM.Collect$$$$00000008)
    .ARM.Collect$$$$0000000A                 0x00000208   Section        0  entry8b.o(.ARM.Collect$$$$0000000A)
    .ARM.Collect$$$$0000000B                 0x00000208   Section        8  entry9a.o(.ARM.Collect$$$$0000000B)
    .ARM.Collect$$$$0000000E                 0x00000210   Section        4  entry12b.o(.ARM.Collect$$$$0000000E)
    .ARM.Collect$$$$0000000F                 0x00000214   Section        0  entry10a.o(.ARM.Collect$$$$0000000F)
    .ARM.Collect$$$$00000011                 0x00000214   Section        0  entry11a.o(.ARM.Collect$$$$00000011)
    .ARM.Collect$$$$00002712                 0x00000214   Section        4  entry2.o(.ARM.Collect$$$$00002712)
    __lit__00000000                          0x00000214   Data           4  entry2.o(.ARM.Collect$$$$00002712)
    .text                                    0x00000218   Section       36  arm_startup_nrf52840.o(.text)
    $v0                                      0x00000218   Number         0  arm_startup_nrf52840.o(.text)
    .text                                    0x0000023c   Section        0  memcpya.o(.text)
    .text                                    0x00000260   Section        0  strlen.o(.text)
    .text                                    0x0000026e   Section        0  uidiv.o(.text)
    .text                                    0x0000029a   Section        0  uldiv.o(.text)
    .text                                    0x000002fc   Section        0  dadd.o(.text)
    .text                                    0x000002fc   Section        0  iusefp.o(.text)
    .text                                    0x0000044a   Section        0  dmul.o(.text)
    .text                                    0x0000052e   Section        0  ddiv.o(.text)
    .text                                    0x0000060c   Section        0  dfixul.o(.text)
    .text                                    0x0000063c   Section       48  cdrcmple.o(.text)
    .text                                    0x0000066c   Section       36  init.o(.text)
    .text                                    0x00000690   Section        0  llshl.o(.text)
    .text                                    0x000006ae   Section        0  llushr.o(.text)
    .text                                    0x000006ce   Section        0  llsshr.o(.text)
    .text                                    0x000006f2   Section        0  depilogue.o(.text)
    i.SystemCoreClockUpdate                  0x000007ac   Section        0  system_nrf52.o(i.SystemCoreClockUpdate)
    i.SystemInit                             0x000007bc   Section        0  system_nrf52.o(i.SystemInit)
    i.UARTE0_UART0_IRQHandler                0x00000930   Section        0  nrfx_uart.o(i.UARTE0_UART0_IRQHandler)
    i.__0vsprintf                            0x00000940   Section        0  printfa.o(i.__0vsprintf)
    i.__scatterload_copy                     0x00000964   Section       14  handlers.o(i.__scatterload_copy)
    i.__scatterload_null                     0x00000972   Section        2  handlers.o(i.__scatterload_null)
    i.__scatterload_zeroinit                 0x00000974   Section       14  handlers.o(i.__scatterload_zeroinit)
    i._fp_digits                             0x00000984   Section        0  printfa.o(i._fp_digits)
    _fp_digits                               0x00000985   Thumb Code   366  printfa.o(i._fp_digits)
    i._printf_core                           0x00000b08   Section        0  printfa.o(i._printf_core)
    _printf_core                             0x00000b09   Thumb Code  1704  printfa.o(i._printf_core)
    i._printf_post_padding                   0x000011bc   Section        0  printfa.o(i._printf_post_padding)
    _printf_post_padding                     0x000011bd   Thumb Code    36  printfa.o(i._printf_post_padding)
    i._printf_pre_padding                    0x000011e0   Section        0  printfa.o(i._printf_pre_padding)
    _printf_pre_padding                      0x000011e1   Thumb Code    46  printfa.o(i._printf_pre_padding)
    i._sputc                                 0x0000120e   Section        0  printfa.o(i._sputc)
    _sputc                                   0x0000120f   Thumb Code    10  printfa.o(i._sputc)
    i.apply_config                           0x00001218   Section        0  nrfx_uart.o(i.apply_config)
    apply_config                             0x00001219   Thumb Code   118  nrfx_uart.o(i.apply_config)
    i.error_handler                          0x0000128e   Section        0  main.o(i.error_handler)
    i.interrupts_enable                      0x00001290   Section        0  nrfx_uart.o(i.interrupts_enable)
    interrupts_enable                        0x00001291   Thumb Code   102  nrfx_uart.o(i.interrupts_enable)
    i.logPrint_debug                         0x000012fc   Section        0  main.o(i.logPrint_debug)
    i.main                                   0x00001320   Section        0  main.o(i.main)
    i.nrf52_configuration_249                0x00001354   Section        0  system_nrf52.o(i.nrf52_configuration_249)
    nrf52_configuration_249                  0x00001355   Thumb Code    56  system_nrf52.o(i.nrf52_configuration_249)
    i.nrf52_errata_103                       0x00001390   Section        0  system_nrf52.o(i.nrf52_errata_103)
    nrf52_errata_103                         0x00001391   Thumb Code    56  system_nrf52.o(i.nrf52_errata_103)
    i.nrf52_errata_115                       0x000013cc   Section        0  system_nrf52.o(i.nrf52_errata_115)
    nrf52_errata_115                         0x000013cd   Thumb Code    56  system_nrf52.o(i.nrf52_errata_115)
    i.nrf52_errata_120                       0x00001408   Section        0  system_nrf52.o(i.nrf52_errata_120)
    nrf52_errata_120                         0x00001409   Thumb Code    56  system_nrf52.o(i.nrf52_errata_120)
    i.nrf52_errata_136                       0x00001444   Section        0  system_nrf52.o(i.nrf52_errata_136)
    nrf52_errata_136                         0x00001445   Thumb Code    56  system_nrf52.o(i.nrf52_errata_136)
    i.nrf52_errata_36                        0x00001480   Section        0  system_nrf52.o(i.nrf52_errata_36)
    nrf52_errata_36                          0x00001481   Thumb Code    56  system_nrf52.o(i.nrf52_errata_36)
    i.nrf52_errata_66                        0x000014bc   Section        0  system_nrf52.o(i.nrf52_errata_66)
    nrf52_errata_66                          0x000014bd   Thumb Code    56  system_nrf52.o(i.nrf52_errata_66)
    i.nrf52_errata_98                        0x000014f8   Section        0  system_nrf52.o(i.nrf52_errata_98)
    nrf52_errata_98                          0x000014f9   Thumb Code    56  system_nrf52.o(i.nrf52_errata_98)
    i.nrf_drv_uart_init                      0x00001534   Section        0  nrf_drv_uart.o(i.nrf_drv_uart_init)
    i.nrf_gpio_cfg                           0x00001574   Section        0  nrfx_uart.o(i.nrf_gpio_cfg)
    nrf_gpio_cfg                             0x00001575   Thumb Code    50  nrfx_uart.o(i.nrf_gpio_cfg)
    i.nrf_gpio_cfg_input                     0x000015a6   Section        0  nrfx_uart.o(i.nrf_gpio_cfg_input)
    nrf_gpio_cfg_input                       0x000015a7   Thumb Code    18  nrfx_uart.o(i.nrf_gpio_cfg_input)
    i.nrf_gpio_cfg_output                    0x000015b8   Section        0  nrfx_uart.o(i.nrf_gpio_cfg_output)
    nrf_gpio_cfg_output                      0x000015b9   Thumb Code    20  nrfx_uart.o(i.nrf_gpio_cfg_output)
    i.nrf_gpio_pin_port_decode               0x000015cc   Section        0  nrfx_uart.o(i.nrf_gpio_pin_port_decode)
    nrf_gpio_pin_port_decode                 0x000015cd   Thumb Code    22  nrfx_uart.o(i.nrf_gpio_pin_port_decode)
    i.nrf_gpio_pin_set                       0x000015e8   Section        0  nrfx_uart.o(i.nrf_gpio_pin_set)
    nrf_gpio_pin_set                         0x000015e9   Thumb Code    20  nrfx_uart.o(i.nrf_gpio_pin_set)
    i.nrf_uart_event_check                   0x000015fc   Section        0  nrfx_uart.o(i.nrf_uart_event_check)
    nrf_uart_event_check                     0x000015fd   Thumb Code    10  nrfx_uart.o(i.nrf_uart_event_check)
    i.nrf_uart_event_clear                   0x00001606   Section        0  nrfx_uart.o(i.nrf_uart_event_clear)
    nrf_uart_event_clear                     0x00001607   Thumb Code    12  nrfx_uart.o(i.nrf_uart_event_clear)
    i.nrf_uart_int_enable_check              0x00001612   Section        0  nrfx_uart.o(i.nrf_uart_int_enable_check)
    nrf_uart_int_enable_check                0x00001613   Thumb Code    12  nrfx_uart.o(i.nrf_uart_int_enable_check)
    i.nrfx_uart_init                         0x00001620   Section        0  nrfx_uart.o(i.nrfx_uart_init)
    i.nrfx_uart_tx                           0x00001680   Section        0  nrfx_uart.o(i.nrfx_uart_tx)
    i.nrfx_uart_tx_in_progress               0x00001700   Section        0  nrfx_uart.o(i.nrfx_uart_tx_in_progress)
    i.rx_byte                                0x00001720   Section        0  nrfx_uart.o(i.rx_byte)
    rx_byte                                  0x00001721   Thumb Code    52  nrfx_uart.o(i.rx_byte)
    i.rx_done_event                          0x00001754   Section        0  nrfx_uart.o(i.rx_done_event)
    rx_done_event                            0x00001755   Thumb Code    20  nrfx_uart.o(i.rx_done_event)
    i.send_data                              0x00001768   Section        0  main.o(i.send_data)
    i.tx_blocking                            0x00001788   Section        0  nrfx_uart.o(i.tx_blocking)
    tx_blocking                              0x00001789   Thumb Code    58  nrfx_uart.o(i.tx_blocking)
    i.tx_byte                                0x000017c2   Section        0  nrfx_uart.o(i.tx_byte)
    tx_byte                                  0x000017c3   Thumb Code    34  nrfx_uart.o(i.tx_byte)
    i.tx_done_event                          0x000017e4   Section        0  nrfx_uart.o(i.tx_done_event)
    tx_done_event                            0x000017e5   Thumb Code    24  nrfx_uart.o(i.tx_done_event)
    i.uart_evt_handler                       0x000017fc   Section        0  nrf_drv_uart.o(i.uart_evt_handler)
    uart_evt_handler                         0x000017fd   Thumb Code    44  nrf_drv_uart.o(i.uart_evt_handler)
    i.uart_handler                           0x0000182c   Section        0  main.o(i.uart_handler)
    i.uart_init                              0x00001840   Section        0  main.o(i.uart_init)
    i.uart_irq_handler                       0x00001884   Section        0  nrfx_uart.o(i.uart_irq_handler)
    uart_irq_handler                         0x00001885   Thumb Code   306  nrfx_uart.o(i.uart_irq_handler)
    .data                                    0x20000000   Section       16  main.o(.data)
    app_uart_inst                            0x20000004   Data          12  main.o(.data)
    .data                                    0x20000010   Section       16  nrf_drv_uart.o(.data)
    m_handlers                               0x20000010   Data           8  nrf_drv_uart.o(.data)
    m_contexts                               0x20000018   Data           8  nrf_drv_uart.o(.data)
    .data                                    0x20000020   Section        4  system_nrf52.o(.data)
    __tagsym$$used                           0x20000020   Number         0  system_nrf52.o(.data)
    .bss                                     0x20000024   Section       44  nrfx_uart.o(.bss)
    m_cb                                     0x20000024   Data          44  nrfx_uart.o(.bss)
    STACK                                    0x20000050   Section     8192  arm_startup_nrf52840.o(STACK)

    Global Symbols

    Symbol Name                              Value     Ov Type        Size  Object(Section)

    BuildAttributes$$THM_ISAv4$E$P$D$K$B$S$7EM$VFPi3$EXTD16$VFPS$VFMA$PE$A:L22UL41UL21$X:L11$S22US41US21$IEEE1$IW$USESV6$~STKCKD$USESV7$~SHL$OSPACE$ROPI$EBA8$MICROLIB$REQ8$PRES8$EABIv2 0x00000000   Number         0  anon$$obj.o ABSOLUTE
    __ARM_use_no_argv                        0x00000000   Number         0  main.o ABSOLUTE
    __Vectors                                0x00000000   Data           4  arm_startup_nrf52840.o(RESET)
    __arm_fini_                               - Undefined Weak Reference
    __cpp_initialize__aeabi_                  - Undefined Weak Reference
    __cxa_finalize                            - Undefined Weak Reference
    __decompress                              - Undefined Weak Reference
    _clock_init                               - Undefined Weak Reference
    _microlib_exit                            - Undefined Weak Reference
    __Vectors_End                            0x00000200   Data           0  arm_startup_nrf52840.o(RESET)
    __Vectors_Size                           0x00000200   Number         0  arm_startup_nrf52840.o ABSOLUTE
    __main                                   0x00000201   Thumb Code     0  entry.o(.ARM.Collect$$$$00000000)
    _main_stk                                0x00000201   Thumb Code     0  entry2.o(.ARM.Collect$$$$00000001)
    _main_scatterload                        0x00000205   Thumb Code     0  entry5.o(.ARM.Collect$$$$00000004)
    __main_after_scatterload                 0x00000209   Thumb Code     0  entry5.o(.ARM.Collect$$$$00000004)
    _main_clock                              0x00000209   Thumb Code     0  entry7b.o(.ARM.Collect$$$$00000008)
    _main_cpp_init                           0x00000209   Thumb Code     0  entry8b.o(.ARM.Collect$$$$0000000A)
    _main_init                               0x00000209   Thumb Code     0  entry9a.o(.ARM.Collect$$$$0000000B)
    __rt_lib_shutdown_fini                   0x00000211   Thumb Code     0  entry12b.o(.ARM.Collect$$$$0000000E)
    __rt_final_cpp                           0x00000215   Thumb Code     0  entry10a.o(.ARM.Collect$$$$0000000F)
    __rt_final_exit                          0x00000215   Thumb Code     0  entry11a.o(.ARM.Collect$$$$00000011)
    Reset_Handler                            0x00000219   Thumb Code     8  arm_startup_nrf52840.o(.text)
    NMI_Handler                              0x00000221   Thumb Code     2  arm_startup_nrf52840.o(.text)
    HardFault_Handler                        0x00000223   Thumb Code     2  arm_startup_nrf52840.o(.text)
    MemoryManagement_Handler                 0x00000225   Thumb Code     2  arm_startup_nrf52840.o(.text)
    BusFault_Handler                         0x00000227   Thumb Code     2  arm_startup_nrf52840.o(.text)
    UsageFault_Handler                       0x00000229   Thumb Code     2  arm_startup_nrf52840.o(.text)
    SVC_Handler                              0x0000022b   Thumb Code     2  arm_startup_nrf52840.o(.text)
    DebugMon_Handler                         0x0000022d   Thumb Code     2  arm_startup_nrf52840.o(.text)
    PendSV_Handler                           0x0000022f   Thumb Code     2  arm_startup_nrf52840.o(.text)
    SysTick_Handler                          0x00000231   Thumb Code     2  arm_startup_nrf52840.o(.text)
    CCM_AAR_IRQHandler                       0x00000233   Thumb Code     0  arm_startup_nrf52840.o(.text)
    COMP_LPCOMP_IRQHandler                   0x00000233   Thumb Code     0  arm_startup_nrf52840.o(.text)
    CRYPTOCELL_IRQHandler                    0x00000233   Thumb Code     0  arm_startup_nrf52840.o(.text)
    ECB_IRQHandler                           0x00000233   Thumb Code     0  arm_startup_nrf52840.o(.text)
    FPU_IRQHandler                           0x00000233   Thumb Code     0  arm_startup_nrf52840.o(.text)
    GPIOTE_IRQHandler                        0x00000233   Thumb Code     0  arm_startup_nrf52840.o(.text)
    I2S_IRQHandler                           0x00000233   Thumb Code     0  arm_startup_nrf52840.o(.text)
    MWU_IRQHandler                           0x00000233   Thumb Code     0  arm_startup_nrf52840.o(.text)
    NFCT_IRQHandler                          0x00000233   Thumb Code     0  arm_startup_nrf52840.o(.text)
    PDM_IRQHandler                           0x00000233   Thumb Code     0  arm_startup_nrf52840.o(.text)
    POWER_CLOCK_IRQHandler                   0x00000233   Thumb Code     0  arm_startup_nrf52840.o(.text)
    PWM0_IRQHandler                          0x00000233   Thumb Code     0  arm_startup_nrf52840.o(.text)
    PWM1_IRQHandler                          0x00000233   Thumb Code     0  arm_startup_nrf52840.o(.text)
    PWM2_IRQHandler                          0x00000233   Thumb Code     0  arm_startup_nrf52840.o(.text)
    PWM3_IRQHandler                          0x00000233   Thumb Code     0  arm_startup_nrf52840.o(.text)
    QDEC_IRQHandler                          0x00000233   Thumb Code     0  arm_startup_nrf52840.o(.text)
    QSPI_IRQHandler                          0x00000233   Thumb Code     0  arm_startup_nrf52840.o(.text)
    RADIO_IRQHandler                         0x00000233   Thumb Code     0  arm_startup_nrf52840.o(.text)
    RNG_IRQHandler                           0x00000233   Thumb Code     0  arm_startup_nrf52840.o(.text)
    RTC0_IRQHandler                          0x00000233   Thumb Code     0  arm_startup_nrf52840.o(.text)
    RTC1_IRQHandler                          0x00000233   Thumb Code     0  arm_startup_nrf52840.o(.text)
    RTC2_IRQHandler                          0x00000233   Thumb Code     0  arm_startup_nrf52840.o(.text)
    SAADC_IRQHandler                         0x00000233   Thumb Code     0  arm_startup_nrf52840.o(.text)
    SPIM0_SPIS0_TWIM0_TWIS0_SPI0_TWI0_IRQHandler 0x00000233   Thumb Code     0  arm_startup_nrf52840.o(.text)
    SPIM1_SPIS1_TWIM1_TWIS1_SPI1_TWI1_IRQHandler 0x00000233   Thumb Code     0  arm_startup_nrf52840.o(.text)
    SPIM2_SPIS2_SPI2_IRQHandler              0x00000233   Thumb Code     0  arm_startup_nrf52840.o(.text)
    SPIM3_IRQHandler                         0x00000233   Thumb Code     0  arm_startup_nrf52840.o(.text)
    SWI0_EGU0_IRQHandler                     0x00000233   Thumb Code     0  arm_startup_nrf52840.o(.text)
    SWI1_EGU1_IRQHandler                     0x00000233   Thumb Code     0  arm_startup_nrf52840.o(.text)
    SWI2_EGU2_IRQHandler                     0x00000233   Thumb Code     0  arm_startup_nrf52840.o(.text)
    SWI3_EGU3_IRQHandler                     0x00000233   Thumb Code     0  arm_startup_nrf52840.o(.text)
    SWI4_EGU4_IRQHandler                     0x00000233   Thumb Code     0  arm_startup_nrf52840.o(.text)
    SWI5_EGU5_IRQHandler                     0x00000233   Thumb Code     0  arm_startup_nrf52840.o(.text)
    TEMP_IRQHandler                          0x00000233   Thumb Code     0  arm_startup_nrf52840.o(.text)
    TIMER0_IRQHandler                        0x00000233   Thumb Code     0  arm_startup_nrf52840.o(.text)
    TIMER1_IRQHandler                        0x00000233   Thumb Code     0  arm_startup_nrf52840.o(.text)
    TIMER2_IRQHandler                        0x00000233   Thumb Code     0  arm_startup_nrf52840.o(.text)
    TIMER3_IRQHandler                        0x00000233   Thumb Code     0  arm_startup_nrf52840.o(.text)
    TIMER4_IRQHandler                        0x00000233   Thumb Code     0  arm_startup_nrf52840.o(.text)
    UARTE1_IRQHandler                        0x00000233   Thumb Code     0  arm_startup_nrf52840.o(.text)
    USBD_IRQHandler                          0x00000233   Thumb Code     0  arm_startup_nrf52840.o(.text)
    WDT_IRQHandler                           0x00000233   Thumb Code     0  arm_startup_nrf52840.o(.text)
    __aeabi_memcpy                           0x0000023d   Thumb Code    36  memcpya.o(.text)
    __aeabi_memcpy4                          0x0000023d   Thumb Code     0  memcpya.o(.text)
    __aeabi_memcpy8                          0x0000023d   Thumb Code     0  memcpya.o(.text)
    strlen                                   0x00000261   Thumb Code    14  strlen.o(.text)
    __aeabi_uidiv                            0x0000026f   Thumb Code     0  uidiv.o(.text)
    __aeabi_uidivmod                         0x0000026f   Thumb Code    44  uidiv.o(.text)
    __aeabi_uldivmod                         0x0000029b   Thumb Code    98  uldiv.o(.text)
    __I$use$fp                               0x000002fd   Thumb Code     0  iusefp.o(.text)
    __aeabi_dadd                             0x000002fd   Thumb Code   322  dadd.o(.text)
    __aeabi_dsub                             0x0000043f   Thumb Code     6  dadd.o(.text)
    __aeabi_drsub                            0x00000445   Thumb Code     6  dadd.o(.text)
    __aeabi_dmul                             0x0000044b   Thumb Code   228  dmul.o(.text)
    __aeabi_ddiv                             0x0000052f   Thumb Code   222  ddiv.o(.text)
    __aeabi_d2ulz                            0x0000060d   Thumb Code    48  dfixul.o(.text)
    __aeabi_cdrcmple                         0x0000063d   Thumb Code    48  cdrcmple.o(.text)
    __scatterload                            0x0000066d   Thumb Code    28  init.o(.text)
    __scatterload_rt2                        0x0000066d   Thumb Code     0  init.o(.text)
    __aeabi_llsl                             0x00000691   Thumb Code    30  llshl.o(.text)
    _ll_shift_l                              0x00000691   Thumb Code     0  llshl.o(.text)
    __aeabi_llsr                             0x000006af   Thumb Code    32  llushr.o(.text)
    _ll_ushift_r                             0x000006af   Thumb Code     0  llushr.o(.text)
    __aeabi_lasr                             0x000006cf   Thumb Code    36  llsshr.o(.text)
    _ll_sshift_r                             0x000006cf   Thumb Code     0  llsshr.o(.text)
    _double_round                            0x000006f3   Thumb Code    30  depilogue.o(.text)
    _double_epilogue                         0x00000711   Thumb Code   156  depilogue.o(.text)
    SystemCoreClockUpdate                    0x000007ad   Thumb Code     8  system_nrf52.o(i.SystemCoreClockUpdate)
    SystemInit                               0x000007bd   Thumb Code   320  system_nrf52.o(i.SystemInit)
    UARTE0_UART0_IRQHandler                  0x00000931   Thumb Code     8  nrfx_uart.o(i.UARTE0_UART0_IRQHandler)
    __0vsprintf                              0x00000941   Thumb Code    30  printfa.o(i.__0vsprintf)
    __1vsprintf                              0x00000941   Thumb Code     0  printfa.o(i.__0vsprintf)
    __2vsprintf                              0x00000941   Thumb Code     0  printfa.o(i.__0vsprintf)
    __c89vsprintf                            0x00000941   Thumb Code     0  printfa.o(i.__0vsprintf)
    vsprintf                                 0x00000941   Thumb Code     0  printfa.o(i.__0vsprintf)
    __scatterload_copy                       0x00000965   Thumb Code    14  handlers.o(i.__scatterload_copy)
    __scatterload_null                       0x00000973   Thumb Code     2  handlers.o(i.__scatterload_null)
    __scatterload_zeroinit                   0x00000975   Thumb Code    14  handlers.o(i.__scatterload_zeroinit)
    error_handler                            0x0000128f   Thumb Code     2  main.o(i.error_handler)
    logPrint_debug                           0x000012fd   Thumb Code    36  main.o(i.logPrint_debug)
    main                                     0x00001321   Thumb Code    18  main.o(i.main)
    nrf_drv_uart_init                        0x00001535   Thumb Code    56  nrf_drv_uart.o(i.nrf_drv_uart_init)
    nrfx_uart_init                           0x00001621   Thumb Code    90  nrfx_uart.o(i.nrfx_uart_init)
    nrfx_uart_tx                             0x00001681   Thumb Code   124  nrfx_uart.o(i.nrfx_uart_tx)
    nrfx_uart_tx_in_progress                 0x00001701   Thumb Code    26  nrfx_uart.o(i.nrfx_uart_tx_in_progress)
    send_data                                0x00001769   Thumb Code    28  main.o(i.send_data)
    uart_handler                             0x0000182d   Thumb Code    14  main.o(i.uart_handler)
    uart_init                                0x00001841   Thumb Code    54  main.o(i.uart_init)
    Region$$Table$$Base                      0x000019b8   Number         0  anon$$obj.o(Region$$Table)
    Region$$Table$$Limit                     0x000019d8   Number         0  anon$$obj.o(Region$$Table)
    done                                     0x20000000   Data           1  main.o(.data)
    SystemCoreClock                          0x20000020   Data           4  system_nrf52.o(.data)
    __initial_sp                             0x20002050   Data           0  arm_startup_nrf52840.o(STACK)



==============================================================================

Memory Map of the image

  Image Entry point : 0x00000201

  Load Region LR_IROM1 (Base: 0x00000000, Size: 0x000019fc, Max: 0x00100000, ABSOLUTE)

    Execution Region ER_IROM1 (Exec base: 0x00000000, Load base: 0x00000000, Size: 0x000019d8, Max: 0x00100000, ABSOLUTE)

    Exec Addr    Load Addr    Size         Type   Attr      Idx    E Section Name        Object

    0x00000000   0x00000000   0x00000200   Data   RO          509    RESET               arm_startup_nrf52840.o
    0x00000200   0x00000200   0x00000000   Code   RO          611  * .ARM.Collect$$$$00000000  mc_w.l(entry.o)
    0x00000200   0x00000200   0x00000004   Code   RO          648    .ARM.Collect$$$$00000001  mc_w.l(entry2.o)
    0x00000204   0x00000204   0x00000004   Code   RO          651    .ARM.Collect$$$$00000004  mc_w.l(entry5.o)
    0x00000208   0x00000208   0x00000000   Code   RO          653    .ARM.Collect$$$$00000008  mc_w.l(entry7b.o)
    0x00000208   0x00000208   0x00000000   Code   RO          655    .ARM.Collect$$$$0000000A  mc_w.l(entry8b.o)
    0x00000208   0x00000208   0x00000008   Code   RO          656    .ARM.Collect$$$$0000000B  mc_w.l(entry9a.o)
    0x00000210   0x00000210   0x00000004   Code   RO          663    .ARM.Collect$$$$0000000E  mc_w.l(entry12b.o)
    0x00000214   0x00000214   0x00000000   Code   RO          658    .ARM.Collect$$$$0000000F  mc_w.l(entry10a.o)
    0x00000214   0x00000214   0x00000000   Code   RO          660    .ARM.Collect$$$$00000011  mc_w.l(entry11a.o)
    0x00000214   0x00000214   0x00000004   Code   RO          649    .ARM.Collect$$$$00002712  mc_w.l(entry2.o)
    0x00000218   0x00000218   0x00000024   Code   RO          510    .text               arm_startup_nrf52840.o
    0x0000023c   0x0000023c   0x00000024   Code   RO          614    .text               mc_w.l(memcpya.o)
    0x00000260   0x00000260   0x0000000e   Code   RO          616    .text               mc_w.l(strlen.o)
    0x0000026e   0x0000026e   0x0000002c   Code   RO          667    .text               mc_w.l(uidiv.o)
    0x0000029a   0x0000029a   0x00000062   Code   RO          669    .text               mc_w.l(uldiv.o)
    0x000002fc   0x000002fc   0x00000000   Code   RO          671    .text               mc_w.l(iusefp.o)
    0x000002fc   0x000002fc   0x0000014e   Code   RO          672    .text               mf_w.l(dadd.o)
    0x0000044a   0x0000044a   0x000000e4   Code   RO          674    .text               mf_w.l(dmul.o)
    0x0000052e   0x0000052e   0x000000de   Code   RO          676    .text               mf_w.l(ddiv.o)
    0x0000060c   0x0000060c   0x00000030   Code   RO          678    .text               mf_w.l(dfixul.o)
    0x0000063c   0x0000063c   0x00000030   Code   RO          680    .text               mf_w.l(cdrcmple.o)
    0x0000066c   0x0000066c   0x00000024   Code   RO          682    .text               mc_w.l(init.o)
    0x00000690   0x00000690   0x0000001e   Code   RO          685    .text               mc_w.l(llshl.o)
    0x000006ae   0x000006ae   0x00000020   Code   RO          687    .text               mc_w.l(llushr.o)
    0x000006ce   0x000006ce   0x00000024   Code   RO          689    .text               mc_w.l(llsshr.o)
    0x000006f2   0x000006f2   0x000000ba   Code   RO          692    .text               mf_w.l(depilogue.o)
    0x000007ac   0x000007ac   0x00000010   Code   RO          517    i.SystemCoreClockUpdate  system_nrf52.o
    0x000007bc   0x000007bc   0x00000174   Code   RO          518    i.SystemInit        system_nrf52.o
    0x00000930   0x00000930   0x00000010   Code   RO          243    i.UARTE0_UART0_IRQHandler  nrfx_uart.o
    0x00000940   0x00000940   0x00000024   Code   RO          627    i.__0vsprintf       mc_w.l(printfa.o)
    0x00000964   0x00000964   0x0000000e   Code   RO          696    i.__scatterload_copy  mc_w.l(handlers.o)
    0x00000972   0x00000972   0x00000002   Code   RO          697    i.__scatterload_null  mc_w.l(handlers.o)
    0x00000974   0x00000974   0x0000000e   Code   RO          698    i.__scatterload_zeroinit  mc_w.l(handlers.o)
    0x00000982   0x00000982   0x00000002   PAD
    0x00000984   0x00000984   0x00000184   Code   RO          628    i._fp_digits        mc_w.l(printfa.o)
    0x00000b08   0x00000b08   0x000006b4   Code   RO          629    i._printf_core      mc_w.l(printfa.o)
    0x000011bc   0x000011bc   0x00000024   Code   RO          630    i._printf_post_padding  mc_w.l(printfa.o)
    0x000011e0   0x000011e0   0x0000002e   Code   RO          631    i._printf_pre_padding  mc_w.l(printfa.o)
    0x0000120e   0x0000120e   0x0000000a   Code   RO          633    i._sputc            mc_w.l(printfa.o)
    0x00001218   0x00001218   0x00000076   Code   RO          244    i.apply_config      nrfx_uart.o
    0x0000128e   0x0000128e   0x00000002   Code   RO            4    i.error_handler     main.o
    0x00001290   0x00001290   0x0000006c   Code   RO          246    i.interrupts_enable  nrfx_uart.o
    0x000012fc   0x000012fc   0x00000024   Code   RO            5    i.logPrint_debug    main.o
    0x00001320   0x00001320   0x00000034   Code   RO            6    i.main              main.o
    0x00001354   0x00001354   0x0000003c   Code   RO          519    i.nrf52_configuration_249  system_nrf52.o
    0x00001390   0x00001390   0x0000003c   Code   RO          520    i.nrf52_errata_103  system_nrf52.o
    0x000013cc   0x000013cc   0x0000003c   Code   RO          521    i.nrf52_errata_115  system_nrf52.o
    0x00001408   0x00001408   0x0000003c   Code   RO          522    i.nrf52_errata_120  system_nrf52.o
    0x00001444   0x00001444   0x0000003c   Code   RO          523    i.nrf52_errata_136  system_nrf52.o
    0x00001480   0x00001480   0x0000003c   Code   RO          524    i.nrf52_errata_36   system_nrf52.o
    0x000014bc   0x000014bc   0x0000003c   Code   RO          525    i.nrf52_errata_66   system_nrf52.o
    0x000014f8   0x000014f8   0x0000003c   Code   RO          526    i.nrf52_errata_98   system_nrf52.o
    0x00001534   0x00001534   0x00000040   Code   RO          203    i.nrf_drv_uart_init  nrf_drv_uart.o
    0x00001574   0x00001574   0x00000032   Code   RO          247    i.nrf_gpio_cfg      nrfx_uart.o
    0x000015a6   0x000015a6   0x00000012   Code   RO          249    i.nrf_gpio_cfg_input  nrfx_uart.o
    0x000015b8   0x000015b8   0x00000014   Code   RO          250    i.nrf_gpio_cfg_output  nrfx_uart.o
    0x000015cc   0x000015cc   0x0000001c   Code   RO          251    i.nrf_gpio_pin_port_decode  nrfx_uart.o
    0x000015e8   0x000015e8   0x00000014   Code   RO          252    i.nrf_gpio_pin_set  nrfx_uart.o
    0x000015fc   0x000015fc   0x0000000a   Code   RO          253    i.nrf_uart_event_check  nrfx_uart.o
    0x00001606   0x00001606   0x0000000c   Code   RO          254    i.nrf_uart_event_clear  nrfx_uart.o
    0x00001612   0x00001612   0x0000000c   Code   RO          255    i.nrf_uart_int_enable_check  nrfx_uart.o
    0x0000161e   0x0000161e   0x00000002   PAD
    0x00001620   0x00001620   0x00000060   Code   RO          257    i.nrfx_uart_init    nrfx_uart.o
    0x00001680   0x00001680   0x00000080   Code   RO          263    i.nrfx_uart_tx      nrfx_uart.o
    0x00001700   0x00001700   0x00000020   Code   RO          265    i.nrfx_uart_tx_in_progress  nrfx_uart.o
    0x00001720   0x00001720   0x00000034   Code   RO          268    i.rx_byte           nrfx_uart.o
    0x00001754   0x00001754   0x00000014   Code   RO          269    i.rx_done_event     nrfx_uart.o
    0x00001768   0x00001768   0x00000020   Code   RO            7    i.send_data         main.o
    0x00001788   0x00001788   0x0000003a   Code   RO          271    i.tx_blocking       nrfx_uart.o
    0x000017c2   0x000017c2   0x00000022   Code   RO          272    i.tx_byte           nrfx_uart.o
    0x000017e4   0x000017e4   0x00000018   Code   RO          273    i.tx_done_event     nrfx_uart.o
    0x000017fc   0x000017fc   0x00000030   Code   RO          204    i.uart_evt_handler  nrf_drv_uart.o
    0x0000182c   0x0000182c   0x00000014   Code   RO            8    i.uart_handler      main.o
    0x00001840   0x00001840   0x00000044   Code   RO            9    i.uart_init         main.o
    0x00001884   0x00001884   0x00000132   Code   RO          274    i.uart_irq_handler  nrfx_uart.o
    0x000019b6   0x000019b6   0x00000002   PAD
    0x000019b8   0x000019b8   0x00000020   Data   RO          694    Region$$Table       anon$$obj.o


    Execution Region RW_IRAM1 (Exec base: 0x20000000, Load base: 0x000019d8, Size: 0x00002050, Max: 0x00040000, ABSOLUTE)

    Exec Addr    Load Addr    Size         Type   Attr      Idx    E Section Name        Object

    0x20000000   0x000019d8   0x00000010   Data   RW           10    .data               main.o
    0x20000010   0x000019e8   0x00000010   Data   RW          205    .data               nrf_drv_uart.o
    0x20000020   0x000019f8   0x00000004   Data   RW          529    .data               system_nrf52.o
    0x20000024        -       0x0000002c   Zero   RW          275    .bss                nrfx_uart.o
    0x20000050        -       0x00002000   Zero   RW          507    STACK               arm_startup_nrf52840.o


==============================================================================

Image component sizes


      Code (inc. data)   RO Data    RW Data    ZI Data      Debug   Object Name

        36          8        512          0       8192        856   arm_startup_nrf52840.o
       210         58          0         16          0      55034   main.o
       112         12          0         16          0       5668   nrf_drv_uart.o
      1162         36          0          0         44      59544   nrfx_uart.o
       868        140          0          4          0       8591   system_nrf52.o

    ----------------------------------------------------------------------
      2392        254        544         36       8236     129693   Object Totals
         0          0         32          0          0          0   (incl. Generated)
         4          0          0          0          0          0   (incl. Padding)

    ----------------------------------------------------------------------

      Code (inc. data)   RO Data    RW Data    ZI Data      Debug   Library Member Name

         0          0          0          0          0          0   entry.o
         0          0          0          0          0          0   entry10a.o
         0          0          0          0          0          0   entry11a.o
         4          0          0          0          0          0   entry12b.o
         8          4          0          0          0          0   entry2.o
         4          0          0          0          0          0   entry5.o
         0          0          0          0          0          0   entry7b.o
         0          0          0          0          0          0   entry8b.o
         8          4          0          0          0          0   entry9a.o
        30          0          0          0          0          0   handlers.o
        36          8          0          0          0         68   init.o
         0          0          0          0          0          0   iusefp.o
        30          0          0          0          0         68   llshl.o
        36          0          0          0          0         68   llsshr.o
        32          0          0          0          0         68   llushr.o
        36          0          0          0          0         68   memcpya.o
      2232         86          0          0          0        528   printfa.o
        14          0          0          0          0         68   strlen.o
        44          0          0          0          0         80   uidiv.o
        98          0          0          0          0         92   uldiv.o
        48          0          0          0          0         68   cdrcmple.o
       334          0          0          0          0        148   dadd.o
       222          0          0          0          0        100   ddiv.o
       186          0          0          0          0        176   depilogue.o
        48          0          0          0          0         68   dfixul.o
       228          0          0          0          0         96   dmul.o

    ----------------------------------------------------------------------
      3680        102          0          0          0       1764   Library Totals
         2          0          0          0          0          0   (incl. Padding)

    ----------------------------------------------------------------------

      Code (inc. data)   RO Data    RW Data    ZI Data      Debug   Library Name

      2612        102          0          0          0       1108   mc_w.l
      1066          0          0          0          0        656   mf_w.l

    ----------------------------------------------------------------------
      3680        102          0          0          0       1764   Library Totals

    ----------------------------------------------------------------------

==============================================================================


      Code (inc. data)   RO Data    RW Data    ZI Data      Debug   

      6072        356        544         36       8236     127277   Grand Totals
      6072        356        544         36       8236     127277   ELF Image Totals
      6072        356        544         36          0          0   ROM Totals

==============================================================================

    Total RO  Size (Code + RO Data)                 6616 (   6.46kB)
    Total RW  Size (RW Data + ZI Data)              8272 (   8.08kB)
    Total ROM Size (Code + RO Data + RW Data)       6652 (   6.50kB)

==============================================================================

