Component: ARM Compiler 5.06 update 7 (build 960) Tool: armlink [4d3601]

==============================================================================

Section Cross References

    main.o(i.DelayMs) refers to it.o(i.systick_Gettick) for systick_Gettick
    main.o(i.gpio_init) refers to main.o(i.nrf_gpio_pin_port_decode) for nrf_gpio_pin_port_decode
    main.o(i.logPrint_debug) refers to printfa.o(i.__0vsprintf) for vsprintf
    main.o(i.logPrint_debug) refers to strlen.o(.text) for strlen
    main.o(i.logPrint_debug) refers to main.o(i.send_data) for send_data
    main.o(i.main) refers to main.o(i.systick_init) for systick_init
    main.o(i.main) refers to main.o(i.uart_init) for uart_init
    main.o(i.main) refers to main.o(i.gpio_init) for gpio_init
    main.o(i.main) refers to main.o(i.logPrint_debug) for logPrint_debug
    main.o(i.main) refers to main.o(i.jump_application) for jump_application
    main.o(i.main) refers to main.o(i.nrf_gpio_pin_port_decode) for nrf_gpio_pin_port_decode
    main.o(i.main) refers to main.o(i.DelayMs) for DelayMs
    main.o(i.send_data) refers to nrfx_uart.o(i.nrfx_uart_tx) for nrfx_uart_tx
    main.o(i.send_data) refers to main.o(.data) for .data
    main.o(i.systick_init) refers to system_nrf52.o(.data) for SystemCoreClock
    main.o(i.uart_handler) refers to main.o(.data) for .data
    main.o(i.uart_init) refers to nrf_drv_uart.o(i.nrf_drv_uart_init) for nrf_drv_uart_init
    main.o(i.uart_init) refers to main.o(i.error_handler) for error_handler
    main.o(i.uart_init) refers to main.o(i.uart_handler) for uart_handler
    main.o(i.uart_init) refers to main.o(.data) for .data
    it.o(i.SysTick_Handler) refers to it.o(.data) for .data
    it.o(i.systick_Gettick) refers to it.o(.data) for .data
    nrf_drv_uart.o(i.nrf_drv_uart_init) refers to memcpya.o(.text) for __aeabi_memcpy4
    nrf_drv_uart.o(i.nrf_drv_uart_init) refers to nrfx_uart.o(i.nrfx_uart_init) for nrfx_uart_init
    nrf_drv_uart.o(i.nrf_drv_uart_init) refers to nrf_drv_uart.o(.data) for .data
    nrf_drv_uart.o(i.nrf_drv_uart_init) refers to nrf_drv_uart.o(i.uart_evt_handler) for uart_evt_handler
    nrf_drv_uart.o(i.uart_evt_handler) refers to nrf_drv_uart.o(.data) for .data
    nrfx_uart.o(i.UARTE0_UART0_IRQHandler) refers to nrfx_uart.o(i.uart_irq_handler) for uart_irq_handler
    nrfx_uart.o(i.UARTE0_UART0_IRQHandler) refers to nrfx_uart.o(.bss) for .bss
    nrfx_uart.o(i.apply_config) refers to nrfx_uart.o(i.nrf_gpio_pin_set) for nrf_gpio_pin_set
    nrfx_uart.o(i.apply_config) refers to nrfx_uart.o(i.nrf_gpio_cfg_output) for nrf_gpio_cfg_output
    nrfx_uart.o(i.apply_config) refers to nrfx_uart.o(i.nrf_gpio_cfg_input) for nrf_gpio_cfg_input
    nrfx_uart.o(i.interrupts_enable) refers to nrfx_uart.o(i.nrf_uart_event_clear) for nrf_uart_event_clear
    nrfx_uart.o(i.nrf_gpio_cfg) refers to nrfx_uart.o(i.nrf_gpio_pin_port_decode) for nrf_gpio_pin_port_decode
    nrfx_uart.o(i.nrf_gpio_cfg_default) refers to nrfx_uart.o(i.nrf_gpio_cfg) for nrf_gpio_cfg
    nrfx_uart.o(i.nrf_gpio_cfg_input) refers to nrfx_uart.o(i.nrf_gpio_cfg) for nrf_gpio_cfg
    nrfx_uart.o(i.nrf_gpio_cfg_output) refers to nrfx_uart.o(i.nrf_gpio_cfg) for nrf_gpio_cfg
    nrfx_uart.o(i.nrf_gpio_pin_set) refers to nrfx_uart.o(i.nrf_gpio_pin_port_decode) for nrf_gpio_pin_port_decode
    nrfx_uart.o(i.nrfx_uart_errorsrc_get) refers to nrfx_uart.o(i.nrf_uart_event_clear) for nrf_uart_event_clear
    nrfx_uart.o(i.nrfx_uart_init) refers to nrfx_uart.o(i.apply_config) for apply_config
    nrfx_uart.o(i.nrfx_uart_init) refers to nrfx_uart.o(i.interrupts_enable) for interrupts_enable
    nrfx_uart.o(i.nrfx_uart_init) refers to nrfx_uart.o(.bss) for .bss
    nrfx_uart.o(i.nrfx_uart_rx) refers to nrfx_uart.o(i.rx_enable) for rx_enable
    nrfx_uart.o(i.nrfx_uart_rx) refers to nrfx_uart.o(i.nrf_uart_event_clear) for nrf_uart_event_clear
    nrfx_uart.o(i.nrfx_uart_rx) refers to nrfx_uart.o(i.nrf_uart_event_check) for nrf_uart_event_check
    nrfx_uart.o(i.nrfx_uart_rx) refers to nrfx_uart.o(i.rx_byte) for rx_byte
    nrfx_uart.o(i.nrfx_uart_rx) refers to nrfx_uart.o(.bss) for .bss
    nrfx_uart.o(i.nrfx_uart_rx_disable) refers to nrfx_uart.o(.bss) for .bss
    nrfx_uart.o(i.nrfx_uart_rx_enable) refers to nrfx_uart.o(i.rx_enable) for rx_enable
    nrfx_uart.o(i.nrfx_uart_rx_enable) refers to nrfx_uart.o(.bss) for .bss
    nrfx_uart.o(i.nrfx_uart_rx_ready) refers to nrfx_uart.o(i.nrf_uart_event_check) for nrf_uart_event_check
    nrfx_uart.o(i.nrfx_uart_tx) refers to nrfx_uart.o(i.nrfx_uart_tx_in_progress) for nrfx_uart_tx_in_progress
    nrfx_uart.o(i.nrfx_uart_tx) refers to nrfx_uart.o(i.nrf_uart_event_clear) for nrf_uart_event_clear
    nrfx_uart.o(i.nrfx_uart_tx) refers to nrfx_uart.o(i.tx_byte) for tx_byte
    nrfx_uart.o(i.nrfx_uart_tx) refers to nrfx_uart.o(i.tx_blocking) for tx_blocking
    nrfx_uart.o(i.nrfx_uart_tx) refers to nrfx_uart.o(i.nrf_uart_event_check) for nrf_uart_event_check
    nrfx_uart.o(i.nrfx_uart_tx) refers to nrfx_uart.o(.bss) for .bss
    nrfx_uart.o(i.nrfx_uart_tx_abort) refers to nrfx_uart.o(i.tx_done_event) for tx_done_event
    nrfx_uart.o(i.nrfx_uart_tx_abort) refers to nrfx_uart.o(.bss) for .bss
    nrfx_uart.o(i.nrfx_uart_tx_in_progress) refers to nrfx_uart.o(.bss) for .bss
    nrfx_uart.o(i.nrfx_uart_uninit) refers to nrfx_uart.o(i.interrupts_disable) for interrupts_disable
    nrfx_uart.o(i.nrfx_uart_uninit) refers to nrfx_uart.o(i.pins_to_default) for pins_to_default
    nrfx_uart.o(i.nrfx_uart_uninit) refers to nrfx_uart.o(.bss) for .bss
    nrfx_uart.o(i.pins_to_default) refers to nrfx_uart.o(i.nrf_gpio_cfg_default) for nrf_gpio_cfg_default
    nrfx_uart.o(i.rx_byte) refers to nrfx_uart.o(i.nrf_uart_event_clear) for nrf_uart_event_clear
    nrfx_uart.o(i.rx_enable) refers to nrfx_uart.o(i.nrf_uart_event_clear) for nrf_uart_event_clear
    nrfx_uart.o(i.tx_blocking) refers to nrfx_uart.o(i.nrf_uart_event_check) for nrf_uart_event_check
    nrfx_uart.o(i.tx_blocking) refers to nrfx_uart.o(i.tx_byte) for tx_byte
    nrfx_uart.o(i.tx_byte) refers to nrfx_uart.o(i.nrf_uart_event_clear) for nrf_uart_event_clear
    nrfx_uart.o(i.uart_irq_handler) refers to nrfx_uart.o(i.nrf_uart_int_enable_check) for nrf_uart_int_enable_check
    nrfx_uart.o(i.uart_irq_handler) refers to nrfx_uart.o(i.nrf_uart_event_check) for nrf_uart_event_check
    nrfx_uart.o(i.uart_irq_handler) refers to nrfx_uart.o(i.nrf_uart_event_clear) for nrf_uart_event_clear
    nrfx_uart.o(i.uart_irq_handler) refers to nrfx_uart.o(i.rx_byte) for rx_byte
    nrfx_uart.o(i.uart_irq_handler) refers to nrfx_uart.o(i.rx_done_event) for rx_done_event
    nrfx_uart.o(i.uart_irq_handler) refers to nrfx_uart.o(i.tx_done_event) for tx_done_event
    nrfx_uart.o(i.uart_irq_handler) refers to nrfx_uart.o(i.tx_byte) for tx_byte
    nrfx_gpiote.o(i.GPIOTE_IRQHandler) refers to nrfx_gpiote.o(i.nrf_gpiote_event_is_set) for nrf_gpiote_event_is_set
    nrfx_gpiote.o(i.GPIOTE_IRQHandler) refers to nrfx_gpiote.o(i.nrf_gpiote_event_clear) for nrf_gpiote_event_clear
    nrfx_gpiote.o(i.GPIOTE_IRQHandler) refers to nrfx_gpiote.o(i.nrf_gpio_latches_read_and_clear) for nrf_gpio_latches_read_and_clear
    nrfx_gpiote.o(i.GPIOTE_IRQHandler) refers to nrfx_gpiote.o(i.port_event_handle) for port_event_handle
    nrfx_gpiote.o(i.GPIOTE_IRQHandler) refers to nrfx_gpiote.o(.bss) for .bss
    nrfx_gpiote.o(i.channel_free) refers to nrfx_gpiote.o(.bss) for .bss
    nrfx_gpiote.o(i.channel_port_alloc) refers to nrfx_gpiote.o(.bss) for .bss
    nrfx_gpiote.o(i.channel_port_get) refers to nrfx_gpiote.o(.bss) for .bss
    nrfx_gpiote.o(i.latch_pending_read_and_check) refers to nrfx_gpiote.o(i.nrf_gpio_latches_read_and_clear) for nrf_gpio_latches_read_and_clear
    nrfx_gpiote.o(i.nrf_gpio_cfg) refers to nrfx_gpiote.o(i.nrf_gpio_pin_port_decode) for nrf_gpio_pin_port_decode
    nrfx_gpiote.o(i.nrf_gpio_cfg_default) refers to nrfx_gpiote.o(i.nrf_gpio_cfg) for nrf_gpio_cfg
    nrfx_gpiote.o(i.nrf_gpio_cfg_sense_set) refers to nrfx_gpiote.o(i.nrf_gpio_pin_port_decode) for nrf_gpio_pin_port_decode
    nrfx_gpiote.o(i.nrf_gpio_latches_read_and_clear) refers to nrfx_gpiote.o(.constdata) for .constdata
    nrfx_gpiote.o(i.nrf_gpio_pin_clear) refers to nrfx_gpiote.o(i.nrf_gpio_pin_port_decode) for nrf_gpio_pin_port_decode
    nrfx_gpiote.o(i.nrf_gpio_pin_read) refers to nrfx_gpiote.o(i.nrf_gpio_pin_port_decode) for nrf_gpio_pin_port_decode
    nrfx_gpiote.o(i.nrf_gpio_pin_set) refers to nrfx_gpiote.o(i.nrf_gpio_pin_port_decode) for nrf_gpio_pin_port_decode
    nrfx_gpiote.o(i.nrfx_gpiote_clr_task_addr_get) refers to nrfx_gpiote.o(i.nrfx_gpiote_clr_task_get) for nrfx_gpiote_clr_task_get
    nrfx_gpiote.o(i.nrfx_gpiote_clr_task_get) refers to nrfx_gpiote.o(i.channel_port_get) for channel_port_get
    nrfx_gpiote.o(i.nrfx_gpiote_clr_task_trigger) refers to nrfx_gpiote.o(i.channel_port_get) for channel_port_get
    nrfx_gpiote.o(i.nrfx_gpiote_in_event_addr_get) refers to nrfx_gpiote.o(i.nrfx_gpiote_in_event_get) for nrfx_gpiote_in_event_get
    nrfx_gpiote.o(i.nrfx_gpiote_in_event_disable) refers to nrfx_gpiote.o(i.pin_in_use_by_port) for pin_in_use_by_port
    nrfx_gpiote.o(i.nrfx_gpiote_in_event_disable) refers to nrfx_gpiote.o(i.nrf_gpio_cfg_sense_set) for nrf_gpio_cfg_sense_set
    nrfx_gpiote.o(i.nrfx_gpiote_in_event_disable) refers to nrfx_gpiote.o(i.pin_in_use_by_te) for pin_in_use_by_te
    nrfx_gpiote.o(i.nrfx_gpiote_in_event_disable) refers to nrfx_gpiote.o(i.channel_port_get) for channel_port_get
    nrfx_gpiote.o(i.nrfx_gpiote_in_event_enable) refers to nrfx_gpiote.o(i.pin_in_use_by_port) for pin_in_use_by_port
    nrfx_gpiote.o(i.nrfx_gpiote_in_event_enable) refers to nrfx_gpiote.o(i.channel_port_get) for channel_port_get
    nrfx_gpiote.o(i.nrfx_gpiote_in_event_enable) refers to nrfx_gpiote.o(i.port_handler_polarity_get) for port_handler_polarity_get
    nrfx_gpiote.o(i.nrfx_gpiote_in_event_enable) refers to nrfx_gpiote.o(i.nrf_gpio_cfg_sense_set) for nrf_gpio_cfg_sense_set
    nrfx_gpiote.o(i.nrfx_gpiote_in_event_enable) refers to nrfx_gpiote.o(i.nrf_gpio_pin_read) for nrf_gpio_pin_read
    nrfx_gpiote.o(i.nrfx_gpiote_in_event_enable) refers to nrfx_gpiote.o(i.pin_in_use_by_te) for pin_in_use_by_te
    nrfx_gpiote.o(i.nrfx_gpiote_in_event_enable) refers to nrfx_gpiote.o(i.nrf_gpiote_event_clear) for nrf_gpiote_event_clear
    nrfx_gpiote.o(i.nrfx_gpiote_in_event_enable) refers to nrfx_gpiote.o(.bss) for .bss
    nrfx_gpiote.o(i.nrfx_gpiote_in_event_get) refers to nrfx_gpiote.o(i.pin_in_use_by_te) for pin_in_use_by_te
    nrfx_gpiote.o(i.nrfx_gpiote_in_event_get) refers to nrfx_gpiote.o(i.channel_port_get) for channel_port_get
    nrfx_gpiote.o(i.nrfx_gpiote_in_init) refers to nrfx_gpiote.o(i.channel_port_alloc) for channel_port_alloc
    nrfx_gpiote.o(i.nrfx_gpiote_in_init) refers to nrfx_gpiote.o(i.nrf_gpio_pin_port_decode) for nrf_gpio_pin_port_decode
    nrfx_gpiote.o(i.nrfx_gpiote_in_init) refers to nrfx_gpiote.o(i.nrf_gpio_cfg) for nrf_gpio_cfg
    nrfx_gpiote.o(i.nrfx_gpiote_in_init) refers to nrfx_gpiote.o(i.pin_configured_set) for pin_configured_set
    nrfx_gpiote.o(i.nrfx_gpiote_in_init) refers to nrfx_gpiote.o(.bss) for .bss
    nrfx_gpiote.o(i.nrfx_gpiote_in_is_set) refers to nrfx_gpiote.o(i.nrf_gpio_pin_read) for nrf_gpio_pin_read
    nrfx_gpiote.o(i.nrfx_gpiote_in_uninit) refers to nrfx_gpiote.o(i.nrfx_gpiote_in_event_disable) for nrfx_gpiote_in_event_disable
    nrfx_gpiote.o(i.nrfx_gpiote_in_uninit) refers to nrfx_gpiote.o(i.pin_in_use_by_te) for pin_in_use_by_te
    nrfx_gpiote.o(i.nrfx_gpiote_in_uninit) refers to nrfx_gpiote.o(i.channel_port_get) for channel_port_get
    nrfx_gpiote.o(i.nrfx_gpiote_in_uninit) refers to nrfx_gpiote.o(i.pin_configured_check) for pin_configured_check
    nrfx_gpiote.o(i.nrfx_gpiote_in_uninit) refers to nrfx_gpiote.o(i.nrf_gpio_cfg_default) for nrf_gpio_cfg_default
    nrfx_gpiote.o(i.nrfx_gpiote_in_uninit) refers to nrfx_gpiote.o(i.pin_configured_clear) for pin_configured_clear
    nrfx_gpiote.o(i.nrfx_gpiote_in_uninit) refers to nrfx_gpiote.o(i.channel_free) for channel_free
    nrfx_gpiote.o(i.nrfx_gpiote_in_uninit) refers to nrfx_gpiote.o(.bss) for .bss
    nrfx_gpiote.o(i.nrfx_gpiote_init) refers to nrfx_gpiote.o(i.nrf_gpio_pin_present_check) for nrf_gpio_pin_present_check
    nrfx_gpiote.o(i.nrfx_gpiote_init) refers to nrfx_gpiote.o(i.channel_free) for channel_free
    nrfx_gpiote.o(i.nrfx_gpiote_init) refers to nrfx_gpiote.o(i.nrf_gpiote_event_clear) for nrf_gpiote_event_clear
    nrfx_gpiote.o(i.nrfx_gpiote_init) refers to nrfx_gpiote.o(.bss) for .bss
    nrfx_gpiote.o(i.nrfx_gpiote_is_init) refers to nrfx_gpiote.o(.bss) for .bss
    nrfx_gpiote.o(i.nrfx_gpiote_out_clear) refers to nrfx_gpiote.o(i.nrf_gpio_pin_clear) for nrf_gpio_pin_clear
    nrfx_gpiote.o(i.nrfx_gpiote_out_init) refers to nrfx_gpiote.o(i.channel_port_alloc) for channel_port_alloc
    nrfx_gpiote.o(i.nrfx_gpiote_out_init) refers to nrfx_gpiote.o(i.nrf_gpio_pin_clear) for nrf_gpio_pin_clear
    nrfx_gpiote.o(i.nrfx_gpiote_out_init) refers to nrfx_gpiote.o(i.nrf_gpio_cfg) for nrf_gpio_cfg
    nrfx_gpiote.o(i.nrfx_gpiote_out_init) refers to nrfx_gpiote.o(i.pin_configured_set) for pin_configured_set
    nrfx_gpiote.o(i.nrfx_gpiote_out_init) refers to nrfx_gpiote.o(i.nrf_gpio_pin_set) for nrf_gpio_pin_set
    nrfx_gpiote.o(i.nrfx_gpiote_out_init) refers to nrfx_gpiote.o(.bss) for .bss
    nrfx_gpiote.o(i.nrfx_gpiote_out_set) refers to nrfx_gpiote.o(i.nrf_gpio_pin_set) for nrf_gpio_pin_set
    nrfx_gpiote.o(i.nrfx_gpiote_out_task_addr_get) refers to nrfx_gpiote.o(i.nrfx_gpiote_out_task_get) for nrfx_gpiote_out_task_get
    nrfx_gpiote.o(i.nrfx_gpiote_out_task_disable) refers to nrfx_gpiote.o(.bss) for .bss
    nrfx_gpiote.o(i.nrfx_gpiote_out_task_enable) refers to nrfx_gpiote.o(.bss) for .bss
    nrfx_gpiote.o(i.nrfx_gpiote_out_task_force) refers to nrfx_gpiote.o(.bss) for .bss
    nrfx_gpiote.o(i.nrfx_gpiote_out_task_get) refers to nrfx_gpiote.o(i.channel_port_get) for channel_port_get
    nrfx_gpiote.o(i.nrfx_gpiote_out_task_trigger) refers to nrfx_gpiote.o(i.channel_port_get) for channel_port_get
    nrfx_gpiote.o(i.nrfx_gpiote_out_toggle) refers to nrfx_gpiote.o(i.nrf_gpio_pin_port_decode) for nrf_gpio_pin_port_decode
    nrfx_gpiote.o(i.nrfx_gpiote_out_uninit) refers to nrfx_gpiote.o(i.pin_in_use_by_te) for pin_in_use_by_te
    nrfx_gpiote.o(i.nrfx_gpiote_out_uninit) refers to nrfx_gpiote.o(i.channel_port_get) for channel_port_get
    nrfx_gpiote.o(i.nrfx_gpiote_out_uninit) refers to nrfx_gpiote.o(i.channel_free) for channel_free
    nrfx_gpiote.o(i.nrfx_gpiote_out_uninit) refers to nrfx_gpiote.o(i.pin_configured_check) for pin_configured_check
    nrfx_gpiote.o(i.nrfx_gpiote_out_uninit) refers to nrfx_gpiote.o(i.nrf_gpio_cfg_default) for nrf_gpio_cfg_default
    nrfx_gpiote.o(i.nrfx_gpiote_out_uninit) refers to nrfx_gpiote.o(i.pin_configured_clear) for pin_configured_clear
    nrfx_gpiote.o(i.nrfx_gpiote_out_uninit) refers to nrfx_gpiote.o(.bss) for .bss
    nrfx_gpiote.o(i.nrfx_gpiote_set_task_addr_get) refers to nrfx_gpiote.o(i.nrfx_gpiote_set_task_get) for nrfx_gpiote_set_task_get
    nrfx_gpiote.o(i.nrfx_gpiote_set_task_get) refers to nrfx_gpiote.o(i.channel_port_get) for channel_port_get
    nrfx_gpiote.o(i.nrfx_gpiote_set_task_trigger) refers to nrfx_gpiote.o(i.channel_port_get) for channel_port_get
    nrfx_gpiote.o(i.nrfx_gpiote_uninit) refers to nrfx_gpiote.o(i.nrf_gpio_pin_present_check) for nrf_gpio_pin_present_check
    nrfx_gpiote.o(i.nrfx_gpiote_uninit) refers to nrfx_gpiote.o(i.nrfx_gpiote_out_uninit) for nrfx_gpiote_out_uninit
    nrfx_gpiote.o(i.nrfx_gpiote_uninit) refers to nrfx_gpiote.o(i.nrfx_gpiote_in_uninit) for nrfx_gpiote_in_uninit
    nrfx_gpiote.o(i.nrfx_gpiote_uninit) refers to nrfx_gpiote.o(.bss) for .bss
    nrfx_gpiote.o(i.pin_configured_check) refers to nrfx_gpiote.o(i.nrf_bitmask_bit_is_set) for nrf_bitmask_bit_is_set
    nrfx_gpiote.o(i.pin_configured_check) refers to nrfx_gpiote.o(.bss) for .bss
    nrfx_gpiote.o(i.pin_configured_clear) refers to nrfx_gpiote.o(.bss) for .bss
    nrfx_gpiote.o(i.pin_configured_set) refers to nrfx_gpiote.o(.bss) for .bss
    nrfx_gpiote.o(i.pin_in_use_by_port) refers to nrfx_gpiote.o(.bss) for .bss
    nrfx_gpiote.o(i.pin_in_use_by_te) refers to nrfx_gpiote.o(.bss) for .bss
    nrfx_gpiote.o(i.port_event_handle) refers to nrfx_gpiote.o(i.port_handler_pin_get) for port_handler_pin_get
    nrfx_gpiote.o(i.port_event_handle) refers to nrfx_gpiote.o(i.nrf_bitmask_bit_is_set) for nrf_bitmask_bit_is_set
    nrfx_gpiote.o(i.port_event_handle) refers to nrfx_gpiote.o(i.port_handler_polarity_get) for port_handler_polarity_get
    nrfx_gpiote.o(i.port_event_handle) refers to nrfx_gpiote.o(i.nrf_gpio_pin_port_decode) for nrf_gpio_pin_port_decode
    nrfx_gpiote.o(i.port_event_handle) refers to nrfx_gpiote.o(i.nrf_gpio_cfg_sense_set) for nrf_gpio_cfg_sense_set
    nrfx_gpiote.o(i.port_event_handle) refers to nrfx_gpiote.o(i.channel_port_get) for channel_port_get
    nrfx_gpiote.o(i.port_event_handle) refers to nrfx_gpiote.o(i.latch_pending_read_and_check) for latch_pending_read_and_check
    nrfx_gpiote.o(i.port_event_handle) refers to nrfx_gpiote.o(.bss) for .bss
    nrfx_gpiote.o(i.port_handler_pin_get) refers to nrfx_gpiote.o(.bss) for .bss
    nrfx_gpiote.o(i.port_handler_polarity_get) refers to nrfx_gpiote.o(.bss) for .bss
    arm_startup_nrf52840.o(RESET) refers to arm_startup_nrf52840.o(STACK) for __initial_sp
    arm_startup_nrf52840.o(RESET) refers to arm_startup_nrf52840.o(.text) for Reset_Handler
    arm_startup_nrf52840.o(RESET) refers to it.o(i.SysTick_Handler) for SysTick_Handler
    arm_startup_nrf52840.o(RESET) refers to nrfx_uart.o(i.UARTE0_UART0_IRQHandler) for UARTE0_UART0_IRQHandler
    arm_startup_nrf52840.o(RESET) refers to nrfx_gpiote.o(i.GPIOTE_IRQHandler) for GPIOTE_IRQHandler
    arm_startup_nrf52840.o(.text) refers to system_nrf52.o(i.SystemInit) for SystemInit
    arm_startup_nrf52840.o(.text) refers to entry.o(.ARM.Collect$$$$00000000) for __main
    system_nrf52.o(i.SystemCoreClockUpdate) refers to system_nrf52.o(.data) for .data
    system_nrf52.o(i.SystemInit) refers to system_nrf52.o(i.nrf52_errata_36) for nrf52_errata_36
    system_nrf52.o(i.SystemInit) refers to system_nrf52.o(i.nrf52_errata_66) for nrf52_errata_66
    system_nrf52.o(i.SystemInit) refers to system_nrf52.o(i.nrf52_errata_98) for nrf52_errata_98
    system_nrf52.o(i.SystemInit) refers to system_nrf52.o(i.nrf52_errata_103) for nrf52_errata_103
    system_nrf52.o(i.SystemInit) refers to system_nrf52.o(i.nrf52_errata_115) for nrf52_errata_115
    system_nrf52.o(i.SystemInit) refers to system_nrf52.o(i.nrf52_errata_120) for nrf52_errata_120
    system_nrf52.o(i.SystemInit) refers to system_nrf52.o(i.nrf52_errata_136) for nrf52_errata_136
    system_nrf52.o(i.SystemInit) refers to system_nrf52.o(i.nrf52_configuration_249) for nrf52_configuration_249
    system_nrf52.o(i.SystemInit) refers to system_nrf52.o(i.SystemCoreClockUpdate) for SystemCoreClockUpdate
    system_nrf52.o(i.nvmc_config) refers to system_nrf52.o(i.nvmc_wait) for nvmc_wait
    entry.o(.ARM.Collect$$$$00000000) refers (Special) to entry10a.o(.ARM.Collect$$$$0000000F) for __rt_final_cpp
    entry.o(.ARM.Collect$$$$00000000) refers (Special) to entry11a.o(.ARM.Collect$$$$00000011) for __rt_final_exit
    entry.o(.ARM.Collect$$$$00000000) refers (Special) to entry12b.o(.ARM.Collect$$$$0000000E) for __rt_lib_shutdown_fini
    entry.o(.ARM.Collect$$$$00000000) refers (Special) to entry7b.o(.ARM.Collect$$$$00000008) for _main_clock
    entry.o(.ARM.Collect$$$$00000000) refers (Special) to entry8b.o(.ARM.Collect$$$$0000000A) for _main_cpp_init
    entry.o(.ARM.Collect$$$$00000000) refers (Special) to entry9a.o(.ARM.Collect$$$$0000000B) for _main_init
    entry.o(.ARM.Collect$$$$00000000) refers (Special) to entry5.o(.ARM.Collect$$$$00000004) for _main_scatterload
    entry.o(.ARM.Collect$$$$00000000) refers (Special) to entry2.o(.ARM.Collect$$$$00000001) for _main_stk
    printfa.o(i.__0fprintf) refers (Special) to iusefp.o(.text) for __I$use$fp
    printfa.o(i.__0fprintf) refers to printfa.o(i._printf_core) for _printf_core
    printfa.o(i.__0fprintf) refers to fputc.o(i.fputc) for fputc
    printfa.o(i.__0printf) refers (Special) to iusefp.o(.text) for __I$use$fp
    printfa.o(i.__0printf) refers to printfa.o(i._printf_core) for _printf_core
    printfa.o(i.__0printf) refers to fputc.o(i.fputc) for fputc
    printfa.o(i.__0printf) refers to stdout.o(.data) for __stdout
    printfa.o(i.__0snprintf) refers (Special) to iusefp.o(.text) for __I$use$fp
    printfa.o(i.__0snprintf) refers to printfa.o(i._printf_core) for _printf_core
    printfa.o(i.__0snprintf) refers to printfa.o(i._snputc) for _snputc
    printfa.o(i.__0sprintf) refers (Special) to iusefp.o(.text) for __I$use$fp
    printfa.o(i.__0sprintf) refers to printfa.o(i._printf_core) for _printf_core
    printfa.o(i.__0sprintf) refers to printfa.o(i._sputc) for _sputc
    printfa.o(i.__0vfprintf) refers (Special) to iusefp.o(.text) for __I$use$fp
    printfa.o(i.__0vfprintf) refers to printfa.o(i._printf_core) for _printf_core
    printfa.o(i.__0vfprintf) refers to fputc.o(i.fputc) for fputc
    printfa.o(i.__0vprintf) refers (Special) to iusefp.o(.text) for __I$use$fp
    printfa.o(i.__0vprintf) refers to printfa.o(i._printf_core) for _printf_core
    printfa.o(i.__0vprintf) refers to fputc.o(i.fputc) for fputc
    printfa.o(i.__0vprintf) refers to stdout.o(.data) for __stdout
    printfa.o(i.__0vsnprintf) refers (Special) to iusefp.o(.text) for __I$use$fp
    printfa.o(i.__0vsnprintf) refers to printfa.o(i._printf_core) for _printf_core
    printfa.o(i.__0vsnprintf) refers to printfa.o(i._snputc) for _snputc
    printfa.o(i.__0vsprintf) refers (Special) to iusefp.o(.text) for __I$use$fp
    printfa.o(i.__0vsprintf) refers to printfa.o(i._printf_core) for _printf_core
    printfa.o(i.__0vsprintf) refers to printfa.o(i._sputc) for _sputc
    printfa.o(i._fp_digits) refers (Special) to iusefp.o(.text) for __I$use$fp
    printfa.o(i._fp_digits) refers to dmul.o(.text) for __aeabi_dmul
    printfa.o(i._fp_digits) refers to ddiv.o(.text) for __aeabi_ddiv
    printfa.o(i._fp_digits) refers to cdrcmple.o(.text) for __aeabi_cdrcmple
    printfa.o(i._fp_digits) refers to dadd.o(.text) for __aeabi_dadd
    printfa.o(i._fp_digits) refers to dfixul.o(.text) for __aeabi_d2ulz
    printfa.o(i._fp_digits) refers to uldiv.o(.text) for __aeabi_uldivmod
    printfa.o(i._printf_core) refers (Special) to iusefp.o(.text) for __I$use$fp
    printfa.o(i._printf_core) refers to printfa.o(i._printf_pre_padding) for _printf_pre_padding
    printfa.o(i._printf_core) refers to uldiv.o(.text) for __aeabi_uldivmod
    printfa.o(i._printf_core) refers to printfa.o(i._printf_post_padding) for _printf_post_padding
    printfa.o(i._printf_core) refers to printfa.o(i._fp_digits) for _fp_digits
    printfa.o(i._printf_core) refers to uidiv.o(.text) for __aeabi_uidivmod
    printfa.o(i._printf_post_padding) refers (Special) to iusefp.o(.text) for __I$use$fp
    printfa.o(i._printf_pre_padding) refers (Special) to iusefp.o(.text) for __I$use$fp
    printfa.o(i._snputc) refers (Special) to iusefp.o(.text) for __I$use$fp
    printfa.o(i._sputc) refers (Special) to iusefp.o(.text) for __I$use$fp
    entry2.o(.ARM.Collect$$$$00000001) refers to entry2.o(.ARM.Collect$$$$00002712) for __lit__00000000
    entry2.o(.ARM.Collect$$$$00002712) refers to arm_startup_nrf52840.o(STACK) for __initial_sp
    entry2.o(__vectab_stack_and_reset_area) refers to arm_startup_nrf52840.o(STACK) for __initial_sp
    entry2.o(__vectab_stack_and_reset_area) refers to entry.o(.ARM.Collect$$$$00000000) for __main
    entry5.o(.ARM.Collect$$$$00000004) refers to init.o(.text) for __scatterload
    entry9a.o(.ARM.Collect$$$$0000000B) refers to main.o(i.main) for main
    entry9b.o(.ARM.Collect$$$$0000000C) refers to main.o(i.main) for main
    fputc.o(i.fputc) refers (Special) to iusesemip.o(.text) for __I$use$semihosting$fputc
    fputc.o(i.fputc) refers (Special) to semi.o(.text) for __semihosting_library_function
    uldiv.o(.text) refers to llushr.o(.text) for __aeabi_llsr
    uldiv.o(.text) refers to llshl.o(.text) for __aeabi_llsl
    dadd.o(.text) refers to llshl.o(.text) for __aeabi_llsl
    dadd.o(.text) refers to llsshr.o(.text) for __aeabi_lasr
    dadd.o(.text) refers to depilogue.o(.text) for _double_epilogue
    dmul.o(.text) refers to depilogue.o(.text) for _double_epilogue
    ddiv.o(.text) refers to depilogue.o(.text) for _double_round
    dfixul.o(.text) refers to llushr.o(.text) for __aeabi_llsr
    dfixul.o(.text) refers to llshl.o(.text) for __aeabi_llsl
    init.o(.text) refers to entry5.o(.ARM.Collect$$$$00000004) for __main_after_scatterload
    depilogue.o(.text) refers to llshl.o(.text) for __aeabi_llsl
    depilogue.o(.text) refers to llushr.o(.text) for __aeabi_llsr


==============================================================================

Removing Unused input sections from the image.

    Removing main.o(.rev16_text), (4 bytes).
    Removing main.o(.revsh_text), (4 bytes).
    Removing main.o(.rrx_text), (6 bytes).
    Removing main.o(i.jump_bootloader), (2 bytes).
    Removing it.o(.rev16_text), (4 bytes).
    Removing it.o(.revsh_text), (4 bytes).
    Removing it.o(.rrx_text), (6 bytes).
    Removing nrf_drv_uart.o(.rev16_text), (4 bytes).
    Removing nrf_drv_uart.o(.revsh_text), (4 bytes).
    Removing nrf_drv_uart.o(.rrx_text), (6 bytes).
    Removing nrf_drv_uart.o(.data), (2 bytes).
    Removing nrfx_uart.o(.rev16_text), (4 bytes).
    Removing nrfx_uart.o(.revsh_text), (4 bytes).
    Removing nrfx_uart.o(.rrx_text), (6 bytes).
    Removing nrfx_uart.o(i.interrupts_disable), (52 bytes).
    Removing nrfx_uart.o(i.nrf_gpio_cfg_default), (18 bytes).
    Removing nrfx_uart.o(i.nrfx_uart_errorsrc_get), (26 bytes).
    Removing nrfx_uart.o(i.nrfx_uart_rx), (236 bytes).
    Removing nrfx_uart.o(i.nrfx_uart_rx_abort), (18 bytes).
    Removing nrfx_uart.o(i.nrfx_uart_rx_disable), (36 bytes).
    Removing nrfx_uart.o(i.nrfx_uart_rx_enable), (60 bytes).
    Removing nrfx_uart.o(i.nrfx_uart_rx_ready), (10 bytes).
    Removing nrfx_uart.o(i.nrfx_uart_tx_abort), (48 bytes).
    Removing nrfx_uart.o(i.nrfx_uart_uninit), (60 bytes).
    Removing nrfx_uart.o(i.pins_to_default), (80 bytes).
    Removing nrfx_uart.o(i.rx_enable), (32 bytes).
    Removing nrfx_uart.o(.constdata), (15 bytes).
    Removing nrfx_uart.o(.constdata), (13 bytes).
    Removing nrfx_uart.o(.constdata), (13 bytes).
    Removing nrfx_uarte.o(.rev16_text), (4 bytes).
    Removing nrfx_uarte.o(.revsh_text), (4 bytes).
    Removing nrfx_uarte.o(.rrx_text), (6 bytes).
    Removing nrfx_gpiote.o(.rev16_text), (4 bytes).
    Removing nrfx_gpiote.o(.revsh_text), (4 bytes).
    Removing nrfx_gpiote.o(.rrx_text), (6 bytes).
    Removing nrfx_gpiote.o(i.channel_free), (28 bytes).
    Removing nrfx_gpiote.o(i.channel_port_alloc), (84 bytes).
    Removing nrfx_gpiote.o(i.nrf_gpio_cfg), (50 bytes).
    Removing nrfx_gpiote.o(i.nrf_gpio_cfg_default), (18 bytes).
    Removing nrfx_gpiote.o(i.nrf_gpio_pin_clear), (20 bytes).
    Removing nrfx_gpiote.o(i.nrf_gpio_pin_present_check), (44 bytes).
    Removing nrfx_gpiote.o(i.nrf_gpio_pin_read), (22 bytes).
    Removing nrfx_gpiote.o(i.nrf_gpio_pin_set), (20 bytes).
    Removing nrfx_gpiote.o(i.nrfx_gpiote_clr_task_addr_get), (16 bytes).
    Removing nrfx_gpiote.o(i.nrfx_gpiote_clr_task_get), (16 bytes).
    Removing nrfx_gpiote.o(i.nrfx_gpiote_clr_task_trigger), (28 bytes).
    Removing nrfx_gpiote.o(i.nrfx_gpiote_in_event_addr_get), (16 bytes).
    Removing nrfx_gpiote.o(i.nrfx_gpiote_in_event_disable), (72 bytes).
    Removing nrfx_gpiote.o(i.nrfx_gpiote_in_event_enable), (164 bytes).
    Removing nrfx_gpiote.o(i.nrfx_gpiote_in_event_get), (36 bytes).
    Removing nrfx_gpiote.o(i.nrfx_gpiote_in_init), (204 bytes).
    Removing nrfx_gpiote.o(i.nrfx_gpiote_in_is_set), (14 bytes).
    Removing nrfx_gpiote.o(i.nrfx_gpiote_in_uninit), (100 bytes).
    Removing nrfx_gpiote.o(i.nrfx_gpiote_init), (120 bytes).
    Removing nrfx_gpiote.o(i.nrfx_gpiote_is_init), (20 bytes).
    Removing nrfx_gpiote.o(i.nrfx_gpiote_out_clear), (4 bytes).
    Removing nrfx_gpiote.o(i.nrfx_gpiote_out_init), (180 bytes).
    Removing nrfx_gpiote.o(i.nrfx_gpiote_out_set), (4 bytes).
    Removing nrfx_gpiote.o(i.nrfx_gpiote_out_task_addr_get), (16 bytes).
    Removing nrfx_gpiote.o(i.nrfx_gpiote_out_task_disable), (36 bytes).
    Removing nrfx_gpiote.o(i.nrfx_gpiote_out_task_enable), (36 bytes).
    Removing nrfx_gpiote.o(i.nrfx_gpiote_out_task_force), (48 bytes).
    Removing nrfx_gpiote.o(i.nrfx_gpiote_out_task_get), (12 bytes).
    Removing nrfx_gpiote.o(i.nrfx_gpiote_out_task_trigger), (24 bytes).
    Removing nrfx_gpiote.o(i.nrfx_gpiote_out_toggle), (34 bytes).
    Removing nrfx_gpiote.o(i.nrfx_gpiote_out_uninit), (88 bytes).
    Removing nrfx_gpiote.o(i.nrfx_gpiote_set_task_addr_get), (16 bytes).
    Removing nrfx_gpiote.o(i.nrfx_gpiote_set_task_get), (16 bytes).
    Removing nrfx_gpiote.o(i.nrfx_gpiote_set_task_trigger), (28 bytes).
    Removing nrfx_gpiote.o(i.nrfx_gpiote_uninit), (72 bytes).
    Removing nrfx_gpiote.o(i.pin_configured_check), (20 bytes).
    Removing nrfx_gpiote.o(i.pin_configured_clear), (28 bytes).
    Removing nrfx_gpiote.o(i.pin_configured_set), (28 bytes).
    Removing nrfx_gpiote.o(i.pin_in_use_by_port), (24 bytes).
    Removing nrfx_gpiote.o(i.pin_in_use_by_te), (24 bytes).
    Removing nrfx_gpiote.o(.constdata), (17 bytes).
    Removing nrfx_gpiote.o(.constdata), (21 bytes).
    Removing nrfx_gpiote.o(.constdata), (20 bytes).
    Removing arm_startup_nrf52840.o(HEAP), (8192 bytes).
    Removing system_nrf52.o(.rev16_text), (4 bytes).
    Removing system_nrf52.o(.revsh_text), (4 bytes).
    Removing system_nrf52.o(.rrx_text), (6 bytes).
    Removing system_nrf52.o(i.nvmc_config), (12 bytes).
    Removing system_nrf52.o(i.nvmc_wait), (16 bytes).

84 unused section(s) (total 10927 bytes) removed from the image.

==============================================================================

Image Symbol Table

    Local Symbols

    Symbol Name                              Value     Ov Type        Size  Object(Section)

    RESET                                    0x00000000   Section      512  arm_startup_nrf52840.o(RESET)
    ../clib/microlib/division.c              0x00000000   Number         0  uldiv.o ABSOLUTE
    ../clib/microlib/division.c              0x00000000   Number         0  uidiv.o ABSOLUTE
    ../clib/microlib/init/entry.s            0x00000000   Number         0  entry10b.o ABSOLUTE
    ../clib/microlib/init/entry.s            0x00000000   Number         0  entry10a.o ABSOLUTE
    ../clib/microlib/init/entry.s            0x00000000   Number         0  entry9b.o ABSOLUTE
    ../clib/microlib/init/entry.s            0x00000000   Number         0  entry9a.o ABSOLUTE
    ../clib/microlib/init/entry.s            0x00000000   Number         0  entry8b.o ABSOLUTE
    ../clib/microlib/init/entry.s            0x00000000   Number         0  entry8a.o ABSOLUTE
    ../clib/microlib/init/entry.s            0x00000000   Number         0  entry7b.o ABSOLUTE
    ../clib/microlib/init/entry.s            0x00000000   Number         0  entry7a.o ABSOLUTE
    ../clib/microlib/init/entry.s            0x00000000   Number         0  entry5.o ABSOLUTE
    ../clib/microlib/init/entry.s            0x00000000   Number         0  entry2.o ABSOLUTE
    ../clib/microlib/init/entry.s            0x00000000   Number         0  entry.o ABSOLUTE
    ../clib/microlib/init/entry.s            0x00000000   Number         0  entry12b.o ABSOLUTE
    ../clib/microlib/init/entry.s            0x00000000   Number         0  entry12a.o ABSOLUTE
    ../clib/microlib/init/entry.s            0x00000000   Number         0  entry11b.o ABSOLUTE
    ../clib/microlib/init/entry.s            0x00000000   Number         0  entry11a.o ABSOLUTE
    ../clib/microlib/longlong.c              0x00000000   Number         0  llsshr.o ABSOLUTE
    ../clib/microlib/longlong.c              0x00000000   Number         0  llushr.o ABSOLUTE
    ../clib/microlib/longlong.c              0x00000000   Number         0  llshl.o ABSOLUTE
    ../clib/microlib/printf/printf.c         0x00000000   Number         0  printfa.o ABSOLUTE
    ../clib/microlib/stdio/fputc.c           0x00000000   Number         0  fputc.o ABSOLUTE
    ../clib/microlib/stdio/semi.s            0x00000000   Number         0  semi.o ABSOLUTE
    ../clib/microlib/stdio/streams.c         0x00000000   Number         0  stdout.o ABSOLUTE
    ../clib/microlib/string/memcpy.c         0x00000000   Number         0  memcpyb.o ABSOLUTE
    ../clib/microlib/string/memcpy.c         0x00000000   Number         0  memcpya.o ABSOLUTE
    ../clib/microlib/string/strlen.c         0x00000000   Number         0  strlen.o ABSOLUTE
    ../clib/microlib/stubs.s                 0x00000000   Number         0  iusesemip.o ABSOLUTE
    ../clib/microlib/stubs.s                 0x00000000   Number         0  iusefp.o ABSOLUTE
    ../fplib/microlib/fpadd.c                0x00000000   Number         0  dadd.o ABSOLUTE
    ../fplib/microlib/fpdiv.c                0x00000000   Number         0  ddiv.o ABSOLUTE
    ../fplib/microlib/fpepilogue.c           0x00000000   Number         0  depilogue.o ABSOLUTE
    ../fplib/microlib/fpfix.c                0x00000000   Number         0  dfixul.o ABSOLUTE
    ../fplib/microlib/fpmul.c                0x00000000   Number         0  dmul.o ABSOLUTE
    ..\\integration\\nrfx\\legacy\\nrf_drv_uart.c 0x00000000   Number         0  nrf_drv_uart.o ABSOLUTE
    ..\\modules\\nrfx\\drivers\\src\\nrfx_gpiote.c 0x00000000   Number         0  nrfx_gpiote.o ABSOLUTE
    ..\\modules\\nrfx\\drivers\\src\\nrfx_uart.c 0x00000000   Number         0  nrfx_uart.o ABSOLUTE
    ..\\modules\\nrfx\\drivers\\src\\nrfx_uarte.c 0x00000000   Number         0  nrfx_uarte.o ABSOLUTE
    ..\integration\nrfx\legacy\nrf_drv_uart.c 0x00000000   Number         0  nrf_drv_uart.o ABSOLUTE
    ..\modules\nrfx\drivers\src\nrfx_gpiote.c 0x00000000   Number         0  nrfx_gpiote.o ABSOLUTE
    ..\modules\nrfx\drivers\src\nrfx_uart.c  0x00000000   Number         0  nrfx_uart.o ABSOLUTE
    ..\modules\nrfx\drivers\src\nrfx_uarte.c 0x00000000   Number         0  nrfx_uarte.o ABSOLUTE
    Application\\it.c                        0x00000000   Number         0  it.o ABSOLUTE
    Application\\main.c                      0x00000000   Number         0  main.o ABSOLUTE
    Application\it.c                         0x00000000   Number         0  it.o ABSOLUTE
    Application\main.c                       0x00000000   Number         0  main.o ABSOLUTE
    RTE/Device/nRF52840_xxAA/arm_startup_nrf52840.s 0x00000000   Number         0  arm_startup_nrf52840.o ABSOLUTE
    RTE/Device/nRF52840_xxAA/system_nrf52.c  0x00000000   Number         0  system_nrf52.o ABSOLUTE
    RTE\Device\nRF52840_xxAA\system_nrf52.c  0x00000000   Number         0  system_nrf52.o ABSOLUTE
    cdrcmple.s                               0x00000000   Number         0  cdrcmple.o ABSOLUTE
    dc.s                                     0x00000000   Number         0  dc.o ABSOLUTE
    handlers.s                               0x00000000   Number         0  handlers.o ABSOLUTE
    init.s                                   0x00000000   Number         0  init.o ABSOLUTE
    .ARM.Collect$$$$00000000                 0x00000200   Section        0  entry.o(.ARM.Collect$$$$00000000)
    .ARM.Collect$$$$00000001                 0x00000200   Section        4  entry2.o(.ARM.Collect$$$$00000001)
    .ARM.Collect$$$$00000004                 0x00000204   Section        4  entry5.o(.ARM.Collect$$$$00000004)
    .ARM.Collect$$$$00000008                 0x00000208   Section        0  entry7b.o(.ARM.Collect$$$$00000008)
    .ARM.Collect$$$$0000000A                 0x00000208   Section        0  entry8b.o(.ARM.Collect$$$$0000000A)
    .ARM.Collect$$$$0000000B                 0x00000208   Section        8  entry9a.o(.ARM.Collect$$$$0000000B)
    .ARM.Collect$$$$0000000E                 0x00000210   Section        4  entry12b.o(.ARM.Collect$$$$0000000E)
    .ARM.Collect$$$$0000000F                 0x00000214   Section        0  entry10a.o(.ARM.Collect$$$$0000000F)
    .ARM.Collect$$$$00000011                 0x00000214   Section        0  entry11a.o(.ARM.Collect$$$$00000011)
    .ARM.Collect$$$$00002712                 0x00000214   Section        4  entry2.o(.ARM.Collect$$$$00002712)
    __lit__00000000                          0x00000214   Data           4  entry2.o(.ARM.Collect$$$$00002712)
    .text                                    0x00000218   Section       36  arm_startup_nrf52840.o(.text)
    $v0                                      0x00000218   Number         0  arm_startup_nrf52840.o(.text)
    .text                                    0x0000023c   Section        0  memcpya.o(.text)
    .text                                    0x00000260   Section        0  strlen.o(.text)
    .text                                    0x0000026e   Section        0  uidiv.o(.text)
    .text                                    0x0000029a   Section        0  uldiv.o(.text)
    .text                                    0x000002fc   Section        0  dadd.o(.text)
    .text                                    0x000002fc   Section        0  iusefp.o(.text)
    .text                                    0x0000044a   Section        0  dmul.o(.text)
    .text                                    0x0000052e   Section        0  ddiv.o(.text)
    .text                                    0x0000060c   Section        0  dfixul.o(.text)
    .text                                    0x0000063c   Section       48  cdrcmple.o(.text)
    .text                                    0x0000066c   Section       36  init.o(.text)
    .text                                    0x00000690   Section        0  llshl.o(.text)
    .text                                    0x000006ae   Section        0  llushr.o(.text)
    .text                                    0x000006ce   Section        0  llsshr.o(.text)
    .text                                    0x000006f2   Section        0  depilogue.o(.text)
    i.DelayMs                                0x000007ac   Section        0  main.o(i.DelayMs)
    i.GPIOTE_IRQHandler                      0x000007c4   Section        0  nrfx_gpiote.o(i.GPIOTE_IRQHandler)
    i.SysTick_Handler                        0x0000086c   Section        0  it.o(i.SysTick_Handler)
    i.SystemCoreClockUpdate                  0x0000087c   Section        0  system_nrf52.o(i.SystemCoreClockUpdate)
    i.SystemInit                             0x0000088c   Section        0  system_nrf52.o(i.SystemInit)
    i.UARTE0_UART0_IRQHandler                0x00000a00   Section        0  nrfx_uart.o(i.UARTE0_UART0_IRQHandler)
    i.__0vsprintf                            0x00000a10   Section        0  printfa.o(i.__0vsprintf)
    i.__scatterload_copy                     0x00000a34   Section       14  handlers.o(i.__scatterload_copy)
    i.__scatterload_null                     0x00000a42   Section        2  handlers.o(i.__scatterload_null)
    i.__scatterload_zeroinit                 0x00000a44   Section       14  handlers.o(i.__scatterload_zeroinit)
    i._fp_digits                             0x00000a54   Section        0  printfa.o(i._fp_digits)
    _fp_digits                               0x00000a55   Thumb Code   366  printfa.o(i._fp_digits)
    i._printf_core                           0x00000bd8   Section        0  printfa.o(i._printf_core)
    _printf_core                             0x00000bd9   Thumb Code  1704  printfa.o(i._printf_core)
    i._printf_post_padding                   0x0000128c   Section        0  printfa.o(i._printf_post_padding)
    _printf_post_padding                     0x0000128d   Thumb Code    36  printfa.o(i._printf_post_padding)
    i._printf_pre_padding                    0x000012b0   Section        0  printfa.o(i._printf_pre_padding)
    _printf_pre_padding                      0x000012b1   Thumb Code    46  printfa.o(i._printf_pre_padding)
    i._sputc                                 0x000012de   Section        0  printfa.o(i._sputc)
    _sputc                                   0x000012df   Thumb Code    10  printfa.o(i._sputc)
    i.apply_config                           0x000012e8   Section        0  nrfx_uart.o(i.apply_config)
    apply_config                             0x000012e9   Thumb Code   118  nrfx_uart.o(i.apply_config)
    i.channel_port_get                       0x00001360   Section        0  nrfx_gpiote.o(i.channel_port_get)
    channel_port_get                         0x00001361   Thumb Code    10  nrfx_gpiote.o(i.channel_port_get)
    i.error_handler                          0x00001370   Section        0  main.o(i.error_handler)
    i.gpio_init                              0x00001372   Section        0  main.o(i.gpio_init)
    i.interrupts_enable                      0x0000138c   Section        0  nrfx_uart.o(i.interrupts_enable)
    interrupts_enable                        0x0000138d   Thumb Code   102  nrfx_uart.o(i.interrupts_enable)
    i.jump_application                       0x000013f8   Section        0  main.o(i.jump_application)
    i.latch_pending_read_and_check           0x00001406   Section        0  nrfx_gpiote.o(i.latch_pending_read_and_check)
    latch_pending_read_and_check             0x00001407   Thumb Code    36  nrfx_gpiote.o(i.latch_pending_read_and_check)
    i.logPrint_debug                         0x0000142a   Section        0  main.o(i.logPrint_debug)
    i.main                                   0x00001450   Section        0  main.o(i.main)
    i.nrf52_configuration_249                0x000014bc   Section        0  system_nrf52.o(i.nrf52_configuration_249)
    nrf52_configuration_249                  0x000014bd   Thumb Code    56  system_nrf52.o(i.nrf52_configuration_249)
    i.nrf52_errata_103                       0x000014f8   Section        0  system_nrf52.o(i.nrf52_errata_103)
    nrf52_errata_103                         0x000014f9   Thumb Code    56  system_nrf52.o(i.nrf52_errata_103)
    i.nrf52_errata_115                       0x00001534   Section        0  system_nrf52.o(i.nrf52_errata_115)
    nrf52_errata_115                         0x00001535   Thumb Code    56  system_nrf52.o(i.nrf52_errata_115)
    i.nrf52_errata_120                       0x00001570   Section        0  system_nrf52.o(i.nrf52_errata_120)
    nrf52_errata_120                         0x00001571   Thumb Code    56  system_nrf52.o(i.nrf52_errata_120)
    i.nrf52_errata_136                       0x000015ac   Section        0  system_nrf52.o(i.nrf52_errata_136)
    nrf52_errata_136                         0x000015ad   Thumb Code    56  system_nrf52.o(i.nrf52_errata_136)
    i.nrf52_errata_36                        0x000015e8   Section        0  system_nrf52.o(i.nrf52_errata_36)
    nrf52_errata_36                          0x000015e9   Thumb Code    56  system_nrf52.o(i.nrf52_errata_36)
    i.nrf52_errata_66                        0x00001624   Section        0  system_nrf52.o(i.nrf52_errata_66)
    nrf52_errata_66                          0x00001625   Thumb Code    56  system_nrf52.o(i.nrf52_errata_66)
    i.nrf52_errata_98                        0x00001660   Section        0  system_nrf52.o(i.nrf52_errata_98)
    nrf52_errata_98                          0x00001661   Thumb Code    56  system_nrf52.o(i.nrf52_errata_98)
    i.nrf_bitmask_bit_is_set                 0x0000169c   Section        0  nrfx_gpiote.o(i.nrf_bitmask_bit_is_set)
    nrf_bitmask_bit_is_set                   0x0000169d   Thumb Code    16  nrfx_gpiote.o(i.nrf_bitmask_bit_is_set)
    i.nrf_drv_uart_init                      0x000016ac   Section        0  nrf_drv_uart.o(i.nrf_drv_uart_init)
    i.nrf_gpio_cfg                           0x000016ec   Section        0  nrfx_uart.o(i.nrf_gpio_cfg)
    nrf_gpio_cfg                             0x000016ed   Thumb Code    50  nrfx_uart.o(i.nrf_gpio_cfg)
    i.nrf_gpio_cfg_input                     0x0000171e   Section        0  nrfx_uart.o(i.nrf_gpio_cfg_input)
    nrf_gpio_cfg_input                       0x0000171f   Thumb Code    18  nrfx_uart.o(i.nrf_gpio_cfg_input)
    i.nrf_gpio_cfg_output                    0x00001730   Section        0  nrfx_uart.o(i.nrf_gpio_cfg_output)
    nrf_gpio_cfg_output                      0x00001731   Thumb Code    20  nrfx_uart.o(i.nrf_gpio_cfg_output)
    i.nrf_gpio_cfg_sense_set                 0x00001744   Section        0  nrfx_gpiote.o(i.nrf_gpio_cfg_sense_set)
    nrf_gpio_cfg_sense_set                   0x00001745   Thumb Code    48  nrfx_gpiote.o(i.nrf_gpio_cfg_sense_set)
    i.nrf_gpio_latches_read_and_clear        0x00001774   Section        0  nrfx_gpiote.o(i.nrf_gpio_latches_read_and_clear)
    nrf_gpio_latches_read_and_clear          0x00001775   Thumb Code    38  nrfx_gpiote.o(i.nrf_gpio_latches_read_and_clear)
    i.nrf_gpio_pin_port_decode               0x000017a0   Section        0  main.o(i.nrf_gpio_pin_port_decode)
    nrf_gpio_pin_port_decode                 0x000017a1   Thumb Code    22  main.o(i.nrf_gpio_pin_port_decode)
    i.nrf_gpio_pin_port_decode               0x000017bc   Section        0  nrfx_uart.o(i.nrf_gpio_pin_port_decode)
    nrf_gpio_pin_port_decode                 0x000017bd   Thumb Code    22  nrfx_uart.o(i.nrf_gpio_pin_port_decode)
    i.nrf_gpio_pin_port_decode               0x000017d8   Section        0  nrfx_gpiote.o(i.nrf_gpio_pin_port_decode)
    nrf_gpio_pin_port_decode                 0x000017d9   Thumb Code    22  nrfx_gpiote.o(i.nrf_gpio_pin_port_decode)
    i.nrf_gpio_pin_set                       0x000017f4   Section        0  nrfx_uart.o(i.nrf_gpio_pin_set)
    nrf_gpio_pin_set                         0x000017f5   Thumb Code    20  nrfx_uart.o(i.nrf_gpio_pin_set)
    i.nrf_gpiote_event_clear                 0x00001808   Section        0  nrfx_gpiote.o(i.nrf_gpiote_event_clear)
    nrf_gpiote_event_clear                   0x00001809   Thumb Code    16  nrfx_gpiote.o(i.nrf_gpiote_event_clear)
    i.nrf_gpiote_event_is_set                0x0000181c   Section        0  nrfx_gpiote.o(i.nrf_gpiote_event_is_set)
    nrf_gpiote_event_is_set                  0x0000181d   Thumb Code    14  nrfx_gpiote.o(i.nrf_gpiote_event_is_set)
    i.nrf_uart_event_check                   0x00001830   Section        0  nrfx_uart.o(i.nrf_uart_event_check)
    nrf_uart_event_check                     0x00001831   Thumb Code    10  nrfx_uart.o(i.nrf_uart_event_check)
    i.nrf_uart_event_clear                   0x0000183a   Section        0  nrfx_uart.o(i.nrf_uart_event_clear)
    nrf_uart_event_clear                     0x0000183b   Thumb Code    12  nrfx_uart.o(i.nrf_uart_event_clear)
    i.nrf_uart_int_enable_check              0x00001846   Section        0  nrfx_uart.o(i.nrf_uart_int_enable_check)
    nrf_uart_int_enable_check                0x00001847   Thumb Code    12  nrfx_uart.o(i.nrf_uart_int_enable_check)
    i.nrfx_uart_init                         0x00001854   Section        0  nrfx_uart.o(i.nrfx_uart_init)
    i.nrfx_uart_tx                           0x000018b4   Section        0  nrfx_uart.o(i.nrfx_uart_tx)
    i.nrfx_uart_tx_in_progress               0x00001934   Section        0  nrfx_uart.o(i.nrfx_uart_tx_in_progress)
    i.port_event_handle                      0x00001954   Section        0  nrfx_gpiote.o(i.port_event_handle)
    port_event_handle                        0x00001955   Thumb Code   166  nrfx_gpiote.o(i.port_event_handle)
    i.port_handler_pin_get                   0x00001a00   Section        0  nrfx_gpiote.o(i.port_handler_pin_get)
    port_handler_pin_get                     0x00001a01   Thumb Code    14  nrfx_gpiote.o(i.port_handler_pin_get)
    i.port_handler_polarity_get              0x00001a14   Section        0  nrfx_gpiote.o(i.port_handler_polarity_get)
    port_handler_polarity_get                0x00001a15   Thumb Code    12  nrfx_gpiote.o(i.port_handler_polarity_get)
    i.rx_byte                                0x00001a24   Section        0  nrfx_uart.o(i.rx_byte)
    rx_byte                                  0x00001a25   Thumb Code    52  nrfx_uart.o(i.rx_byte)
    i.rx_done_event                          0x00001a58   Section        0  nrfx_uart.o(i.rx_done_event)
    rx_done_event                            0x00001a59   Thumb Code    20  nrfx_uart.o(i.rx_done_event)
    i.send_data                              0x00001a6c   Section        0  main.o(i.send_data)
    i.systick_Gettick                        0x00001a8c   Section        0  it.o(i.systick_Gettick)
    i.systick_init                           0x00001a98   Section        0  main.o(i.systick_init)
    i.tx_blocking                            0x00001ac4   Section        0  nrfx_uart.o(i.tx_blocking)
    tx_blocking                              0x00001ac5   Thumb Code    58  nrfx_uart.o(i.tx_blocking)
    i.tx_byte                                0x00001afe   Section        0  nrfx_uart.o(i.tx_byte)
    tx_byte                                  0x00001aff   Thumb Code    34  nrfx_uart.o(i.tx_byte)
    i.tx_done_event                          0x00001b20   Section        0  nrfx_uart.o(i.tx_done_event)
    tx_done_event                            0x00001b21   Thumb Code    24  nrfx_uart.o(i.tx_done_event)
    i.uart_evt_handler                       0x00001b38   Section        0  nrf_drv_uart.o(i.uart_evt_handler)
    uart_evt_handler                         0x00001b39   Thumb Code    44  nrf_drv_uart.o(i.uart_evt_handler)
    i.uart_handler                           0x00001b68   Section        0  main.o(i.uart_handler)
    i.uart_init                              0x00001b7c   Section        0  main.o(i.uart_init)
    i.uart_irq_handler                       0x00001bc0   Section        0  nrfx_uart.o(i.uart_irq_handler)
    uart_irq_handler                         0x00001bc1   Thumb Code   306  nrfx_uart.o(i.uart_irq_handler)
    .constdata                               0x00001cf4   Section        8  nrfx_gpiote.o(.constdata)
    .data                                    0x20000000   Section       16  main.o(.data)
    app_uart_inst                            0x20000004   Data          12  main.o(.data)
    .data                                    0x20000010   Section        4  it.o(.data)
    utick                                    0x20000010   Data           4  it.o(.data)
    .data                                    0x20000014   Section       16  nrf_drv_uart.o(.data)
    m_handlers                               0x20000014   Data           8  nrf_drv_uart.o(.data)
    m_contexts                               0x2000001c   Data           8  nrf_drv_uart.o(.data)
    .data                                    0x20000024   Section        4  system_nrf52.o(.data)
    __tagsym$$used                           0x20000024   Number         0  system_nrf52.o(.data)
    .bss                                     0x20000028   Section       44  nrfx_uart.o(.bss)
    m_cb                                     0x20000028   Data          44  nrfx_uart.o(.bss)
    .bss                                     0x20000054   Section       92  nrfx_gpiote.o(.bss)
    m_cb                                     0x20000054   Data          92  nrfx_gpiote.o(.bss)
    STACK                                    0x200000b0   Section     8192  arm_startup_nrf52840.o(STACK)

    Global Symbols

    Symbol Name                              Value     Ov Type        Size  Object(Section)

    BuildAttributes$$THM_ISAv4$E$P$D$K$B$S$7EM$VFPi3$EXTD16$VFPS$VFMA$PE$A:L22UL41UL21$X:L11$S22US41US21$IEEE1$IW$USESV6$~STKCKD$USESV7$~SHL$OSPACE$ROPI$EBA8$MICROLIB$REQ8$PRES8$EABIv2 0x00000000   Number         0  anon$$obj.o ABSOLUTE
    __ARM_use_no_argv                        0x00000000   Number         0  main.o ABSOLUTE
    __Vectors                                0x00000000   Data           4  arm_startup_nrf52840.o(RESET)
    __arm_fini_                               - Undefined Weak Reference
    __cpp_initialize__aeabi_                  - Undefined Weak Reference
    __cxa_finalize                            - Undefined Weak Reference
    __decompress                              - Undefined Weak Reference
    _clock_init                               - Undefined Weak Reference
    _microlib_exit                            - Undefined Weak Reference
    __Vectors_End                            0x00000200   Data           0  arm_startup_nrf52840.o(RESET)
    __Vectors_Size                           0x00000200   Number         0  arm_startup_nrf52840.o ABSOLUTE
    __main                                   0x00000201   Thumb Code     0  entry.o(.ARM.Collect$$$$00000000)
    _main_stk                                0x00000201   Thumb Code     0  entry2.o(.ARM.Collect$$$$00000001)
    _main_scatterload                        0x00000205   Thumb Code     0  entry5.o(.ARM.Collect$$$$00000004)
    __main_after_scatterload                 0x00000209   Thumb Code     0  entry5.o(.ARM.Collect$$$$00000004)
    _main_clock                              0x00000209   Thumb Code     0  entry7b.o(.ARM.Collect$$$$00000008)
    _main_cpp_init                           0x00000209   Thumb Code     0  entry8b.o(.ARM.Collect$$$$0000000A)
    _main_init                               0x00000209   Thumb Code     0  entry9a.o(.ARM.Collect$$$$0000000B)
    __rt_lib_shutdown_fini                   0x00000211   Thumb Code     0  entry12b.o(.ARM.Collect$$$$0000000E)
    __rt_final_cpp                           0x00000215   Thumb Code     0  entry10a.o(.ARM.Collect$$$$0000000F)
    __rt_final_exit                          0x00000215   Thumb Code     0  entry11a.o(.ARM.Collect$$$$00000011)
    Reset_Handler                            0x00000219   Thumb Code     8  arm_startup_nrf52840.o(.text)
    NMI_Handler                              0x00000221   Thumb Code     2  arm_startup_nrf52840.o(.text)
    HardFault_Handler                        0x00000223   Thumb Code     2  arm_startup_nrf52840.o(.text)
    MemoryManagement_Handler                 0x00000225   Thumb Code     2  arm_startup_nrf52840.o(.text)
    BusFault_Handler                         0x00000227   Thumb Code     2  arm_startup_nrf52840.o(.text)
    UsageFault_Handler                       0x00000229   Thumb Code     2  arm_startup_nrf52840.o(.text)
    SVC_Handler                              0x0000022b   Thumb Code     2  arm_startup_nrf52840.o(.text)
    DebugMon_Handler                         0x0000022d   Thumb Code     2  arm_startup_nrf52840.o(.text)
    PendSV_Handler                           0x0000022f   Thumb Code     2  arm_startup_nrf52840.o(.text)
    CCM_AAR_IRQHandler                       0x00000233   Thumb Code     0  arm_startup_nrf52840.o(.text)
    COMP_LPCOMP_IRQHandler                   0x00000233   Thumb Code     0  arm_startup_nrf52840.o(.text)
    CRYPTOCELL_IRQHandler                    0x00000233   Thumb Code     0  arm_startup_nrf52840.o(.text)
    ECB_IRQHandler                           0x00000233   Thumb Code     0  arm_startup_nrf52840.o(.text)
    FPU_IRQHandler                           0x00000233   Thumb Code     0  arm_startup_nrf52840.o(.text)
    I2S_IRQHandler                           0x00000233   Thumb Code     0  arm_startup_nrf52840.o(.text)
    MWU_IRQHandler                           0x00000233   Thumb Code     0  arm_startup_nrf52840.o(.text)
    NFCT_IRQHandler                          0x00000233   Thumb Code     0  arm_startup_nrf52840.o(.text)
    PDM_IRQHandler                           0x00000233   Thumb Code     0  arm_startup_nrf52840.o(.text)
    POWER_CLOCK_IRQHandler                   0x00000233   Thumb Code     0  arm_startup_nrf52840.o(.text)
    PWM0_IRQHandler                          0x00000233   Thumb Code     0  arm_startup_nrf52840.o(.text)
    PWM1_IRQHandler                          0x00000233   Thumb Code     0  arm_startup_nrf52840.o(.text)
    PWM2_IRQHandler                          0x00000233   Thumb Code     0  arm_startup_nrf52840.o(.text)
    PWM3_IRQHandler                          0x00000233   Thumb Code     0  arm_startup_nrf52840.o(.text)
    QDEC_IRQHandler                          0x00000233   Thumb Code     0  arm_startup_nrf52840.o(.text)
    QSPI_IRQHandler                          0x00000233   Thumb Code     0  arm_startup_nrf52840.o(.text)
    RADIO_IRQHandler                         0x00000233   Thumb Code     0  arm_startup_nrf52840.o(.text)
    RNG_IRQHandler                           0x00000233   Thumb Code     0  arm_startup_nrf52840.o(.text)
    RTC0_IRQHandler                          0x00000233   Thumb Code     0  arm_startup_nrf52840.o(.text)
    RTC1_IRQHandler                          0x00000233   Thumb Code     0  arm_startup_nrf52840.o(.text)
    RTC2_IRQHandler                          0x00000233   Thumb Code     0  arm_startup_nrf52840.o(.text)
    SAADC_IRQHandler                         0x00000233   Thumb Code     0  arm_startup_nrf52840.o(.text)
    SPIM0_SPIS0_TWIM0_TWIS0_SPI0_TWI0_IRQHandler 0x00000233   Thumb Code     0  arm_startup_nrf52840.o(.text)
    SPIM1_SPIS1_TWIM1_TWIS1_SPI1_TWI1_IRQHandler 0x00000233   Thumb Code     0  arm_startup_nrf52840.o(.text)
    SPIM2_SPIS2_SPI2_IRQHandler              0x00000233   Thumb Code     0  arm_startup_nrf52840.o(.text)
    SPIM3_IRQHandler                         0x00000233   Thumb Code     0  arm_startup_nrf52840.o(.text)
    SWI0_EGU0_IRQHandler                     0x00000233   Thumb Code     0  arm_startup_nrf52840.o(.text)
    SWI1_EGU1_IRQHandler                     0x00000233   Thumb Code     0  arm_startup_nrf52840.o(.text)
    SWI2_EGU2_IRQHandler                     0x00000233   Thumb Code     0  arm_startup_nrf52840.o(.text)
    SWI3_EGU3_IRQHandler                     0x00000233   Thumb Code     0  arm_startup_nrf52840.o(.text)
    SWI4_EGU4_IRQHandler                     0x00000233   Thumb Code     0  arm_startup_nrf52840.o(.text)
    SWI5_EGU5_IRQHandler                     0x00000233   Thumb Code     0  arm_startup_nrf52840.o(.text)
    TEMP_IRQHandler                          0x00000233   Thumb Code     0  arm_startup_nrf52840.o(.text)
    TIMER0_IRQHandler                        0x00000233   Thumb Code     0  arm_startup_nrf52840.o(.text)
    TIMER1_IRQHandler                        0x00000233   Thumb Code     0  arm_startup_nrf52840.o(.text)
    TIMER2_IRQHandler                        0x00000233   Thumb Code     0  arm_startup_nrf52840.o(.text)
    TIMER3_IRQHandler                        0x00000233   Thumb Code     0  arm_startup_nrf52840.o(.text)
    TIMER4_IRQHandler                        0x00000233   Thumb Code     0  arm_startup_nrf52840.o(.text)
    UARTE1_IRQHandler                        0x00000233   Thumb Code     0  arm_startup_nrf52840.o(.text)
    USBD_IRQHandler                          0x00000233   Thumb Code     0  arm_startup_nrf52840.o(.text)
    WDT_IRQHandler                           0x00000233   Thumb Code     0  arm_startup_nrf52840.o(.text)
    __aeabi_memcpy                           0x0000023d   Thumb Code    36  memcpya.o(.text)
    __aeabi_memcpy4                          0x0000023d   Thumb Code     0  memcpya.o(.text)
    __aeabi_memcpy8                          0x0000023d   Thumb Code     0  memcpya.o(.text)
    strlen                                   0x00000261   Thumb Code    14  strlen.o(.text)
    __aeabi_uidiv                            0x0000026f   Thumb Code     0  uidiv.o(.text)
    __aeabi_uidivmod                         0x0000026f   Thumb Code    44  uidiv.o(.text)
    __aeabi_uldivmod                         0x0000029b   Thumb Code    98  uldiv.o(.text)
    __I$use$fp                               0x000002fd   Thumb Code     0  iusefp.o(.text)
    __aeabi_dadd                             0x000002fd   Thumb Code   322  dadd.o(.text)
    __aeabi_dsub                             0x0000043f   Thumb Code     6  dadd.o(.text)
    __aeabi_drsub                            0x00000445   Thumb Code     6  dadd.o(.text)
    __aeabi_dmul                             0x0000044b   Thumb Code   228  dmul.o(.text)
    __aeabi_ddiv                             0x0000052f   Thumb Code   222  ddiv.o(.text)
    __aeabi_d2ulz                            0x0000060d   Thumb Code    48  dfixul.o(.text)
    __aeabi_cdrcmple                         0x0000063d   Thumb Code    48  cdrcmple.o(.text)
    __scatterload                            0x0000066d   Thumb Code    28  init.o(.text)
    __scatterload_rt2                        0x0000066d   Thumb Code     0  init.o(.text)
    __aeabi_llsl                             0x00000691   Thumb Code    30  llshl.o(.text)
    _ll_shift_l                              0x00000691   Thumb Code     0  llshl.o(.text)
    __aeabi_llsr                             0x000006af   Thumb Code    32  llushr.o(.text)
    _ll_ushift_r                             0x000006af   Thumb Code     0  llushr.o(.text)
    __aeabi_lasr                             0x000006cf   Thumb Code    36  llsshr.o(.text)
    _ll_sshift_r                             0x000006cf   Thumb Code     0  llsshr.o(.text)
    _double_round                            0x000006f3   Thumb Code    30  depilogue.o(.text)
    _double_epilogue                         0x00000711   Thumb Code   156  depilogue.o(.text)
    DelayMs                                  0x000007ad   Thumb Code    22  main.o(i.DelayMs)
    GPIOTE_IRQHandler                        0x000007c5   Thumb Code   160  nrfx_gpiote.o(i.GPIOTE_IRQHandler)
    SysTick_Handler                          0x0000086d   Thumb Code    10  it.o(i.SysTick_Handler)
    SystemCoreClockUpdate                    0x0000087d   Thumb Code     8  system_nrf52.o(i.SystemCoreClockUpdate)
    SystemInit                               0x0000088d   Thumb Code   320  system_nrf52.o(i.SystemInit)
    UARTE0_UART0_IRQHandler                  0x00000a01   Thumb Code     8  nrfx_uart.o(i.UARTE0_UART0_IRQHandler)
    __0vsprintf                              0x00000a11   Thumb Code    30  printfa.o(i.__0vsprintf)
    __1vsprintf                              0x00000a11   Thumb Code     0  printfa.o(i.__0vsprintf)
    __2vsprintf                              0x00000a11   Thumb Code     0  printfa.o(i.__0vsprintf)
    __c89vsprintf                            0x00000a11   Thumb Code     0  printfa.o(i.__0vsprintf)
    vsprintf                                 0x00000a11   Thumb Code     0  printfa.o(i.__0vsprintf)
    __scatterload_copy                       0x00000a35   Thumb Code    14  handlers.o(i.__scatterload_copy)
    __scatterload_null                       0x00000a43   Thumb Code     2  handlers.o(i.__scatterload_null)
    __scatterload_zeroinit                   0x00000a45   Thumb Code    14  handlers.o(i.__scatterload_zeroinit)
    error_handler                            0x00001371   Thumb Code     2  main.o(i.error_handler)
    gpio_init                                0x00001373   Thumb Code    26  main.o(i.gpio_init)
    jump_application                         0x000013f9   Thumb Code    14  main.o(i.jump_application)
    logPrint_debug                           0x0000142b   Thumb Code    38  main.o(i.logPrint_debug)
    main                                     0x00001451   Thumb Code    76  main.o(i.main)
    nrf_drv_uart_init                        0x000016ad   Thumb Code    56  nrf_drv_uart.o(i.nrf_drv_uart_init)
    nrfx_uart_init                           0x00001855   Thumb Code    90  nrfx_uart.o(i.nrfx_uart_init)
    nrfx_uart_tx                             0x000018b5   Thumb Code   124  nrfx_uart.o(i.nrfx_uart_tx)
    nrfx_uart_tx_in_progress                 0x00001935   Thumb Code    26  nrfx_uart.o(i.nrfx_uart_tx_in_progress)
    send_data                                0x00001a6d   Thumb Code    28  main.o(i.send_data)
    systick_Gettick                          0x00001a8d   Thumb Code     6  it.o(i.systick_Gettick)
    systick_init                             0x00001a99   Thumb Code    36  main.o(i.systick_init)
    uart_handler                             0x00001b69   Thumb Code    14  main.o(i.uart_handler)
    uart_init                                0x00001b7d   Thumb Code    54  main.o(i.uart_init)
    Region$$Table$$Base                      0x00001cfc   Number         0  anon$$obj.o(Region$$Table)
    Region$$Table$$Limit                     0x00001d1c   Number         0  anon$$obj.o(Region$$Table)
    done                                     0x20000000   Data           1  main.o(.data)
    SystemCoreClock                          0x20000024   Data           4  system_nrf52.o(.data)
    __initial_sp                             0x200020b0   Data           0  arm_startup_nrf52840.o(STACK)



==============================================================================

Memory Map of the image

  Image Entry point : 0x00000201

  Load Region LR_IROM1 (Base: 0x00000000, Size: 0x00001d44, Max: 0x00100000, ABSOLUTE)

    Execution Region ER_IROM1 (Exec base: 0x00000000, Load base: 0x00000000, Size: 0x00001d1c, Max: 0x00100000, ABSOLUTE)

    Exec Addr    Load Addr    Size         Type   Attr      Idx    E Section Name        Object

    0x00000000   0x00000000   0x00000200   Data   RO          930    RESET               arm_startup_nrf52840.o
    0x00000200   0x00000200   0x00000000   Code   RO         1032  * .ARM.Collect$$$$00000000  mc_w.l(entry.o)
    0x00000200   0x00000200   0x00000004   Code   RO         1069    .ARM.Collect$$$$00000001  mc_w.l(entry2.o)
    0x00000204   0x00000204   0x00000004   Code   RO         1072    .ARM.Collect$$$$00000004  mc_w.l(entry5.o)
    0x00000208   0x00000208   0x00000000   Code   RO         1074    .ARM.Collect$$$$00000008  mc_w.l(entry7b.o)
    0x00000208   0x00000208   0x00000000   Code   RO         1076    .ARM.Collect$$$$0000000A  mc_w.l(entry8b.o)
    0x00000208   0x00000208   0x00000008   Code   RO         1077    .ARM.Collect$$$$0000000B  mc_w.l(entry9a.o)
    0x00000210   0x00000210   0x00000004   Code   RO         1084    .ARM.Collect$$$$0000000E  mc_w.l(entry12b.o)
    0x00000214   0x00000214   0x00000000   Code   RO         1079    .ARM.Collect$$$$0000000F  mc_w.l(entry10a.o)
    0x00000214   0x00000214   0x00000000   Code   RO         1081    .ARM.Collect$$$$00000011  mc_w.l(entry11a.o)
    0x00000214   0x00000214   0x00000004   Code   RO         1070    .ARM.Collect$$$$00002712  mc_w.l(entry2.o)
    0x00000218   0x00000218   0x00000024   Code   RO          931    .text               arm_startup_nrf52840.o
    0x0000023c   0x0000023c   0x00000024   Code   RO         1035    .text               mc_w.l(memcpya.o)
    0x00000260   0x00000260   0x0000000e   Code   RO         1037    .text               mc_w.l(strlen.o)
    0x0000026e   0x0000026e   0x0000002c   Code   RO         1088    .text               mc_w.l(uidiv.o)
    0x0000029a   0x0000029a   0x00000062   Code   RO         1090    .text               mc_w.l(uldiv.o)
    0x000002fc   0x000002fc   0x00000000   Code   RO         1092    .text               mc_w.l(iusefp.o)
    0x000002fc   0x000002fc   0x0000014e   Code   RO         1093    .text               mf_w.l(dadd.o)
    0x0000044a   0x0000044a   0x000000e4   Code   RO         1095    .text               mf_w.l(dmul.o)
    0x0000052e   0x0000052e   0x000000de   Code   RO         1097    .text               mf_w.l(ddiv.o)
    0x0000060c   0x0000060c   0x00000030   Code   RO         1099    .text               mf_w.l(dfixul.o)
    0x0000063c   0x0000063c   0x00000030   Code   RO         1101    .text               mf_w.l(cdrcmple.o)
    0x0000066c   0x0000066c   0x00000024   Code   RO         1103    .text               mc_w.l(init.o)
    0x00000690   0x00000690   0x0000001e   Code   RO         1106    .text               mc_w.l(llshl.o)
    0x000006ae   0x000006ae   0x00000020   Code   RO         1108    .text               mc_w.l(llushr.o)
    0x000006ce   0x000006ce   0x00000024   Code   RO         1110    .text               mc_w.l(llsshr.o)
    0x000006f2   0x000006f2   0x000000ba   Code   RO         1113    .text               mf_w.l(depilogue.o)
    0x000007ac   0x000007ac   0x00000016   Code   RO            4    i.DelayMs           main.o
    0x000007c2   0x000007c2   0x00000002   PAD
    0x000007c4   0x000007c4   0x000000a8   Code   RO          596    i.GPIOTE_IRQHandler  nrfx_gpiote.o
    0x0000086c   0x0000086c   0x00000010   Code   RO          244    i.SysTick_Handler   it.o
    0x0000087c   0x0000087c   0x00000010   Code   RO          938    i.SystemCoreClockUpdate  system_nrf52.o
    0x0000088c   0x0000088c   0x00000174   Code   RO          939    i.SystemInit        system_nrf52.o
    0x00000a00   0x00000a00   0x00000010   Code   RO          329    i.UARTE0_UART0_IRQHandler  nrfx_uart.o
    0x00000a10   0x00000a10   0x00000024   Code   RO         1048    i.__0vsprintf       mc_w.l(printfa.o)
    0x00000a34   0x00000a34   0x0000000e   Code   RO         1117    i.__scatterload_copy  mc_w.l(handlers.o)
    0x00000a42   0x00000a42   0x00000002   Code   RO         1118    i.__scatterload_null  mc_w.l(handlers.o)
    0x00000a44   0x00000a44   0x0000000e   Code   RO         1119    i.__scatterload_zeroinit  mc_w.l(handlers.o)
    0x00000a52   0x00000a52   0x00000002   PAD
    0x00000a54   0x00000a54   0x00000184   Code   RO         1049    i._fp_digits        mc_w.l(printfa.o)
    0x00000bd8   0x00000bd8   0x000006b4   Code   RO         1050    i._printf_core      mc_w.l(printfa.o)
    0x0000128c   0x0000128c   0x00000024   Code   RO         1051    i._printf_post_padding  mc_w.l(printfa.o)
    0x000012b0   0x000012b0   0x0000002e   Code   RO         1052    i._printf_pre_padding  mc_w.l(printfa.o)
    0x000012de   0x000012de   0x0000000a   Code   RO         1054    i._sputc            mc_w.l(printfa.o)
    0x000012e8   0x000012e8   0x00000076   Code   RO          330    i.apply_config      nrfx_uart.o
    0x0000135e   0x0000135e   0x00000002   PAD
    0x00001360   0x00001360   0x00000010   Code   RO          599    i.channel_port_get  nrfx_gpiote.o
    0x00001370   0x00001370   0x00000002   Code   RO            5    i.error_handler     main.o
    0x00001372   0x00001372   0x0000001a   Code   RO            6    i.gpio_init         main.o
    0x0000138c   0x0000138c   0x0000006c   Code   RO          332    i.interrupts_enable  nrfx_uart.o
    0x000013f8   0x000013f8   0x0000000e   Code   RO            7    i.jump_application  main.o
    0x00001406   0x00001406   0x00000024   Code   RO          600    i.latch_pending_read_and_check  nrfx_gpiote.o
    0x0000142a   0x0000142a   0x00000026   Code   RO            9    i.logPrint_debug    main.o
    0x00001450   0x00001450   0x0000006c   Code   RO           10    i.main              main.o
    0x000014bc   0x000014bc   0x0000003c   Code   RO          940    i.nrf52_configuration_249  system_nrf52.o
    0x000014f8   0x000014f8   0x0000003c   Code   RO          941    i.nrf52_errata_103  system_nrf52.o
    0x00001534   0x00001534   0x0000003c   Code   RO          942    i.nrf52_errata_115  system_nrf52.o
    0x00001570   0x00001570   0x0000003c   Code   RO          943    i.nrf52_errata_120  system_nrf52.o
    0x000015ac   0x000015ac   0x0000003c   Code   RO          944    i.nrf52_errata_136  system_nrf52.o
    0x000015e8   0x000015e8   0x0000003c   Code   RO          945    i.nrf52_errata_36   system_nrf52.o
    0x00001624   0x00001624   0x0000003c   Code   RO          946    i.nrf52_errata_66   system_nrf52.o
    0x00001660   0x00001660   0x0000003c   Code   RO          947    i.nrf52_errata_98   system_nrf52.o
    0x0000169c   0x0000169c   0x00000010   Code   RO          601    i.nrf_bitmask_bit_is_set  nrfx_gpiote.o
    0x000016ac   0x000016ac   0x00000040   Code   RO          293    i.nrf_drv_uart_init  nrf_drv_uart.o
    0x000016ec   0x000016ec   0x00000032   Code   RO          333    i.nrf_gpio_cfg      nrfx_uart.o
    0x0000171e   0x0000171e   0x00000012   Code   RO          335    i.nrf_gpio_cfg_input  nrfx_uart.o
    0x00001730   0x00001730   0x00000014   Code   RO          336    i.nrf_gpio_cfg_output  nrfx_uart.o
    0x00001744   0x00001744   0x00000030   Code   RO          604    i.nrf_gpio_cfg_sense_set  nrfx_gpiote.o
    0x00001774   0x00001774   0x0000002c   Code   RO          605    i.nrf_gpio_latches_read_and_clear  nrfx_gpiote.o
    0x000017a0   0x000017a0   0x0000001c   Code   RO           11    i.nrf_gpio_pin_port_decode  main.o
    0x000017bc   0x000017bc   0x0000001c   Code   RO          337    i.nrf_gpio_pin_port_decode  nrfx_uart.o
    0x000017d8   0x000017d8   0x0000001c   Code   RO          607    i.nrf_gpio_pin_port_decode  nrfx_gpiote.o
    0x000017f4   0x000017f4   0x00000014   Code   RO          338    i.nrf_gpio_pin_set  nrfx_uart.o
    0x00001808   0x00001808   0x00000014   Code   RO          611    i.nrf_gpiote_event_clear  nrfx_gpiote.o
    0x0000181c   0x0000181c   0x00000014   Code   RO          612    i.nrf_gpiote_event_is_set  nrfx_gpiote.o
    0x00001830   0x00001830   0x0000000a   Code   RO          339    i.nrf_uart_event_check  nrfx_uart.o
    0x0000183a   0x0000183a   0x0000000c   Code   RO          340    i.nrf_uart_event_clear  nrfx_uart.o
    0x00001846   0x00001846   0x0000000c   Code   RO          341    i.nrf_uart_int_enable_check  nrfx_uart.o
    0x00001852   0x00001852   0x00000002   PAD
    0x00001854   0x00001854   0x00000060   Code   RO          343    i.nrfx_uart_init    nrfx_uart.o
    0x000018b4   0x000018b4   0x00000080   Code   RO          349    i.nrfx_uart_tx      nrfx_uart.o
    0x00001934   0x00001934   0x00000020   Code   RO          351    i.nrfx_uart_tx_in_progress  nrfx_uart.o
    0x00001954   0x00001954   0x000000ac   Code   RO          645    i.port_event_handle  nrfx_gpiote.o
    0x00001a00   0x00001a00   0x00000014   Code   RO          646    i.port_handler_pin_get  nrfx_gpiote.o
    0x00001a14   0x00001a14   0x00000010   Code   RO          647    i.port_handler_polarity_get  nrfx_gpiote.o
    0x00001a24   0x00001a24   0x00000034   Code   RO          354    i.rx_byte           nrfx_uart.o
    0x00001a58   0x00001a58   0x00000014   Code   RO          355    i.rx_done_event     nrfx_uart.o
    0x00001a6c   0x00001a6c   0x00000020   Code   RO           12    i.send_data         main.o
    0x00001a8c   0x00001a8c   0x0000000c   Code   RO          245    i.systick_Gettick   it.o
    0x00001a98   0x00001a98   0x0000002c   Code   RO           13    i.systick_init      main.o
    0x00001ac4   0x00001ac4   0x0000003a   Code   RO          357    i.tx_blocking       nrfx_uart.o
    0x00001afe   0x00001afe   0x00000022   Code   RO          358    i.tx_byte           nrfx_uart.o
    0x00001b20   0x00001b20   0x00000018   Code   RO          359    i.tx_done_event     nrfx_uart.o
    0x00001b38   0x00001b38   0x00000030   Code   RO          294    i.uart_evt_handler  nrf_drv_uart.o
    0x00001b68   0x00001b68   0x00000014   Code   RO           14    i.uart_handler      main.o
    0x00001b7c   0x00001b7c   0x00000044   Code   RO           15    i.uart_init         main.o
    0x00001bc0   0x00001bc0   0x00000132   Code   RO          360    i.uart_irq_handler  nrfx_uart.o
    0x00001cf2   0x00001cf2   0x00000002   PAD
    0x00001cf4   0x00001cf4   0x00000008   Data   RO          649    .constdata          nrfx_gpiote.o
    0x00001cfc   0x00001cfc   0x00000020   Data   RO         1115    Region$$Table       anon$$obj.o


    Execution Region RW_IRAM1 (Exec base: 0x20000000, Load base: 0x00001d1c, Size: 0x000020b0, Max: 0x00040000, ABSOLUTE)

    Exec Addr    Load Addr    Size         Type   Attr      Idx    E Section Name        Object

    0x20000000   0x00001d1c   0x00000010   Data   RW           16    .data               main.o
    0x20000010   0x00001d2c   0x00000004   Data   RW          246    .data               it.o
    0x20000014   0x00001d30   0x00000010   Data   RW          295    .data               nrf_drv_uart.o
    0x20000024   0x00001d40   0x00000004   Data   RW          950    .data               system_nrf52.o
    0x20000028        -       0x0000002c   Zero   RW          361    .bss                nrfx_uart.o
    0x20000054        -       0x0000005c   Zero   RW          648    .bss                nrfx_gpiote.o
    0x200000b0        -       0x00002000   Zero   RW          928    STACK               arm_startup_nrf52840.o


==============================================================================

Image component sizes


      Code (inc. data)   RO Data    RW Data    ZI Data      Debug   Object Name

        36          8        512          0       8192        856   arm_startup_nrf52840.o
        28         12          0          4          0       1304   it.o
       402         70          0         16          0      97717   main.o
       112         12          0         16          0       5668   nrf_drv_uart.o
       604         52          8          0         92      20712   nrfx_gpiote.o
      1162         36          0          0         44      59724   nrfx_uart.o
       868        140          0          4          0       8951   system_nrf52.o

    ----------------------------------------------------------------------
      3220        330        552         40       8328     194932   Object Totals
         0          0         32          0          0          0   (incl. Generated)
         8          0          0          0          0          0   (incl. Padding)

    ----------------------------------------------------------------------

      Code (inc. data)   RO Data    RW Data    ZI Data      Debug   Library Member Name

         0          0          0          0          0          0   entry.o
         0          0          0          0          0          0   entry10a.o
         0          0          0          0          0          0   entry11a.o
         4          0          0          0          0          0   entry12b.o
         8          4          0          0          0          0   entry2.o
         4          0          0          0          0          0   entry5.o
         0          0          0          0          0          0   entry7b.o
         0          0          0          0          0          0   entry8b.o
         8          4          0          0          0          0   entry9a.o
        30          0          0          0          0          0   handlers.o
        36          8          0          0          0         68   init.o
         0          0          0          0          0          0   iusefp.o
        30          0          0          0          0         68   llshl.o
        36          0          0          0          0         68   llsshr.o
        32          0          0          0          0         68   llushr.o
        36          0          0          0          0         68   memcpya.o
      2232         86          0          0          0        528   printfa.o
        14          0          0          0          0         68   strlen.o
        44          0          0          0          0         80   uidiv.o
        98          0          0          0          0         92   uldiv.o
        48          0          0          0          0         68   cdrcmple.o
       334          0          0          0          0        148   dadd.o
       222          0          0          0          0        100   ddiv.o
       186          0          0          0          0        176   depilogue.o
        48          0          0          0          0         68   dfixul.o
       228          0          0          0          0         96   dmul.o

    ----------------------------------------------------------------------
      3680        102          0          0          0       1764   Library Totals
         2          0          0          0          0          0   (incl. Padding)

    ----------------------------------------------------------------------

      Code (inc. data)   RO Data    RW Data    ZI Data      Debug   Library Name

      2612        102          0          0          0       1108   mc_w.l
      1066          0          0          0          0        656   mf_w.l

    ----------------------------------------------------------------------
      3680        102          0          0          0       1764   Library Totals

    ----------------------------------------------------------------------

==============================================================================


      Code (inc. data)   RO Data    RW Data    ZI Data      Debug   

      6900        432        552         40       8328     190816   Grand Totals
      6900        432        552         40       8328     190816   ELF Image Totals
      6900        432        552         40          0          0   ROM Totals

==============================================================================

    Total RO  Size (Code + RO Data)                 7452 (   7.28kB)
    Total RW  Size (RW Data + ZI Data)              8368 (   8.17kB)
    Total ROM Size (Code + RO Data + RW Data)       7492 (   7.32kB)

==============================================================================

